[    0.000000] Initializing cgroup subsys cpuset
[    0.000000] Initializing cgroup subsys cpu
[    0.000000] Initializing cgroup subsys cpuacct
[    0.000000] Linux version 4.4.0-150-generic (buildd@lgw01-amd64-033) (gcc version 5.4.0 20160609 (Ubuntu 5.4.0-6ubuntu1~16.04.10) ) #176-Ubuntu SMP Wed May 29 18:56:05 UTC 2019 (Ubuntu 4.4.0-150.176-generic 4.4.179)
[    0.000000] KERNEL supported cpus:
[    0.000000]   Intel GenuineIntel
[    0.000000]   AMD AuthenticAMD
[    0.000000]   NSC Geode by NSC
[    0.000000]   Cyrix CyrixInstead
[    0.000000]   Centaur CentaurHauls
[    0.000000]   Transmeta GenuineTMx86
[    0.000000]   Transmeta TransmetaCPU
[    0.000000]   UMC UMC UMC UMC
[    0.000000] x86/fpu: xstate_offset[2]:  576, xstate_sizes[2]:  256
[    0.000000] x86/fpu: Supporting XSAVE feature 0x01: 'x87 floating point registers'
[    0.000000] x86/fpu: Supporting XSAVE feature 0x02: 'SSE registers'
[    0.000000] x86/fpu: Supporting XSAVE feature 0x04: 'AVX registers'
[    0.000000] x86/fpu: Enabled xstate features 0x7, context size is 832 bytes, using 'standard' format.
[    0.000000] e820: BIOS-provided physical RAM map:
[    0.000000] BIOS-e820: [mem 0x0000000000000000-0x000000000009fbff] usable
[    0.000000] BIOS-e820: [mem 0x000000000009fc00-0x000000000009ffff] reserved
[    0.000000] BIOS-e820: [mem 0x00000000000f0000-0x00000000000fffff] reserved
[    0.000000] BIOS-e820: [mem 0x0000000000100000-0x000000003ffeffff] usable
[    0.000000] BIOS-e820: [mem 0x000000003fff0000-0x000000003fffffff] ACPI data
[    0.000000] BIOS-e820: [mem 0x00000000fec00000-0x00000000fec00fff] reserved
[    0.000000] BIOS-e820: [mem 0x00000000fee00000-0x00000000fee00fff] reserved
[    0.000000] BIOS-e820: [mem 0x00000000fffc0000-0x00000000ffffffff] reserved
[    0.000000] NX (Execute Disable) protection: active
[    0.000000] SMBIOS 2.5 present.
[    0.000000] Hypervisor detected: KVM
[    0.000000] e820: last_pfn = 0x3fff0 max_arch_pfn = 0x1000000
[    0.000000] MTRR: Disabled
[    0.000000] x86/PAT: MTRRs disabled, skipping PAT initialization too.
[    0.000000] CPU MTRRs all blank - virtualized system.
[    0.000000] x86/PAT: Configuration [0-7]: WB  WT  UC- UC  WB  WT  UC- UC  
[    0.000000] found SMP MP-table at [mem 0x0009fff0-0x0009ffff] mapped at [c009fff0]
[    0.000000] Scanning 1 areas for low memory corruption
[    0.000000] RAMDISK: [mem 0x36316000-0x37182fff]
[    0.000000] ACPI: Early table checksum verification disabled
[    0.000000] ACPI: RSDP 0x00000000000E0000 000024 (v02 VBOX  )
[    0.000000] ACPI: XSDT 0x000000003FFF0030 00003C (v01 VBOX   VBOXXSDT 00000001 ASL  00000061)
[    0.000000] ACPI: FACP 0x000000003FFF00F0 0000F4 (v04 VBOX   VBOXFACP 00000001 ASL  00000061)
[    0.000000] ACPI: DSDT 0x000000003FFF0470 0022EA (v02 VBOX   VBOXBIOS 00000002 INTL 20180105)
[    0.000000] ACPI: FACS 0x000000003FFF0200 000040
[    0.000000] ACPI: FACS 0x000000003FFF0200 000040
[    0.000000] ACPI: APIC 0x000000003FFF0240 00005C (v02 VBOX   VBOXAPIC 00000001 ASL  00000061)
[    0.000000] ACPI: SSDT 0x000000003FFF02A0 0001CC (v01 VBOX   VBOXCPUT 00000002 INTL 20180105)
[    0.000000] 131MB HIGHMEM available.
[    0.000000] 891MB LOWMEM available.
[    0.000000]   mapped low ram: 0 - 37bfe000
[    0.000000]   low ram: 0 - 37bfe000
[    0.000000] kvm-clock: Using msrs 4b564d01 and 4b564d00
[    0.000000] kvm-clock: cpu 0, msr 0:37bfd001, primary cpu clock
[    0.000000] kvm-clock: using sched offset of 4053852235 cycles
[    0.000000] clocksource: kvm-clock: mask: 0xffffffffffffffff max_cycles: 0x1cd42e4dffb, max_idle_ns: 881590591483 ns
[    0.000000] Zone ranges:
[    0.000000]   DMA      [mem 0x0000000000001000-0x0000000000ffffff]
[    0.000000]   Normal   [mem 0x0000000001000000-0x0000000037bfdfff]
[    0.000000]   HighMem  [mem 0x0000000037bfe000-0x000000003ffeffff]
[    0.000000] Movable zone start for each node
[    0.000000] Early memory node ranges
[    0.000000]   node   0: [mem 0x0000000000001000-0x000000000009efff]
[    0.000000]   node   0: [mem 0x0000000000100000-0x000000003ffeffff]
[    0.000000] Initmem setup node 0 [mem 0x0000000000001000-0x000000003ffeffff]
[    0.000000] Using APIC driver default
[    0.000000] ACPI: PM-Timer IO Port: 0x4008
[    0.000000] IOAPIC[0]: apic_id 2, version 32, address 0xfec00000, GSI 0-23
[    0.000000] ACPI: INT_SRC_OVR (bus 0 bus_irq 0 global_irq 2 dfl dfl)
[    0.000000] ACPI: INT_SRC_OVR (bus 0 bus_irq 9 global_irq 9 low level)
[    0.000000] Using ACPI (MADT) for SMP configuration information
[    0.000000] smpboot: Allowing 2 CPUs, 0 hotplug CPUs
[    0.000000] PM: Registered nosave memory: [mem 0x00000000-0x00000fff]
[    0.000000] PM: Registered nosave memory: [mem 0x0009f000-0x0009ffff]
[    0.000000] PM: Registered nosave memory: [mem 0x000a0000-0x000effff]
[    0.000000] PM: Registered nosave memory: [mem 0x000f0000-0x000fffff]
[    0.000000] e820: [mem 0x40000000-0xfebfffff] available for PCI devices
[    0.000000] Booting paravirtualized kernel on KVM
[    0.000000] clocksource: refined-jiffies: mask: 0xffffffff max_cycles: 0xffffffff, max_idle_ns: 7645519600211568 ns
[    0.000000] setup_percpu: NR_CPUS:8 nr_cpumask_bits:8 nr_cpu_ids:2 nr_node_ids:1
[    0.000000] PERCPU: Embedded 19 pages/cpu @f71b0000 s47308 r0 d30516 u77824
[    0.000000] Built 1 zonelists in Zone order, mobility grouping on.  Total pages: 259800
[    0.000000] Kernel command line: BOOT_IMAGE=/boot/vmlinuz-4.4.0-150-generic root=UUID=18e9ec2c-7314-44b9-91eb-fe8d2a415144 ro console=tty1 console=ttyS0
[    0.000000] PID hash table entries: 4096 (order: 2, 16384 bytes)
[    0.000000] Dentry cache hash table entries: 131072 (order: 7, 524288 bytes)
[    0.000000] Inode-cache hash table entries: 65536 (order: 6, 262144 bytes)
[    0.000000] Initializing CPU#0
[    0.000000] Initializing HighMem for node 0 (00037bfe:0003fff0)
[    0.000000] Initializing Movable for node 0 (00000000:00000000)
[    0.000000] Memory: 1007972K/1048120K available (8103K kernel code, 793K rwdata, 3204K rodata, 936K init, 784K bss, 40148K reserved, 0K cma-reserved, 135112K highmem)
[    0.000000] virtual kernel memory layout:
[    0.000000]     fixmap  : 0xfff15000 - 0xfffff000   ( 936 kB)
[    0.000000]     pkmap   : 0xffc00000 - 0xffe00000   (2048 kB)
[    0.000000]     vmalloc : 0xf83fe000 - 0xffbfe000   ( 120 MB)
[    0.000000]     lowmem  : 0xc0000000 - 0xf7bfe000   ( 891 MB)
[    0.000000]       .init : 0xc1bd5000 - 0xc1cbf000   ( 936 kB)
[    0.000000]       .data : 0xc17ea308 - 0xc1bd3580   (4004 kB)
[    0.000000]       .text : 0xc1000000 - 0xc17ea308   (8104 kB)
[    0.000000] Checking if this processor honours the WP bit even in supervisor mode...Ok.
[    0.000000] SLUB: HWalign=64, Order=0-3, MinObjects=0, CPUs=2, Nodes=1
[    0.000000] Hierarchical RCU implementation.
[    0.000000] 	Build-time adjustment of leaf fanout to 32.
[    0.000000] 	RCU restricting CPUs from NR_CPUS=8 to nr_cpu_ids=2.
[    0.000000] RCU: Adjusting geometry for rcu_fanout_leaf=32, nr_cpu_ids=2
[    0.000000] NR_IRQS:2304 nr_irqs:440 16
[    0.000000] Console: colour VGA+ 80x25
[    0.000000] console [tty1] enabled
[    0.000000] console [ttyS0] enabled
[    0.000000] allocated 1048576 bytes of page_ext
[    0.000000] tsc: Detected 2194.918 MHz processor
[    0.166995] Calibrating delay loop (skipped) preset value.. 4389.83 BogoMIPS (lpj=8779672)
[    0.168676] pid_max: default: 32768 minimum: 301
[    0.169624] ACPI: Core revision 20150930
[    0.171433] ACPI: 2 ACPI AML tables successfully acquired and loaded
[    0.172752] Security Framework initialized
[    0.173589] Yama: becoming mindful.
[    0.174353] AppArmor: AppArmor initialized
[    0.175217] Mount-cache hash table entries: 2048 (order: 1, 8192 bytes)
[    0.176393] Mountpoint-cache hash table entries: 2048 (order: 1, 8192 bytes)
[    0.177824] Initializing cgroup subsys io
[    0.178652] Initializing cgroup subsys memory
[    0.179530] Initializing cgroup subsys devices
[    0.180409] Initializing cgroup subsys freezer
[    0.181322] Initializing cgroup subsys net_cls
[    0.182204] Initializing cgroup subsys perf_event
[    0.183125] Initializing cgroup subsys net_prio
[    0.184021] Initializing cgroup subsys hugetlb
[    0.184924] Initializing cgroup subsys pids
[    0.187828] mce: CPU supports 0 MCE banks
[    0.188677] Last level iTLB entries: 4KB 64, 2MB 8, 4MB 8
[    0.189733] Last level dTLB entries: 4KB 64, 2MB 0, 4MB 0, 1GB 4
[    0.190836] Spectre V2 : Mitigation: Full generic retpoline
[    0.191873] Spectre V2 : Spectre v2 / SpectreRSB mitigation: Filling RSB on context switch
[    0.193519] Speculative Store Bypass: Vulnerable
[    0.194500] MDS: Vulnerable: Clear CPU buffers attempted, no microcode
[    0.199351] Freeing SMP alternatives memory: 36K
[    0.205922] ftrace: allocating 31571 entries in 62 pages
[    0.269041] smpboot: APIC(0) Converting physical 0 to logical package 0
[    0.270253] smpboot: Max logical packages: 1
[    0.271127] Enabling APIC mode:  Flat.  Using 1 I/O APICs
[    0.273424] ..TIMER: vector=0x30 apic1=0 pin1=2 apic2=-1 pin2=-1
[    0.380652] smpboot: CPU0: Intel(R) Core(TM) i5-5200U CPU @ 2.20GHz (family: 0x6, model: 0x3d, stepping: 0x4)
[    0.382779] Performance Events: unsupported p6 CPU model 61 no PMU driver, software events only.
[    0.394013] KVM setup paravirtual spinlock
[    0.395704] x86: Booting SMP configuration:
[    0.396561] .... node  #0, CPUs:      #1
[1266874885.655699] Initializing CPU#1
[    0.398111] kvm-clock: cpu 1, msr 0:37bfd041, secondary cpu clock
[    0.401293] mce: CPU supports 0 MCE banks
[    0.403970] x86: Booted up 1 node, 2 CPUs
[    0.405033] smpboot: Total of 2 processors activated (8779.67 BogoMIPS)
[    0.406695] devtmpfs: initialized
[    0.407637] evm: security.selinux
[    0.408399] evm: security.SMACK64
[    0.409151] evm: security.SMACK64EXEC
[    0.409926] evm: security.SMACK64TRANSMUTE
[    0.410755] evm: security.SMACK64MMAP
[    0.411532] evm: security.ima
[    0.412226] evm: security.capability
[    0.413285] clocksource: jiffies: mask: 0xffffffff max_cycles: 0xffffffff, max_idle_ns: 7645041785100000 ns
[    0.415125] futex hash table entries: 512 (order: 3, 32768 bytes)
[    0.416420] pinctrl core: initialized pinctrl subsystem
[    0.417584] RTC time: 13:09:47, date: 06/24/19
[    0.418635] NET: Registered protocol family 16
[    0.419709] EISA bus registered
[    0.429073] cpuidle: using governor ladder
[    0.443179] cpuidle: using governor menu
[    0.444278] PCCT header not found.
[    0.445287] ACPI: bus type PCI registered
[    0.446251] acpiphp: ACPI Hot Plug PCI Controller Driver version: 0.5
[    0.447943] PCI : PCI BIOS area is rw and x. Use pci=nobios if you want it NX.
[    0.449696] PCI: PCI BIOS revision 2.10 entry at 0xfda26, last bus=0
[    0.451076] PCI: Using configuration type 1 for base access
[    0.466164] ACPI: Added _OSI(Module Device)
[    0.467445] ACPI: Added _OSI(Processor Device)
[    0.468729] ACPI: Added _OSI(3.0 _SCP Extensions)
[    0.470210] ACPI: Added _OSI(Processor Aggregator Device)
[    0.472772] ACPI: Executed 1 blocks of module-level executable AML code
[    0.477499] ACPI: Interpreter enabled
[    0.478675] ACPI: (supports S0 S5)
[    0.479729] ACPI: Using IOAPIC for interrupt routing
[    0.481363] PCI: Using host bridge windows from ACPI; if necessary, use "pci=nocrs" and report a bug
[    0.489313] ACPI: PCI Root Bridge [PCI0] (domain 0000 [bus 00-ff])
[    0.504988] acpi PNP0A03:00: _OSC: OS supports [ASPM ClockPM Segments MSI]
[    0.507354] acpi PNP0A03:00: _OSC: not requesting OS control; OS requires [ExtendedConfig ASPM ClockPM MSI]
[    0.510077] acpi PNP0A03:00: fail to add MMCONFIG information, can't access extended PCI configuration space under this bridge.
[    0.512463] PCI host bridge to bus 0000:00
[    0.513332] pci_bus 0000:00: root bus resource [io  0x0000-0x0cf7 window]
[    0.514547] pci_bus 0000:00: root bus resource [io  0x0d00-0xffff window]
[    0.515767] pci_bus 0000:00: root bus resource [mem 0x000a0000-0x000bffff window]
[    0.517324] pci_bus 0000:00: root bus resource [mem 0x40000000-0xfdffffff window]
[    0.518845] pci_bus 0000:00: root bus resource [bus 00-ff]
[    0.522025] pci 0000:00:01.1: legacy IDE quirk: reg 0x10: [io  0x01f0-0x01f7]
[    0.523497] pci 0000:00:01.1: legacy IDE quirk: reg 0x14: [io  0x03f6]
[    0.524752] pci 0000:00:01.1: legacy IDE quirk: reg 0x18: [io  0x0170-0x0177]
[    0.526294] pci 0000:00:01.1: legacy IDE quirk: reg 0x1c: [io  0x0376]
[    0.549662] pci 0000:00:07.0: quirk: [io  0x4000-0x403f] claimed by PIIX4 ACPI
[    0.552440] pci 0000:00:07.0: quirk: [io  0x4100-0x410f] claimed by PIIX4 SMB
[    0.561357] ACPI: PCI Interrupt Link [LNKA] (IRQs 5 9 10 *11)
[    0.563126] ACPI: PCI Interrupt Link [LNKB] (IRQs 5 9 *10 11)
[    0.564682] ACPI: PCI Interrupt Link [LNKC] (IRQs 5 *9 10 11)
[    0.566244] ACPI: PCI Interrupt Link [LNKD] (IRQs 5 9 10 *11)
[    0.567863] ACPI: Enabled 2 GPEs in block 00 to 07
[    0.569264] vgaarb: setting as boot device: PCI:0000:00:02.0
[    0.570322] vgaarb: device added: PCI:0000:00:02.0,decodes=io+mem,owns=io+mem,locks=none
[    0.573382] vgaarb: loaded
[    0.574839] vgaarb: bridge control possible 0000:00:02.0
[    0.576126] SCSI subsystem initialized
[    0.577106] ACPI: bus type USB registered
[    0.577959] usbcore: registered new interface driver usbfs
[    0.579008] usbcore: registered new interface driver hub
[    0.580046] usbcore: registered new device driver usb
[    0.581405] PCI: Using ACPI for IRQ routing
[    0.582545] NetLabel: Initializing
[    0.583300] NetLabel:  domain hash size = 128
[    0.584184] NetLabel:  protocols = UNLABELED CIPSOv4
[    0.585164] NetLabel:  unlabeled traffic allowed by default
[    0.586425] amd_nb: Cannot enumerate AMD northbridges
[    0.587465] clocksource: Switched to clocksource kvm-clock
[    0.596476] AppArmor: AppArmor Filesystem Enabled
[    0.597486] pnp: PnP ACPI init
[    0.598936] pnp: PnP ACPI: found 3 devices
[    0.599806] PnPBIOS: Disabled by ACPI PNP
[    0.642416] clocksource: acpi_pm: mask: 0xffffff max_cycles: 0xffffff, max_idle_ns: 2085701024 ns
[    0.644445] NET: Registered protocol family 2
[    0.645507] TCP established hash table entries: 8192 (order: 3, 32768 bytes)
[    0.646846] TCP bind hash table entries: 8192 (order: 4, 65536 bytes)
[    0.648045] TCP: Hash tables configured (established 8192 bind 8192)
[    0.649206] UDP hash table entries: 512 (order: 2, 16384 bytes)
[    0.650291] UDP-Lite hash table entries: 512 (order: 2, 16384 bytes)
[    0.651484] NET: Registered protocol family 1
[    0.652400] pci 0000:00:00.0: Limiting direct PCI/PCI transfers
[    0.653509] pci 0000:00:01.0: Activating ISA DMA hang workarounds
[    0.655322] Unpacking initramfs...
[    0.905807] Freeing initrd memory: 14772K
[    0.906972] RAPL PMU detected, API unit is 2^-32 Joules, 4 fixed counters 10737418240 ms ovfl timer
[    0.908785] hw unit of domain pp0-core 2^-0 Joules
[    0.909735] hw unit of domain package 2^-0 Joules
[    0.910655] hw unit of domain dram 2^-0 Joules
[    0.911554] hw unit of domain pp1-gpu 2^-0 Joules
[    0.912556] clocksource: tsc: mask: 0xffffffffffffffff max_cycles: 0x1fa37202099, max_idle_ns: 440795206796 ns
[    0.914507] platform rtc_cmos: registered platform RTC device (no PNP device found)
[    0.916103] Scanning for low memory corruption every 60 seconds
[    0.917708] audit: initializing netlink subsys (disabled)
[    0.918750] audit: type=2000 audit(1561381793.141:1): initialized
[    0.920228] Initialise system trusted keyring
[    0.921432] HugeTLB registered 2 MB page size, pre-allocated 0 pages
[    0.923990] zbud: loaded
[    0.924837] VFS: Disk quotas dquot_6.6.0
[    0.925688] VFS: Dquot-cache hash table entries: 1024 (order 0, 4096 bytes)
[    0.927162] squashfs: version 4.0 (2009/01/31) Phillip Lougher
[    0.928621] fuse init (API version 7.23)
[    0.930093] Key type big_key registered
[    0.930934] Allocating IMA MOK and blacklist keyrings.
[    0.934231] Key type asymmetric registered
[    0.935089] Asymmetric key parser 'x509' registered
[    0.936116] bounce: pool size: 64 pages
[    0.936971] Block layer SCSI generic (bsg) driver version 0.4 loaded (major 249)
[    0.938572] io scheduler noop registered
[    0.939415] io scheduler deadline registered (default)
[    0.940490] io scheduler cfq registered
[    0.941409] pci_hotplug: PCI Hot Plug PCI Core version: 0.5
[    0.942460] pciehp: PCI Express Hot Plug Controller Driver version: 0.4
[    0.943829] ACPI: AC Adapter [AC] (off-line)
[    0.944759] input: Power Button as /devices/LNXSYSTM:00/LNXPWRBN:00/input/input0
[    0.946271] ACPI: Power Button [PWRF]
[    0.947146] input: Sleep Button as /devices/LNXSYSTM:00/LNXSLPBN:00/input/input1
[    0.948712] ACPI: Sleep Button [SLPF]
[    0.950327] ACPI: Battery Slot [BAT0] (battery present)
[    0.951371] GHES: HEST is not enabled!
[    0.952266] isapnp: Scanning for PnP cards...
[    0.958749] Serial: 8250/16550 driver, 32 ports, IRQ sharing enabled
 	
 !"#$%&'()*+,-./0123456789:;<=>?@ABCDEFGHIJKLMNOPQRSTUVWXYZ[\]^_`abcdefghijklmnopqrstuvwxyz{|}~ÄÅÇÉÑÖÜáàâäãåçéèêëíìîïñóòôöõúùûü†°¢£§•¶ß®©™´¨≠ÆØ∞±≤≥¥µ∂∑∏π∫ªºΩæø¿¡¬√ƒ≈∆«»… ÀÃÕŒœ–—“”‘’÷◊ÿŸ⁄€‹›ﬁﬂ‡·‚„‰ÂÊÁËÈÍÎÏÌÓÔÒÚÛÙıˆ˜¯˘˙˚¸˝˛ˇ[    0.983012] 00:02: ttyS0 at I/O 0x3f8 (irq = 4, base_baud = 115200) is a 16550A
[    0.988677] Linux agpgart interface v0.103
[    0.991029] loop: module loaded
[    0.992446] scsi host0: ata_piix
[    0.993368] scsi host1: ata_piix
[    0.994255] ata1: PATA max UDMA/33 cmd 0x1f0 ctl 0x3f6 bmdma 0xd000 irq 14
[    0.995765] ata2: PATA max UDMA/33 cmd 0x170 ctl 0x376 bmdma 0xd008 irq 15
[    0.997648] libphy: Fixed MDIO Bus: probed
[    0.998662] tun: Universal TUN/TAP device driver, 1.6
[    0.999842] tun: (C) 1999-2004 Max Krasnyansky <maxk@qualcomm.com>
[    1.001313] PPP generic driver version 2.4.2
[    1.002412] ehci_hcd: USB 2.0 'Enhanced' Host Controller (EHCI) Driver
[    1.004175] ehci-pci: EHCI PCI platform driver
[    1.005202] ehci-platform: EHCI generic platform driver
[    1.006212] ohci_hcd: USB 1.1 'Open' Host Controller (OHCI) Driver
[    1.007375] ohci-pci: OHCI PCI platform driver
[    1.008326] ohci-platform: OHCI generic platform driver
[    1.009329] uhci_hcd: USB Universal Host Controller Interface driver
[    1.010563] i8042: PNP: PS/2 Controller [PNP0303:PS2K,PNP0f03:PS2M] at 0x60,0x64 irq 1,12
[    1.012711] serio: i8042 KBD port at 0x60,0x64 irq 1
[    1.013689] serio: i8042 AUX port at 0x60,0x64 irq 12
[    1.014780] mousedev: PS/2 mouse device common for all mice
[    1.016391] input: AT Translated Set 2 keyboard as /devices/platform/i8042/serio0/input/input2
[    1.018240] rtc_cmos rtc_cmos: rtc core: registered rtc_cmos as rtc0
[    1.019464] rtc_cmos rtc_cmos: alarms up to one day, 114 bytes nvram
[    1.020663] i2c /dev entries driver
[    1.021495] device-mapper: uevent: version 1.0.3
[    1.022471] device-mapper: ioctl: 4.34.0-ioctl (2015-10-28) initialised: dm-devel@redhat.com
[    1.024155] platform eisa.0: Probing EISA bus 0
[    1.025110] platform eisa.0: EISA: Cannot allocate resource for mainboard
[    1.026330] platform eisa.0: Cannot allocate resource for EISA slot 1
[    1.028441] platform eisa.0: Cannot allocate resource for EISA slot 2
[    1.030764] platform eisa.0: Cannot allocate resource for EISA slot 3
[    1.032028] platform eisa.0: Cannot allocate resource for EISA slot 4
[    1.033205] platform eisa.0: Cannot allocate resource for EISA slot 5
[    1.034370] platform eisa.0: Cannot allocate resource for EISA slot 6
[    1.035543] platform eisa.0: Cannot allocate resource for EISA slot 7
[    1.036764] platform eisa.0: Cannot allocate resource for EISA slot 8
[    1.037923] platform eisa.0: EISA: Detected 0 cards
[    1.038905] cpufreq-nforce2: No nForce2 chipset.
[    1.039817] ledtrig-cpu: registered to indicate activity on CPUs
[    1.041228] NET: Registered protocol family 10
[    1.042313] NET: Registered protocol family 17
[    1.043233] Key type dns_resolver registered
[    1.044294] Using IPI No-Shortcut mode
[    1.045206] registered taskstats version 1
[    1.046064] Loading compiled-in X.509 certificates
[    1.049527] Loaded X.509 cert 'Build time autogenerated kernel key: 4fd4c66aac61afe6d4aec09467b04aabcd7136c2'
[    1.051426] zswap: loaded using pool lzo/zbud
[    1.054212] Key type trusted registered
[    1.058477] Key type encrypted registered
[    1.059341] AppArmor: AppArmor sha1 policy hashing enabled
[    1.060422] ima: No TPM chip found, activating TPM-bypass!
[    1.061602] ima: Allocated hash algorithm: sha1
[    1.062510] evm: HMAC attrs: 0x1
[    1.064219]   Magic number: 7:797:180
[    1.066060] rtc_cmos rtc_cmos: setting system clock to 2019-06-24 13:09:48 UTC (1561381788)
[    1.068103] BIOS EDD facility v0.16 2004-Jun-25, 0 devices found
[    1.069216] EDD information not available.
[    1.310253] isapnp: No Plug & Play device found
[    1.311780] Freeing unused kernel memory: 936K
[    1.326940] Write protecting the kernel text: 8108k
[    1.329012] Write protecting the kernel read-only data: 3208k
[    1.331076] NX-protecting the kernel data: 6228k
Loading, please wait...
starting version 229
[    1.352009] random: systemd-udevd: uninitialized urandom read (16 bytes read, 0 bits of entropy available)
[    1.352456] random: udevadm: uninitialized urandom read (16 bytes read, 0 bits of entropy available)
[    1.356572] random: systemd-udevd: uninitialized urandom read (16 bytes read, 0 bits of entropy available)
[    1.358853] random: systemd-udevd: uninitialized urandom read (16 bytes read, 0 bits of entropy available)
[    1.363945] random: udevadm: uninitialized urandom read (16 bytes read, 0 bits of entropy available)
[    1.364002] random: udevadm: uninitialized urandom read (16 bytes read, 0 bits of entropy available)
[    1.364175] random: udevadm: uninitialized urandom read (16 bytes read, 0 bits of entropy available)
[    1.364238] random: udevadm: uninitialized urandom read (16 bytes read, 0 bits of entropy available)
[    1.364296] random: udevadm: uninitialized urandom read (16 bytes read, 0 bits of entropy available)
[    1.364360] random: udevadm: uninitialized urandom read (16 bytes read, 0 bits of entropy available)
[    1.412392] Fusion MPT base driver 3.04.20
[    1.413484] Copyright (c) 1999-2008 LSI Corporation
[    1.414840] e1000: Intel(R) PRO/1000 Network Driver - version 7.3.21-k8-NAPI
[    1.416170] e1000: Copyright (c) 1999-2006 Intel Corporation.
[    1.477941] Fusion MPT SPI Host driver 3.04.20
[    1.637571] input: ImExPS/2 Generic Explorer Mouse as /devices/platform/i8042/serio1/input/input4
[    1.793285] e1000 0000:00:03.0 eth0: (PCI:33MHz:32-bit) 02:93:d9:eb:1f:df
[    1.795135] e1000 0000:00:03.0 eth0: Intel(R) PRO/1000 Network Connection
[    1.797942] e1000 0000:00:03.0 enp0s3: renamed from eth0
[    1.799288] mptbase: ioc0: Initiating bringup
[    1.909561] ioc0: LSI53C1030 A0: Capabilities={Initiator}
[    3.753717] scsi host2: ioc0: LSI53C1030 A0, FwRev=00000000h, Ports=1, MaxQ=256, IRQ=20
[    4.420902] scsi 2:0:0:0: Direct-Access     VBOX     HARDDISK         1.0  PQ: 0 ANSI: 5
[    4.426989] scsi target2:0:0: Beginning Domain Validation
[    4.429491] scsi target2:0:0: Domain Validation skipping write tests
[    4.430917] scsi target2:0:0: Ending Domain Validation
[    4.432196] scsi target2:0:0: asynchronous
[    4.433651] scsi 2:0:1:0: Direct-Access     VBOX     HARDDISK         1.0  PQ: 0 ANSI: 5
[    4.435487] scsi target2:0:1: Beginning Domain Validation
[    4.437638] scsi target2:0:1: Domain Validation skipping write tests
[    4.439064] scsi target2:0:1: Ending Domain Validation
[    4.440363] scsi target2:0:1: asynchronous
[    4.447043] sd 2:0:0:0: [sda] 20971520 512-byte logical blocks: (10.7 GB/10.0 GiB)
[    4.447317] sd 2:0:0:0: Attached scsi generic sg0 type 0
[    4.448161] sd 2:0:1:0: Attached scsi generic sg1 type 0
[    4.448194] sd 2:0:1:0: [sdb] 20480 512-byte logical blocks: (10.5 MB/10.0 MiB)
[    4.448511] sd 2:0:1:0: [sdb] Write Protect is off
[    4.448626] sd 2:0:1:0: [sdb] Incomplete mode parameter data
[    4.448627] sd 2:0:1:0: [sdb] Assuming drive cache: write through
[    4.455760] sd 2:0:0:0: [sda] Write Protect is off
[    4.456846] sd 2:0:0:0: [sda] Incomplete mode parameter data
[    4.457955] sd 2:0:0:0: [sda] Assuming drive cache: write through
[    4.527949]  sda: sda1
[    4.533107] sd 2:0:0:0: [sda] Attached SCSI disk
[    4.544751] sd 2:0:1:0: [sdb] Attached SCSI disk
Begin: Loading essential drivers ... [    5.959040] md: linear personality registered for level -1
[    5.967060] md: multipath personality registered for level -4
[    5.973799] md: raid0 personality registered for level 0
[    5.984000] md: raid1 personality registered for level 1
[    6.063674] raid6: mmxx1    gen()  4267 MB/s
[    6.133322] raid6: mmxx2    gen()  4914 MB/s
[    6.206756] raid6: sse1x1   gen()  4684 MB/s
[    6.276652] raid6: sse1x2   gen()  4930 MB/s
[    6.346751] raid6: sse2x1   gen()  8571 MB/s
[    6.416763] raid6: sse2x1   xor()  5670 MB/s
[    6.485623] raid6: sse2x2   gen() 10436 MB/s
[    6.556697] raid6: sse2x2   xor()  7408 MB/s
[    6.626895] raid6: avx2x1   gen() 17157 MB/s
[    6.696669] raid6: avx2x2   gen() 19724 MB/s
[    6.697723] raid6: using algorithm avx2x2 gen() 19724 MB/s
[    6.698912] raid6: using avx2x1 recovery algorithm
[    6.703498] xor: automatically using best checksumming function:
[    6.743526]    avx       : 23158.000 MB/sec
[    6.747613] async_tx: api initialized (async)
[    6.771202] md: raid6 personality registered for level 6
[    6.772526] md: raid5 personality registered for level 5
[    6.773753] md: raid4 personality registered for level 4
[    6.786186] md: raid10 personality registered for level 10
done.
Begin: Running /scripts/init-premount ... done.
Begin: Mounting root file system ... Begin: Running /scripts/local-top ... done.
Begin: Running /scripts/local-premount ... [    6.836611] Btrfs loaded
Scanning for Btrfs filesystems
done.
Warning: fsck not present, so skipping root file system
[    6.977177] EXT4-fs (sda1): INFO: recovery required on readonly filesystem
[    6.979085] EXT4-fs (sda1): write access will be enabled during recovery
[    7.199677] EXT4-fs (sda1): orphan cleanup on readonly fs
[    7.227775] EXT4-fs (sda1): 14 orphan inodes deleted
[    7.230081] EXT4-fs (sda1): recovery complete
[    7.233645] EXT4-fs (sda1): mounted filesystem with ordered data mode. Opts: (null)
done.
Begin: Running /scripts/local-bottom ... done.
Begin: Running /scripts/init-bottom ... done.
[    7.920741] random: nonblocking pool is initialized
[    8.437799] systemd[1]: systemd 229 running in system mode. (+PAM +AUDIT +SELINUX +IMA +APPARMOR +SMACK +SYSVINIT +UTMP +LIBCRYPTSETUP +GCRYPT +GNUTLS +ACL +XZ -LZ4 +SECCOMP +BLKID +ELFUTILS +KMOD -IDN)
[    8.443362] systemd[1]: Detected virtualization oracle.
[    8.445109] systemd[1]: Detected architecture x86.

Welcome to [1mUbuntu 16.04.6 LTS[0m!

[    8.474925] systemd[1]: Set hostname to <ubuntu-xenial>.
[   10.114572] systemd[1]: Reached target Swap.
[[0;32m  OK  [0m] Reached target Swap.
[   10.117158] systemd[1]: Reached target User and Group Name Lookups.
[[0;32m  OK  [0m] Reached target User and Group Name Lookups.
[   10.119885] systemd[1]: Set up automount Arbitrary Executable File Formats File System Automount Point.
[[0;32m  OK  [0m] Set up automount Arbitrary Executab...ats File System Automount Point.
[   10.123634] systemd[1]: Created slice User and Session Slice.
[[0;32m  OK  [0m] Created slice User and Session Slice.
[   10.126165] systemd[1]: Started Trigger resolvconf update for networkd DNS.
[[0;32m  OK  [0m] Started Trigger resolvconf update for networkd DNS.
[   10.129018] systemd[1]: Listening on Journal Socket.
[[0;32m  OK  [0m] Listening on Journal Socket.
[   10.131140] systemd[1]: Reached target Encrypted Volumes.
[[0;32m  OK  [0m] Reached target Encrypted Volumes.
[   10.133487] systemd[1]: Listening on udev Kernel Socket.
[[0;32m  OK  [0m] Listening on udev Kernel Socket.
[   10.136064] systemd[1]: Created slice System Slice.
[[0;32m  OK  [0m] Created slice System Slice.
[   10.138414] systemd[1]: Created slice system-postgresql.slice.
[[0;32m  OK  [0m] Created slice system-postgresql.slice.
[   10.151622] systemd[1]: Mounting Debug File System...
         Mounting Debug File System...
[   10.154870] systemd[1]: Started Forward Password Requests to Wall Directory Watch.
[[0;32m  OK  [0m] Started Forward Password Requests to Wall Directory Watch.
[   10.161280] systemd[1]: Starting Create list of required static device nodes for the current kernel...
         Starting Create list of required st... nodes for the current kernel...
[   10.165577] systemd[1]: Reached target System Time Synchronized.
[[0;32m  OK  [0m] Reached target System Time Synchronized.
[   10.168817] systemd[1]: Starting Uncomplicated firewall...
         Starting Uncomplicated firewall...
[   10.170942] systemd[1]: Reached target Slices.
[[0;32m  OK  [0m] Reached target Slices.
[   10.173059] systemd[1]: Listening on Journal Audit Socket.
[[0;32m  OK  [0m] Listening on Journal Audit Socket.
[   10.175724] systemd[1]: Created slice system-serial\x2dgetty.slice.
[[0;32m  OK  [0m] Created slice system-serial\x2dgetty.slice.
[   10.178416] systemd[1]: Listening on Device-mapper event daemon FIFOs.
[[0;32m  OK  [0m] Listening on Device-mapper event daemon FIFOs.
[   10.181121] systemd[1]: Listening on udev Control Socket.
[[0;32m  OK  [0m] Listening on udev Control Socket.
[   10.183367] systemd[1]: Listening on Syslog Socket.
[[0;32m  OK  [0m] Listening on Syslog Socket.
[   10.186181] systemd[1]: Starting Set console keymap...
         Starting Set console keymap...
[   10.188398] systemd[1]: Listening on LVM2 poll daemon socket.
[[0;32m  OK  [0m] Listening on LVM2 poll daemon socket.
[   10.191604] systemd[1]: Starting Remount Root and Kernel File Systems...
         Starting Remount Root and Kernel File Systems...
[   10.195279] systemd[1]: Mounting Huge Pages File System...
         Mounting Huge Pages File System...
[   10.197608] systemd[1]: Listening on /dev/initctl Compatibility Named Pipe.
[[0;32m  OK  [0m] Listening on /dev/initctl Compatibility Named Pipe.
[   10.200643] systemd[1]: Listening on Journal Socket (/dev/log).
[[0;32m  OK  [0m] Listening on Journal Socket (/dev/log).
[   10.203951] systemd[1]: Mounting POSIX Message Queue File System...
         Mounting POSIX Message Queue File System...
[   10.280046] systemd[1]: Starting Journal Service...
         Starting Journal Service...
[   10.407548] systemd[1]: Starting Load Kernel Modules...
         Starting Load Kernel Modules...
[   10.410197] systemd[1]: Listening on LVM2 metadata daemon socket.
[[0;32m  OK  [0m] Listening on LVM2 metadata daemon socket.
[   10.413874] systemd[1]: Starting Monitoring of LVM2 mirrors, snapshots etc. using dmeventd or progress polling...
         Starting Monitoring of LVM2 mirrors... dmeventd or progress polling...
[   10.419512] systemd[1]: Starting Nameserver information manager...
         Starting Nameserver information manager...
[   10.424882] systemd[1]: Started Create list of required static device nodes for the current kernel.
[[0;32m  OK  [0m] Started Create list of required sta...ce nodes for the current kernel.
[   10.430781] systemd[1]: Started Uncomplicated firewall.
[[0;32m  OK  [0m] Started Uncomplicated firewall.
[   10.474785] systemd[1]: Mounted POSIX Message Queue File System.
[   10.475525] EXT4-fs (sda1): re-mounted. Opts: (null)
[[0;32m  OK  [0m] Mounted POSIX Message Queue File System.
[   10.480483] systemd[1]: Mounted Debug File System.
[[0;32m  OK  [0m] Mounted Debug File System.
[   10.482556] systemd[1]: Mounted Huge Pages File System.
[[0;32m  OK  [0m] Mounted Huge Pages File System.
[   10.485604] systemd[1]: Started Remount Root and Kernel File Systems.
[[0;32m  OK  [0m] Started Remount Root and Kernel File Systems.
[   10.539543] systemd[1]: Starting Load/Save Random Seed...
         Starting Load/Save Random Seed...
[   10.588191] systemd[1]: Starting udev Coldplug all Devices...
         Starting udev Coldplug all Devices...
[   10.595447] systemd[1]: Starting Create Static Device Nodes in /dev...
         Starting Create Static Device Nodes in /dev...
[   10.600722] systemd[1]: Started Nameserver information manager.
[[0;32m  OK  [0m] Started Nameserver information manager.
[   10.689199] systemd[1]: Started Load/Save Random Seed.
[[0;32m  OK  [0m] Started Load/Save Random Seed.
[   10.844223] Loading iSCSI transport class v2.0-870.
[   10.930077] systemd[1]: Started udev Coldplug all Devices.
[[0;32m  OK  [0m] Started udev Coldplug all Devices.
[   10.935421] iscsi: registered transport (tcp)
[   10.976183] systemd[1]: Started Journal Service.
[[0;32m  OK  [0m] Started Journal Service.
         Starting Flush Journal to Persistent Storage...
[[0;32m  OK  [0m] Started Set console keymap.
[   11.243156] iscsi: registered transport (iser)
[[0;32m  OK  [0m] Started Load Kernel Modules.
[[0;32m  OK  [0m] Started LVM2 metadata daemon.
         Starting Apply Kernel Variables...
         Mounting FUSE Control File System...
[[0;32m  OK  [0m] Mounted FUSE Control File System.
[   11.281581] systemd-journald[392]: Received request to flush runtime journal from PID 1
[[0;32m  OK  [0m] Started Flush Journal to Persistent Storage.
[[0;32m  OK  [0m] Started Create Static Device Nodes in /dev.
         Starting udev Kernel Device Manager...
[[0;32m  OK  [0m] Started Apply Kernel Variables.
[[0;32m  OK  [0m] Started Monitoring of LVM2 mirrors,...ng dmeventd or progress polling.
[[0;32m  OK  [0m] Reached target Local File Systems (Pre).
[[0;32m  OK  [0m] Reached target Local File Systems.
         Starting Tell Plymouth To Write Out Runtime Data...
         Starting Initial cloud-init job (pre-networking)...
         Starting Set console font and keymap...
         Starting LSB: AppArmor initialization...
         Starting Create Volatile Files and Directories...
[[0;32m  OK  [0m] Started Tell Plymouth To Write Out Runtime Data.
[[0;32m  OK  [0m] Started udev Kernel Device Manager.
[[0;32m  OK  [0m] Started Dispatch Password Requests to Console Directory Watch.
[[0;32m  OK  [0m] Started Create Volatile Files and Directories.
         Starting Update UTMP about System Boot/Shutdown...
[[0;32m  OK  [0m] Found device /dev/ttyS0.
[[0;32m  OK  [0m] Listening on Load/Save RF Kill Switch Status /dev/rfkill Watch.
[[0;32m  OK  [0m] Started Update UTMP about System Boot/Shutdown.
[[0;32m  OK  [0m] Found device 82540EM Gigabit Ethern...r (PRO/1000 MT Desktop Adapter).
[[0;32m  OK  [0m] Started Set console font and keymap.
[[0;32m  OK  [0m] Created slice system-getty.slice.
[[0;32m  OK  [0m] Started LSB: AppArmor initialization.
[   19.697793] cloud-init[477]: Cloud-init v. 18.4-0ubuntu1~16.04.2 running 'init-local' at Mon, 24 Jun 2019 13:10:06 +0000. Up 18.82 seconds.
[[0;32m  OK  [0m] Started Initial cloud-init job (pre-networking).
[[0;32m  OK  [0m] Reached target Network (Pre).
[[0;32m  OK  [0m] Started ifup for enp0s3.
         Starting Raise network interfaces...
[[0;32m  OK  [0m] Started Raise network interfaces.
         Starting Initial cloud-init job (metadata service crawler)...
[[0;32m  OK  [0m] Reached target Network.
[   21.299158] cloud-init[974]: Cloud-init v. 18.4-0ubuntu1~16.04.2 running 'init' at Mon, 24 Jun 2019 13:10:08 +0000. Up 20.56 seconds.
[   21.301153] cloud-init[974]: ci-info: ++++++++++++++++++++++++++++++++++++++Net device info++++++++++++++++++++++++++++++++++++++
[   21.303326] cloud-init[974]: ci-info: +--------+------+----------------------------+---------------+--------+-------------------+
[   21.306333] cloud-init[974]: ci-info: | Device |  Up  |          Address           |      Mask     | Scope  |     Hw-Address    |
[   21.309513] cloud-init[974]: ci-info: +--------+------+----------------------------+---------------+--------+-------------------+
[   21.311810] cloud-init[974]: ci-info: | enp0s3 | True |         10.0.2.15          | 255.255.255.0 | global | 02:93:d9:eb:1f:df |
[   21.317662] cloud-init[974]: ci-info: | enp0s3 | True | fe80::93:d9ff:feeb:1fdf/64 |       .       |  link  | 02:93:d9:eb:1f:df |
[   21.319486] cloud-init[974]: ci-info: |   lo   | True |         127.0.0.1          |   255.0.0.0   |  host  |         .         |
[   21.321848] cloud-init[974]: ci-info: |   lo   | True |          ::1/128           |       .       |  host  |         .         |
[   21.323481] cloud-init[974]: ci-info: +--------+------+----------------------------+---------------+--------+-------------------+
[   21.329916] cloud-init[974]: ci-info: +++++++++++++++++++++++++++Route IPv4 info++++++++++++++++++++++++++++
[   21.332344] cloud-init[974]: ci-info: +-------+-------------+----------+---------------+-----------+-------+
[   21.334210] cloud-init[974]: ci-info: | Route | Destination | Gateway  |    Genmask    | Interface | Flags |
[   21.341113] cloud-init[974]: ci-info: +-------+-------------+----------+---------------+-----------+-------+
[   21.343228] cloud-init[974]: ci-info: |   0   |   0.0.0.0   | 10.0.2.2 |    0.0.0.0    |   enp0s3  |   UG  |
[   21.345159] cloud-init[974]: ci-info: |   1   |   10.0.2.0  | 0.0.0.0  | 255.255.255.0 |   enp0s3  |   U   |
[   21.347029] cloud-init[974]: ci-info: +-------+-------------+----------+---------------+-----------+-------+
[   21.348911] cloud-init[974]: ci-info: +++++++++++++++++++Route IPv6 info+++++++++++++++++++
[   21.350563] cloud-init[974]: ci-info: +-------+-------------+---------+-----------+-------+
[   21.356989] cloud-init[974]: ci-info: | Route | Destination | Gateway | Interface | Flags |
[   21.358641] cloud-init[974]: ci-info: +-------+-------------+---------+-----------+-------+
[   21.360362] cloud-init[974]: ci-info: |   0   |  fe80::/64  |    ::   |   enp0s3  |   U   |
[   21.362015] cloud-init[974]: ci-info: |   3   |   ff00::/8  |    ::   |   enp0s3  |   U   |
[   21.363679] cloud-init[974]: ci-info: +-------+-------------+---------+-----------+-------+
[[0;32m  OK  [0m] Started Initial cloud-init job (metadata service crawler).
[[0;32m  OK  [0m] Reached target System Initialization.
[[0;32m  OK  [0m] Started Daily apt download activities.
[[0;32m  OK  [0m] Listening on UUID daemon activation socket.
[[0;32m  OK  [0m] Started Daily Cleanup of Temporary Directories.
         Starting LXD - unix socket.
[[0;32m  OK  [0m] Listening on D-Bus System Message Bus Socket.
[[0;32m  OK  [0m] Started Daily apt upgrade and clean activities.
[[0;32m  OK  [0m] Started ACPI Events Check.
[[0;32m  OK  [0m] Reached target Paths.
[[0;32m  OK  [0m] Reached target Timers.
         Starting Socket activation for snappy daemon.
[[0;32m  OK  [0m] Listening on ACPID Listen Socket.
[[0;32m  OK  [0m] Reached target Cloud-config availability.
[[0;32m  OK  [0m] Reached target Network is Online.
         Starting iSCSI initiator daemon (iscsid)...
[[0;32m  OK  [0m] Listening on LXD - unix socket.
[[0;32m  OK  [0m] Listening on Socket activation for snappy daemon.
[[0;32m  OK  [0m] Reached target Sockets.
[[0;32m  OK  [0m] Reached target Basic System.
[[0;32m  OK  [0m] Started FUSE filesystem for LXC.
         Starting LSB: MD monitoring daemon...
         Starting LSB: Record successful boot for GRUB...
         Starting Login Service...
         Starting Accounts Service...
         Starting System Logging Service...
         Starting OpenBSD Secure Shell server...
[[0;32m  OK  [0m] Started Deferred execution scheduler.
         Starting A high performance web server and a reverse proxy server...
         Starting PostgreSQL Cluster 9.5-main...
         Starting Snappy daemon...
         Starting MySQL Community Server...
[[0;32m  OK  [0m] Started Unattended Upgrades Shutdown.
[[0;32m  OK  [0m] Started ACPI event daemon.
[[0;32m  OK  [0m] Started Regular background program processing daemon.
         Starting Virtualbox guest utils...
         Starting /etc/rc.local Compatibility...
         Starting PostgreSQL Cluster 10-main...
[[0;32m  OK  [0m] Started D-Bus System Message Bus.
         Starting LXD - container startup/shutdown...
[[0;32m  OK  [0m] Started /etc/rc.local Compatibility.
[[0;32m  OK  [0m] Started Login Service.
[[0;32m  OK  [0m] Started System Logging Service.
[[0;32m  OK  [0m] Started iSCSI initiator daemon (iscsid).
         Starting Login to default iSCSI targets...
[[0;32m  OK  [0m] Started LSB: Record successful boot for GRUB.
[[0;32m  OK  [0m] Started Login to default iSCSI targets.
[[0;32m  OK  [0m] Reached target Remote File Systems (Pre).
[[0;32m  OK  [0m] Reached target Remote File Systems.
         Starting LSB: Set the CPU Frequency Scaling governor to "ondemand"...
         Starting LSB: daemon to balance interrupts for SMP systems...
         Starting Permit User Sessions...
         Starting LSB: automatic crash report generation...
         Starting LSB: Start/stop sysstat's sadc...
[[0;32m  OK  [0m] Started LSB: MD monitoring daemon.
[[0;32m  OK  [0m] Started OpenBSD Secure Shell server.
[[0;32m  OK  [0m] Started LSB: Set the CPU Frequency Scaling governor to "ondemand".
[[0;32m  OK  [0m] Started Permit User Sessions.
         Starting Hold until boot process finishes up...
         Starting Terminate Plymouth Boot Screen...
[[0;32m  OK  [0m] Started Hold until boot process finishes up.
[[0;32m  OK  [0m] Started Terminate Plymouth Boot Screen.
[[0;32m  OK  [0m] Started LSB: Start/stop sysstat's sadc.
         Starting Set console scheme...
[[0;32m  OK  [0m] Started Serial Getty on ttyS0.
[[0;32m  OK  [0m] Started Getty on tty1.
[[0;32m  OK  [0m] Reached target Login Prompts.
[[0;32m  OK  [0m] Started Set console scheme.
[[0;32m  OK  [0m] Started LSB: daemon to balance interrupts for SMP systems.
[[0;32m  OK  [0m] Started LSB: automatic crash report generation.
         Starting Authenticate and Authorize Users to Run Privileged Tasks...
[[0;32m  OK  [0m] Started Virtualbox guest utils.
[[0;32m  OK  [0m] Started Authenticate and Authorize Users to Run Privileged Tasks.
[[0;32m  OK  [0m] Started Accounts Service.
[[0;32m  OK  [0m] Started A high performance web server and a reverse proxy server.

Ubuntu 16.04.6 LTS ubuntu-xenial ttyS0

ubuntu-xenial login: [   30.232095] cloud-init[1282]: Cloud-init v. 18.4-0ubuntu1~16.04.2 running 'modules:config' at Mon, 24 Jun 2019 13:10:17 +0000. Up 29.60 seconds.
[   38.407826] cloud-init[1896]: Cloud-init v. 18.4-0ubuntu1~16.04.2 running 'modules:final' at Mon, 24 Jun 2019 13:10:25 +0000. Up 38.12 seconds.
[   38.408460] cloud-init[1896]: Cloud-init v. 18.4-0ubuntu1~16.04.2 finished at Mon, 24 Jun 2019 13:10:26 +0000. Datasource DataSourceNoCloud [seed=/dev/sdb][dsmode=net].  Up 38.40 seconds
