[    0.000000] Initializing cgroup subsys cpuset
[    0.000000] Initializing cgroup subsys cpu
[    0.000000] Initializing cgroup subsys cpuacct
[    0.000000] Linux version 4.4.0-142-generic (buildd@lcy01-amd64-022) (gcc version 5.4.0 20160609 (Ubuntu 5.4.0-6ubuntu1~16.04.10) ) #168-Ubuntu SMP Wed Jan 16 21:01:15 UTC 2019 (Ubuntu 4.4.0-142.168-generic 4.4.167)
[    0.000000] KERNEL supported cpus:
[    0.000000]   Intel GenuineIntel
[    0.000000]   AMD AuthenticAMD
[    0.000000]   NSC Geode by NSC
[    0.000000]   Cyrix CyrixInstead
[    0.000000]   Centaur CentaurHauls
[    0.000000]   Transmeta GenuineTMx86
[    0.000000]   Transmeta TransmetaCPU
[    0.000000]   UMC UMC UMC UMC
[    0.000000] x86/fpu: xstate_offset[2]:  576, xstate_sizes[2]:  256
[    0.000000] x86/fpu: Supporting XSAVE feature 0x01: 'x87 floating point registers'
[    0.000000] x86/fpu: Supporting XSAVE feature 0x02: 'SSE registers'
[    0.000000] x86/fpu: Supporting XSAVE feature 0x04: 'AVX registers'
[    0.000000] x86/fpu: Enabled xstate features 0x7, context size is 832 bytes, using 'standard' format.
[    0.000000] e820: BIOS-provided physical RAM map:
[    0.000000] BIOS-e820: [mem 0x0000000000000000-0x000000000009fbff] usable
[    0.000000] BIOS-e820: [mem 0x000000000009fc00-0x000000000009ffff] reserved
[    0.000000] BIOS-e820: [mem 0x00000000000f0000-0x00000000000fffff] reserved
[    0.000000] BIOS-e820: [mem 0x0000000000100000-0x000000003ffeffff] usable
[    0.000000] BIOS-e820: [mem 0x000000003fff0000-0x000000003fffffff] ACPI data
[    0.000000] BIOS-e820: [mem 0x00000000fec00000-0x00000000fec00fff] reserved
[    0.000000] BIOS-e820: [mem 0x00000000fee00000-0x00000000fee00fff] reserved
[    0.000000] BIOS-e820: [mem 0x00000000fffc0000-0x00000000ffffffff] reserved
[    0.000000] NX (Execute Disable) protection: active
[    0.000000] SMBIOS 2.5 present.
[    0.000000] Hypervisor detected: KVM
[    0.000000] e820: last_pfn = 0x3fff0 max_arch_pfn = 0x1000000
[    0.000000] MTRR: Disabled
[    0.000000] x86/PAT: MTRRs disabled, skipping PAT initialization too.
[    0.000000] CPU MTRRs all blank - virtualized system.
[    0.000000] x86/PAT: Configuration [0-7]: WB  WT  UC- UC  WB  WT  UC- UC  
[    0.000000] found SMP MP-table at [mem 0x0009fff0-0x0009ffff] mapped at [c009fff0]
[    0.000000] Scanning 1 areas for low memory corruption
[    0.000000] RAMDISK: [mem 0x36318000-0x37183fff]
[    0.000000] ACPI: Early table checksum verification disabled
[    0.000000] ACPI: RSDP 0x00000000000E0000 000024 (v02 VBOX  )
[    0.000000] ACPI: XSDT 0x000000003FFF0030 00003C (v01 VBOX   VBOXXSDT 00000001 ASL  00000061)
[    0.000000] ACPI: FACP 0x000000003FFF00F0 0000F4 (v04 VBOX   VBOXFACP 00000001 ASL  00000061)
[    0.000000] ACPI: DSDT 0x000000003FFF0470 0022EA (v02 VBOX   VBOXBIOS 00000002 INTL 20180105)
[    0.000000] ACPI: FACS 0x000000003FFF0200 000040
[    0.000000] ACPI: FACS 0x000000003FFF0200 000040
[    0.000000] ACPI: APIC 0x000000003FFF0240 00005C (v02 VBOX   VBOXAPIC 00000001 ASL  00000061)
[    0.000000] ACPI: SSDT 0x000000003FFF02A0 0001CC (v01 VBOX   VBOXCPUT 00000002 INTL 20180105)
[    0.000000] 131MB HIGHMEM available.
[    0.000000] 891MB LOWMEM available.
[    0.000000]   mapped low ram: 0 - 37bfe000
[    0.000000]   low ram: 0 - 37bfe000
[    0.000000] kvm-clock: Using msrs 4b564d01 and 4b564d00
[    0.000000] kvm-clock: cpu 0, msr 0:37bfd001, primary cpu clock
[    0.000000] kvm-clock: using sched offset of 3608556313 cycles
[    0.000000] clocksource: kvm-clock: mask: 0xffffffffffffffff max_cycles: 0x1cd42e4dffb, max_idle_ns: 881590591483 ns
[    0.000000] Zone ranges:
[    0.000000]   DMA      [mem 0x0000000000001000-0x0000000000ffffff]
[    0.000000]   Normal   [mem 0x0000000001000000-0x0000000037bfdfff]
[    0.000000]   HighMem  [mem 0x0000000037bfe000-0x000000003ffeffff]
[    0.000000] Movable zone start for each node
[    0.000000] Early memory node ranges
[    0.000000]   node   0: [mem 0x0000000000001000-0x000000000009efff]
[    0.000000]   node   0: [mem 0x0000000000100000-0x000000003ffeffff]
[    0.000000] Initmem setup node 0 [mem 0x0000000000001000-0x000000003ffeffff]
[    0.000000] Using APIC driver default
[    0.000000] ACPI: PM-Timer IO Port: 0x4008
[    0.000000] IOAPIC[0]: apic_id 2, version 32, address 0xfec00000, GSI 0-23
[    0.000000] ACPI: INT_SRC_OVR (bus 0 bus_irq 0 global_irq 2 dfl dfl)
[    0.000000] ACPI: INT_SRC_OVR (bus 0 bus_irq 9 global_irq 9 low level)
[    0.000000] Using ACPI (MADT) for SMP configuration information
[    0.000000] smpboot: Allowing 2 CPUs, 0 hotplug CPUs
[    0.000000] PM: Registered nosave memory: [mem 0x00000000-0x00000fff]
[    0.000000] PM: Registered nosave memory: [mem 0x0009f000-0x0009ffff]
[    0.000000] PM: Registered nosave memory: [mem 0x000a0000-0x000effff]
[    0.000000] PM: Registered nosave memory: [mem 0x000f0000-0x000fffff]
[    0.000000] e820: [mem 0x40000000-0xfebfffff] available for PCI devices
[    0.000000] Booting paravirtualized kernel on KVM
[    0.000000] clocksource: refined-jiffies: mask: 0xffffffff max_cycles: 0xffffffff, max_idle_ns: 7645519600211568 ns
[    0.000000] setup_percpu: NR_CPUS:8 nr_cpumask_bits:8 nr_cpu_ids:2 nr_node_ids:1
[    0.000000] PERCPU: Embedded 19 pages/cpu @f71b0000 s47308 r0 d30516 u77824
[    0.000000] Built 1 zonelists in Zone order, mobility grouping on.  Total pages: 259800
[    0.000000] Kernel command line: BOOT_IMAGE=/boot/vmlinuz-4.4.0-142-generic root=LABEL=cloudimg-rootfs ro console=tty1 console=ttyS0
[    0.000000] PID hash table entries: 4096 (order: 2, 16384 bytes)
[    0.000000] Dentry cache hash table entries: 131072 (order: 7, 524288 bytes)
[    0.000000] Inode-cache hash table entries: 65536 (order: 6, 262144 bytes)
[    0.000000] Initializing CPU#0
[    0.000000] Initializing HighMem for node 0 (00037bfe:0003fff0)
[    0.000000] Initializing Movable for node 0 (00000000:00000000)
[    0.000000] Memory: 1008000K/1048120K available (8094K kernel code, 791K rwdata, 3180K rodata, 932K init, 800K bss, 40120K reserved, 0K cma-reserved, 135112K highmem)
[    0.000000] virtual kernel memory layout:
[    0.000000]     fixmap  : 0xfff15000 - 0xfffff000   ( 936 kB)
[    0.000000]     pkmap   : 0xffc00000 - 0xffe00000   (2048 kB)
[    0.000000]     vmalloc : 0xf83fe000 - 0xffbfe000   ( 120 MB)
[    0.000000]     lowmem  : 0xc0000000 - 0xf7bfe000   ( 891 MB)
[    0.000000]       .init : 0xc1bcc000 - 0xc1cb5000   ( 932 kB)
[    0.000000]       .data : 0xc17e7e54 - 0xc1bcad40   (3979 kB)
[    0.000000]       .text : 0xc1000000 - 0xc17e7e54   (8095 kB)
[    0.000000] Checking if this processor honours the WP bit even in supervisor mode...Ok.
[    0.000000] SLUB: HWalign=64, Order=0-3, MinObjects=0, CPUs=2, Nodes=1
[    0.000000] Hierarchical RCU implementation.
[    0.000000] 	Build-time adjustment of leaf fanout to 32.
[    0.000000] 	RCU restricting CPUs from NR_CPUS=8 to nr_cpu_ids=2.
[    0.000000] RCU: Adjusting geometry for rcu_fanout_leaf=32, nr_cpu_ids=2
[    0.000000] NR_IRQS:2304 nr_irqs:440 16
[    0.000000] Console: colour VGA+ 80x25
[    0.000000] console [tty1] enabled
[    0.000000] console [ttyS0] enabled
[    0.000000] allocated 1048576 bytes of page_ext
[    0.000000] tsc: Detected 2194.920 MHz processor
[    0.153449] Calibrating delay loop (skipped) preset value.. 4389.84 BogoMIPS (lpj=8779680)
[    0.155056] pid_max: default: 32768 minimum: 301
[    0.155930] ACPI: Core revision 20150930
[    0.157735] ACPI: 2 ACPI AML tables successfully acquired and loaded
[    0.158965] Security Framework initialized
[    0.159754] Yama: becoming mindful.
[    0.160484] AppArmor: AppArmor initialized
[    0.161336] Mount-cache hash table entries: 2048 (order: 1, 8192 bytes)
[    0.162453] Mountpoint-cache hash table entries: 2048 (order: 1, 8192 bytes)
[    0.163772] Initializing cgroup subsys io
[    0.164571] Initializing cgroup subsys memory
[    0.165444] Initializing cgroup subsys devices
[    0.166291] Initializing cgroup subsys freezer
[    0.167135] Initializing cgroup subsys net_cls
[    0.167983] Initializing cgroup subsys perf_event
[    0.168853] Initializing cgroup subsys net_prio
[    0.169742] Initializing cgroup subsys hugetlb
[    0.170585] Initializing cgroup subsys pids
[    0.173459] mce: CPU supports 0 MCE banks
[    0.175284] Last level iTLB entries: 4KB 64, 2MB 8, 4MB 8
[    0.176470] Last level dTLB entries: 4KB 64, 2MB 0, 4MB 0, 1GB 4
[    0.177550] Spectre V2 : Mitigation: Full generic retpoline
[    0.178540] Spectre V2 : Spectre v2 / SpectreRSB mitigation: Filling RSB on context switch
[    0.180086] Speculative Store Bypass: Vulnerable
[    0.184610] Freeing SMP alternatives memory: 36K
[    0.191100] ftrace: allocating 31552 entries in 62 pages
[    0.251295] smpboot: APIC(0) Converting physical 0 to logical package 0
[    0.252521] smpboot: Max logical packages: 1
[    0.253398] Enabling APIC mode:  Flat.  Using 1 I/O APICs
[    0.255630] ..TIMER: vector=0x30 apic1=0 pin1=2 apic2=-1 pin2=-1
[    0.360655] smpboot: CPU0: Intel(R) Core(TM) i5-5200U CPU @ 2.20GHz (family: 0x6, model: 0x3d, stepping: 0x4)
[    0.362719] Performance Events: unsupported p6 CPU model 61 no PMU driver, software events only.
[    0.373803] KVM setup paravirtual spinlock
[    0.375430] x86: Booting SMP configuration:
[    0.376265] .... node  #0, CPUs:      #1
[1266874886.100995] Initializing CPU#1
[    0.377732] kvm-clock: cpu 1, msr 0:37bfd041, secondary cpu clock
[    0.380724] mce: CPU supports 0 MCE banks
[    0.383390] x86: Booted up 1 node, 2 CPUs
[    0.384454] smpboot: Total of 2 processors activated (8779.68 BogoMIPS)
[    0.386057] devtmpfs: initialized
[    0.386967] evm: security.selinux
[    0.387676] evm: security.SMACK64
[    0.389073] evm: security.SMACK64EXEC
[    0.390774] evm: security.SMACK64TRANSMUTE
[    0.392143] evm: security.SMACK64MMAP
[    0.393030] evm: security.ima
[    0.393796] evm: security.capability
[    0.394954] clocksource: jiffies: mask: 0xffffffff max_cycles: 0xffffffff, max_idle_ns: 7645041785100000 ns
[    0.397010] futex hash table entries: 512 (order: 3, 32768 bytes)
[    0.398361] pinctrl core: initialized pinctrl subsystem
[    0.399550] RTC time: 21:08:49, date: 03/07/19
[    0.400726] NET: Registered protocol family 16
[    0.401841] EISA bus registered
[    0.412898] cpuidle: using governor ladder
[    0.424591] cpuidle: using governor menu
[    0.425807] PCCT header not found.
[    0.427008] ACPI: bus type PCI registered
[    0.428221] acpiphp: ACPI Hot Plug PCI Controller Driver version: 0.5
[    0.430994] PCI : PCI BIOS area is rw and x. Use pci=nobios if you want it NX.
[    0.434009] PCI: PCI BIOS revision 2.10 entry at 0xfda26, last bus=0
[    0.436342] PCI: Using configuration type 1 for base access
[    0.450369] ACPI: Added _OSI(Module Device)
[    0.451625] ACPI: Added _OSI(Processor Device)
[    0.452746] ACPI: Added _OSI(3.0 _SCP Extensions)
[    0.453785] ACPI: Added _OSI(Processor Aggregator Device)
[    0.455897] ACPI: Executed 1 blocks of module-level executable AML code
[    0.459581] ACPI: Interpreter enabled
[    0.460436] ACPI: (supports S0 S5)
[    0.461263] ACPI: Using IOAPIC for interrupt routing
[    0.462365] PCI: Using host bridge windows from ACPI; if necessary, use "pci=nocrs" and report a bug
[    0.467734] ACPI: PCI Root Bridge [PCI0] (domain 0000 [bus 00-ff])
[    0.468856] acpi PNP0A03:00: _OSC: OS supports [ASPM ClockPM Segments MSI]
[    0.480615] acpi PNP0A03:00: _OSC: not requesting OS control; OS requires [ExtendedConfig ASPM ClockPM MSI]
[    0.482439] acpi PNP0A03:00: fail to add MMCONFIG information, can't access extended PCI configuration space under this bridge.
[    0.484739] PCI host bridge to bus 0000:00
[    0.485562] pci_bus 0000:00: root bus resource [io  0x0000-0x0cf7 window]
[    0.486743] pci_bus 0000:00: root bus resource [io  0x0d00-0xffff window]
[    0.487944] pci_bus 0000:00: root bus resource [mem 0x000a0000-0x000bffff window]
[    0.489419] pci_bus 0000:00: root bus resource [mem 0x40000000-0xfdffffff window]
[    0.490874] pci_bus 0000:00: root bus resource [bus 00-ff]
[    0.493489] pci 0000:00:01.1: legacy IDE quirk: reg 0x10: [io  0x01f0-0x01f7]
[    0.494706] pci 0000:00:01.1: legacy IDE quirk: reg 0x14: [io  0x03f6]
[    0.495936] pci 0000:00:01.1: legacy IDE quirk: reg 0x18: [io  0x0170-0x0177]
[    0.497191] pci 0000:00:01.1: legacy IDE quirk: reg 0x1c: [io  0x0376]
[    0.517660] pci 0000:00:07.0: quirk: [io  0x4000-0x403f] claimed by PIIX4 ACPI
[    0.519561] pci 0000:00:07.0: quirk: [io  0x4100-0x410f] claimed by PIIX4 SMB
[    0.528343] ACPI: PCI Interrupt Link [LNKA] (IRQs 5 9 10 *11)
[    0.530462] ACPI: PCI Interrupt Link [LNKB] (IRQs 5 9 *10 11)
[    0.532151] ACPI: PCI Interrupt Link [LNKC] (IRQs 5 *9 10 11)
[    0.533672] ACPI: PCI Interrupt Link [LNKD] (IRQs 5 9 10 *11)
[    0.535221] ACPI: Enabled 2 GPEs in block 00 to 07
[    0.536756] vgaarb: setting as boot device: PCI:0000:00:02.0
[    0.537770] vgaarb: device added: PCI:0000:00:02.0,decodes=io+mem,owns=io+mem,locks=none
[    0.539316] vgaarb: loaded
[    0.539950] vgaarb: bridge control possible 0000:00:02.0
[    0.541257] SCSI subsystem initialized
[    0.542228] ACPI: bus type USB registered
[    0.543062] usbcore: registered new interface driver usbfs
[    0.544069] usbcore: registered new interface driver hub
[    0.545102] usbcore: registered new device driver usb
[    0.546525] PCI: Using ACPI for IRQ routing
[    0.547726] NetLabel: Initializing
[    0.548496] NetLabel:  domain hash size = 128
[    0.549363] NetLabel:  protocols = UNLABELED CIPSOv4
[    0.550294] NetLabel:  unlabeled traffic allowed by default
[    0.551553] amd_nb: Cannot enumerate AMD northbridges
[    0.552561] clocksource: Switched to clocksource kvm-clock
[    0.561205] AppArmor: AppArmor Filesystem Enabled
[    0.562235] pnp: PnP ACPI init
[    0.563655] pnp: PnP ACPI: found 3 devices
[    0.564471] PnPBIOS: Disabled by ACPI PNP
[    0.606654] clocksource: acpi_pm: mask: 0xffffff max_cycles: 0xffffff, max_idle_ns: 2085701024 ns
[    0.608392] NET: Registered protocol family 2
[    0.609464] TCP established hash table entries: 8192 (order: 3, 32768 bytes)
[    0.610663] TCP bind hash table entries: 8192 (order: 4, 65536 bytes)
[    0.611797] TCP: Hash tables configured (established 8192 bind 8192)
[    0.612940] UDP hash table entries: 512 (order: 2, 16384 bytes)
[    0.613985] UDP-Lite hash table entries: 512 (order: 2, 16384 bytes)
[    0.615114] NET: Registered protocol family 1
[    0.615979] pci 0000:00:00.0: Limiting direct PCI/PCI transfers
[    0.617064] pci 0000:00:01.0: Activating ISA DMA hang workarounds
[    0.618249] Unpacking initramfs...
[    0.875799] Freeing initrd memory: 14768K
[    0.877033] RAPL PMU detected, API unit is 2^-32 Joules, 4 fixed counters 10737418240 ms ovfl timer
[    0.878722] hw unit of domain pp0-core 2^-0 Joules
[    0.879626] hw unit of domain package 2^-0 Joules
[    0.880535] hw unit of domain dram 2^-0 Joules
[    0.881490] hw unit of domain pp1-gpu 2^-0 Joules
[    0.882464] platform rtc_cmos: registered platform RTC device (no PNP device found)
[    0.883997] Scanning for low memory corruption every 60 seconds
[    0.885574] audit: initializing netlink subsys (disabled)
[    0.886586] audit: type=2000 audit(1551992934.120:1): initialized
[    0.888032] Initialise system trusted keyring
[    0.889409] HugeTLB registered 2 MB page size, pre-allocated 0 pages
[    0.891900] zbud: loaded
[    0.892797] VFS: Disk quotas dquot_6.6.0
[    0.893624] VFS: Dquot-cache hash table entries: 1024 (order 0, 4096 bytes)
[    0.895026] squashfs: version 4.0 (2009/01/31) Phillip Lougher
[    0.896942] fuse init (API version 7.23)
[    0.897964] Key type big_key registered
[    0.898764] Allocating IMA MOK and blacklist keyrings.
[    0.901400] Key type asymmetric registered
[    0.902233] Asymmetric key parser 'x509' registered
[    0.903158] bounce: pool size: 64 pages
[    0.903988] Block layer SCSI generic (bsg) driver version 0.4 loaded (major 249)
[    0.905633] io scheduler noop registered
[    0.907261] io scheduler deadline registered (default)
[    0.908465] io scheduler cfq registered
[    0.909840] pci_hotplug: PCI Hot Plug PCI Core version: 0.5
[    0.911214] pciehp: PCI Express Hot Plug Controller Driver version: 0.4
[    0.913526] ACPI: AC Adapter [AC] (on-line)
[    0.914466] input: Power Button as /devices/LNXSYSTM:00/LNXPWRBN:00/input/input0
[    0.916107] ACPI: Power Button [PWRF]
[    0.917351] input: Sleep Button as /devices/LNXSYSTM:00/LNXSLPBN:00/input/input1
[    0.919418] ACPI: Sleep Button [SLPF]
[    0.920883] GHES: HEST is not enabled!
[    0.921804] ACPI: Battery Slot [BAT0] (battery present)
[    0.924399] isapnp: Scanning for PnP cards...
[    0.929257] Serial: 8250/16550 driver, 32 ports, IRQ sharing enabled
 	
 !"#$%&'()*+,-./0123456789:;<=>?@ABCDEFGHIJKLMNOPQRSTUVWXYZ[\]^_`abcdefghijklmnopqrstuvwxyz{|}~ÄÅÇÉÑÖÜáàâäãåçéèêëíìîïñóòôöõúùûü†°¢£§•¶ß®©™´¨≠ÆØ∞±≤≥¥µ∂∑∏π∫ªºΩæø¿¡¬√ƒ≈∆«»… ÀÃÕŒœ–—“”‘’÷◊ÿŸ⁄€‹›ﬁﬂ‡·‚„‰ÂÊÁËÈÍÎÏÌÓÔÒÚÛÙıˆ˜¯˘˙˚¸˝˛ˇ[    0.953785] 00:02: ttyS0 at I/O 0x3f8 (irq = 4, base_baud = 115200) is a 16550A
[    0.957084] Linux agpgart interface v0.103
[    0.959637] loop: module loaded
[    0.961180] scsi host0: ata_piix
[    0.962225] scsi host1: ata_piix
[    0.963045] ata1: PATA max UDMA/33 cmd 0x1f0 ctl 0x3f6 bmdma 0xd000 irq 14
[    0.965457] ata2: PATA max UDMA/33 cmd 0x170 ctl 0x376 bmdma 0xd008 irq 15
[    0.969346] libphy: Fixed MDIO Bus: probed
[    0.970749] tun: Universal TUN/TAP device driver, 1.6
[    0.971871] tun: (C) 1999-2004 Max Krasnyansky <maxk@qualcomm.com>
[    0.974284] PPP generic driver version 2.4.2
[    0.976294] ehci_hcd: USB 2.0 'Enhanced' Host Controller (EHCI) Driver
[    0.978460] ehci-pci: EHCI PCI platform driver
[    0.980234] ehci-platform: EHCI generic platform driver
[    0.982198] ohci_hcd: USB 1.1 'Open' Host Controller (OHCI) Driver
[    0.984618] ohci-pci: OHCI PCI platform driver
[    0.986523] ohci-platform: OHCI generic platform driver
[    0.988717] uhci_hcd: USB Universal Host Controller Interface driver
[    0.991390] i8042: PNP: PS/2 Controller [PNP0303:PS2K,PNP0f03:PS2M] at 0x60,0x64 irq 1,12
[    0.995404] serio: i8042 KBD port at 0x60,0x64 irq 1
[    0.997572] serio: i8042 AUX port at 0x60,0x64 irq 12
[    1.000592] mousedev: PS/2 mouse device common for all mice
[    1.003453] rtc_cmos rtc_cmos: rtc core: registered rtc_cmos as rtc0
[    1.006096] input: AT Translated Set 2 keyboard as /devices/platform/i8042/serio0/input/input2
[    1.010119] rtc_cmos rtc_cmos: alarms up to one day, 114 bytes nvram
[    1.013005] i2c /dev entries driver
[    1.014703] device-mapper: uevent: version 1.0.3
[    1.017175] device-mapper: ioctl: 4.34.0-ioctl (2015-10-28) initialised: dm-devel@redhat.com
[    1.022210] platform eisa.0: Probing EISA bus 0
[    1.023202] platform eisa.0: EISA: Cannot allocate resource for mainboard
[    1.024581] platform eisa.0: Cannot allocate resource for EISA slot 1
[    1.025923] platform eisa.0: Cannot allocate resource for EISA slot 2
[    1.027212] platform eisa.0: Cannot allocate resource for EISA slot 3
[    1.028509] platform eisa.0: Cannot allocate resource for EISA slot 4
[    1.029844] platform eisa.0: Cannot allocate resource for EISA slot 5
[    1.031133] platform eisa.0: Cannot allocate resource for EISA slot 6
[    1.033084] platform eisa.0: Cannot allocate resource for EISA slot 7
[    1.035915] platform eisa.0: Cannot allocate resource for EISA slot 8
[    1.037132] platform eisa.0: EISA: Detected 0 cards
[    1.038073] cpufreq-nforce2: No nForce2 chipset.
[    1.038955] ledtrig-cpu: registered to indicate activity on CPUs
[    1.040310] NET: Registered protocol family 10
[    1.041402] NET: Registered protocol family 17
[    1.042268] Key type dns_resolver registered
[    1.043267] Using IPI No-Shortcut mode
[    1.044175] registered taskstats version 1
[    1.045062] Loading compiled-in X.509 certificates
[    1.048349] Loaded X.509 cert 'Build time autogenerated kernel key: 24992bd15110f060e21faeb1eb50ca0e07d956c4'
[    1.050199] zswap: loaded using pool lzo/zbud
[    1.052573] Key type trusted registered
[    1.056241] Key type encrypted registered
[    1.057456] AppArmor: AppArmor sha1 policy hashing enabled
[    1.058606] ima: No TPM chip found, activating TPM-bypass!
[    1.059753] ima: Allocated hash algorithm: sha1
[    1.061683] evm: HMAC attrs: 0x1
[    1.063548]   Magic number: 11:798:145
[    1.064570] ata_port ata2: hash matches
[    1.065489]  ata2: hash matches
[    1.066342] rtc_cmos rtc_cmos: setting system clock to 2019-03-07 21:08:49 UTC (1551992929)
[    1.068238] BIOS EDD facility v0.16 2004-Jun-25, 0 devices found
[    1.069506] EDD information not available.
[    1.283880] isapnp: No Plug & Play device found
[    1.285128] Freeing unused kernel memory: 932K
[    1.311911] Write protecting the kernel text: 8096k
[    1.314060] Write protecting the kernel read-only data: 3188k
[    1.316330] NX-protecting the kernel data: 6240k
Loading, please wait...
starting version 229
[    1.339515] random: systemd-udevd: uninitialized urandom read (16 bytes read, 0 bits of entropy available)
[    1.340676] random: udevadm: uninitialized urandom read (16 bytes read, 0 bits of entropy available)
[    1.343242] random: systemd-udevd: uninitialized urandom read (16 bytes read, 0 bits of entropy available)
[    1.345107] random: systemd-udevd: uninitialized urandom read (16 bytes read, 0 bits of entropy available)
[    1.353594] random: udevadm: uninitialized urandom read (16 bytes read, 0 bits of entropy available)
[    1.353602] random: systemd-udevd: uninitialized urandom read (16 bytes read, 0 bits of entropy available)
[    1.368442] random: udevadm: uninitialized urandom read (16 bytes read, 0 bits of entropy available)
[    1.370650] random: udevadm: uninitialized urandom read (16 bytes read, 0 bits of entropy available)
[    1.372695] random: udevadm: uninitialized urandom read (16 bytes read, 0 bits of entropy available)
[    1.374792] random: udevadm: uninitialized urandom read (16 bytes read, 0 bits of entropy available)
[    1.421830] Fusion MPT base driver 3.04.20
[    1.422811] Copyright (c) 1999-2008 LSI Corporation
[    1.425728] e1000: Intel(R) PRO/1000 Network Driver - version 7.3.21-k8-NAPI
[    1.427207] e1000: Copyright (c) 1999-2006 Intel Corporation.
[    1.452310] Fusion MPT SPI Host driver 3.04.20
[    1.626199] input: ImExPS/2 Generic Explorer Mouse as /devices/platform/i8042/serio1/input/input4
[    1.789342] e1000 0000:00:03.0 eth0: (PCI:33MHz:32-bit) 02:93:d9:eb:1f:df
[    1.790680] e1000 0000:00:03.0 eth0: Intel(R) PRO/1000 Network Connection
[    1.792830] mptbase: ioc0: Initiating bringup
[    1.793599] e1000 0000:00:03.0 enp0s3: renamed from eth0
[    1.862070] ioc0: LSI53C1030 A0: Capabilities={Initiator}
[    1.884613] tsc: Refined TSC clocksource calibration: 2195.523 MHz
[    1.887487] clocksource: tsc: mask: 0xffffffffffffffff max_cycles: 0x1fa5ad88517, max_idle_ns: 440795246503 ns
[    2.473942] scsi host2: ioc0: LSI53C1030 A0, FwRev=00000000h, Ports=1, MaxQ=256, IRQ=20
[    2.873522] scsi 2:0:0:0: Direct-Access     VBOX     HARDDISK         1.0  PQ: 0 ANSI: 5
[    2.878067] scsi target2:0:0: Beginning Domain Validation
[    2.882104] scsi target2:0:0: Domain Validation skipping write tests
[    2.884392] scsi target2:0:0: Ending Domain Validation
[    2.886374] scsi target2:0:0: asynchronous
[    2.888486] scsi 2:0:1:0: Direct-Access     VBOX     HARDDISK         1.0  PQ: 0 ANSI: 5
[    2.890493] scsi target2:0:1: Beginning Domain Validation
[    2.892657] scsi target2:0:1: Domain Validation skipping write tests
[    2.893889] scsi target2:0:1: Ending Domain Validation
[    2.894957] scsi target2:0:1: asynchronous
[    2.902352] sd 2:0:0:0: [sda] 20971520 512-byte logical blocks: (10.7 GB/10.0 GiB)
[    2.902604] sd 2:0:0:0: Attached scsi generic sg0 type 0
[    2.903383] sd 2:0:1:0: Attached scsi generic sg1 type 0
[    2.903417] sd 2:0:1:0: [sdb] 20480 512-byte logical blocks: (10.5 MB/10.0 MiB)
[    2.903703] sd 2:0:1:0: [sdb] Write Protect is off
[    2.903823] sd 2:0:1:0: [sdb] Incomplete mode parameter data
[    2.903825] sd 2:0:1:0: [sdb] Assuming drive cache: write through
[    2.911505] sd 2:0:0:0: [sda] Write Protect is off
[    2.912746] sd 2:0:0:0: [sda] Incomplete mode parameter data
[    2.913966] sd 2:0:0:0: [sda] Assuming drive cache: write through
[    2.932217]  sda: sda1
[    2.934500] sd 2:0:0:0: [sda] Attached SCSI disk
[    2.948847] sd 2:0:1:0: [sdb] Attached SCSI disk
Begin: Loading essential drivers ... [    4.363980] md: linear personality registered for level -1
[    4.370248] md: multipath personality registered for level -4
[    4.377537] md: raid0 personality registered for level 0
[    4.385576] md: raid1 personality registered for level 1
[    4.461418] raid6: mmxx1    gen()  4771 MB/s
[    4.531454] raid6: mmxx2    gen()  5295 MB/s
[    4.601445] raid6: sse1x1   gen()  4178 MB/s
[    4.671432] raid6: sse1x2   gen()  5359 MB/s
[    4.741438] raid6: sse2x1   gen()  9283 MB/s
[    4.809677] raid6: sse2x1   xor()  6374 MB/s
[    4.881379] raid6: sse2x2   gen() 11151 MB/s
[    4.951436] raid6: sse2x2   xor()  7085 MB/s
[    5.021429] raid6: avx2x1   gen() 17678 MB/s
[    5.091433] raid6: avx2x2   gen() 18444 MB/s
[    5.092356] raid6: using algorithm avx2x2 gen() 18444 MB/s
[    5.093376] raid6: using avx2x1 recovery algorithm
[    5.097998] xor: automatically using best checksumming function:
[    5.136614]    avx       : 23165.000 MB/sec
[    5.140940] async_tx: api initialized (async)
[    5.163928] md: raid6 personality registered for level 6
[    5.165154] md: raid5 personality registered for level 5
[    5.166302] md: raid4 personality registered for level 4
[    5.177014] md: raid10 personality registered for level 10
done.
Begin: Running /scripts/init-premount ... done.
Begin: Mounting root file system ... Begin: Running /scripts/local-top ... done.
Begin: Running /scripts/local-premount ... [    5.227577] Btrfs loaded
Scanning for Btrfs filesystems
done.
Warning: fsck not present, so skipping root file system
[    5.256867] EXT4-fs (sda1): INFO: recovery required on readonly filesystem
[    5.258155] EXT4-fs (sda1): write access will be enabled during recovery
[    5.756931] EXT4-fs (sda1): orphan cleanup on readonly fs
[    5.758048] EXT4-fs (sda1): 5 orphan inodes deleted
[    5.758991] EXT4-fs (sda1): recovery complete
[    5.767105] EXT4-fs (sda1): mounted filesystem with ordered data mode. Opts: (null)
done.
Begin: Running /scripts/local-bottom ... done.
Begin: Running /scripts/init-bottom ... done.
[    6.618459] random: nonblocking pool is initialized
[    7.119653] systemd[1]: systemd 229 running in system mode. (+PAM +AUDIT +SELINUX +IMA +APPARMOR +SMACK +SYSVINIT +UTMP +LIBCRYPTSETUP +GCRYPT +GNUTLS +ACL +XZ -LZ4 +SECCOMP +BLKID +ELFUTILS +KMOD -IDN)
[    7.125128] systemd[1]: Detected virtualization oracle.
[    7.126737] systemd[1]: Detected architecture x86.

Welcome to [1mUbuntu 16.04.6 LTS[0m!

[    7.212939] systemd[1]: Set hostname to <ubuntu-xenial>.
[    8.656833] systemd[1]: Listening on Syslog Socket.
[[0;32m  OK  [0m] Listening on Syslog Socket.
[    8.659706] systemd[1]: Listening on /dev/initctl Compatibility Named Pipe.
[[0;32m  OK  [0m] Listening on /dev/initctl Compatibility Named Pipe.
[    8.664066] systemd[1]: Created slice System Slice.
[[0;32m  OK  [0m] Created slice System Slice.
[    8.666886] systemd[1]: Set up automount Arbitrary Executable File Formats File System Automount Point.
[[0;32m  OK  [0m] Set up automount Arbitrary Executab...ats File System Automount Point.
[    8.671123] systemd[1]: Started Trigger resolvconf update for networkd DNS.
[[0;32m  OK  [0m] Started Trigger resolvconf update for networkd DNS.
[    8.674706] systemd[1]: Created slice system-serial\x2dgetty.slice.
[[0;32m  OK  [0m] Created slice system-serial\x2dgetty.slice.
[    8.677754] systemd[1]: Started Forward Password Requests to Wall Directory Watch.
[[0;32m  OK  [0m] Started Forward Password Requests to Wall Directory Watch.
[    8.681609] systemd[1]: Listening on udev Control Socket.
[[0;32m  OK  [0m] Listening on udev Control Socket.
[    8.684564] systemd[1]: Created slice User and Session Slice.
[[0;32m  OK  [0m] Created slice User and Session Slice.
[    8.686975] systemd[1]: Listening on Device-mapper event daemon FIFOs.
[[0;32m  OK  [0m] Listening on Device-mapper event daemon FIFOs.
[    8.689547] systemd[1]: Reached target System Time Synchronized.
[[0;32m  OK  [0m] Reached target System Time Synchronized.
[    8.696818] systemd[1]: Listening on LVM2 poll daemon socket.
[[0;32m  OK  [0m] Listening on LVM2 poll daemon socket.
[    8.699180] systemd[1]: Reached target Encrypted Volumes.
[[0;32m  OK  [0m] Reached target Encrypted Volumes.
[    8.701636] systemd[1]: Listening on Journal Socket (/dev/log).
[[0;32m  OK  [0m] Listening on Journal Socket (/dev/log).
[    8.704323] systemd[1]: Reached target Slices.
[[0;32m  OK  [0m] Reached target Slices.
[    8.706604] systemd[1]: Listening on LVM2 metadata daemon socket.
[[0;32m  OK  [0m] Listening on LVM2 metadata daemon socket.
[    8.709306] systemd[1]: Listening on Journal Socket.
[[0;32m  OK  [0m] Listening on Journal Socket.
[    8.744998] systemd[1]: Starting Load Kernel Modules...
         Starting Load Kernel Modules...
[    8.753827] systemd[1]: Starting Create list of required static device nodes for the current kernel...
         Starting Create list of required st... nodes for the current kernel...
[    8.759038] systemd[1]: Mounting Debug File System...
         Mounting Debug File System...
[    8.764072] systemd[1]: Mounting Huge Pages File System...
         Mounting Huge Pages File System...
[    8.766680] systemd[1]: Starting Nameserver information manager...
         Starting Nameserver information manager...
[    8.769608] systemd[1]: Mounting POSIX Message Queue File System...
         Mounting POSIX Message Queue File System...
[    8.772707] systemd[1]: Starting Monitoring of LVM2 mirrors, snapshots etc. using dmeventd or progress polling...
         Starting Monitoring of LVM2 mirrors... dmeventd or progress polling...
[    8.777165] systemd[1]: Starting Set console keymap...
         Starting Set console keymap...
[    8.885033] systemd[1]: Starting Remount Root and Kernel File Systems...
         Starting Remount Root and Kernel File Systems...
[    8.893787] systemd[1]: Starting Uncomplicated firewall...
         Starting Uncomplicated firewall...
[    8.898433] systemd[1]: Listening on udev Kernel Socket.
[[0;32m  OK  [0m] Listening on udev Kernel Socket.
[    8.901520] systemd[1]: Created slice system-postgresql.slice.
[[0;32m  OK  [0m] Created slice system-postgresql.slice.
[    8.903731] systemd[1]: Reached target User and Group Name Lookups.
[[0;32m  OK  [0m] Reached target User and Group Name Lookups.
[    8.906136] systemd[1]: Reached target Swap.
[[0;32m  OK  [0m] Reached target Swap.
[    8.908079] systemd[1]: Listening on Journal Audit Socket.
[[0;32m  OK  [0m] Listening on Journal Audit Socket.
[    8.910971] systemd[1]: Starting Journal Service...
         Starting Journal Service...
[    8.914742] systemd[1]: Started Create list of required static device nodes for the current kernel.
[[0;32m  OK  [0m] Started Create list of required sta...ce nodes for the current kernel.
[    8.965034] systemd[1]: Starting Create Static Device Nodes in /dev...
         Starting Create Static Device Nodes in /dev...
[    9.000823] systemd[1]: Started Uncomplicated firewall.
[[0;32m  OK  [0m] Started Uncomplicated firewall.
[    9.163057] Loading iSCSI transport class v2.0-870.
[    9.169300] systemd[1]: Mounted Debug File System.
[    9.169357] EXT4-fs (sda1): re-mounted. Opts: (null)
[[0;32m  OK  [0m] Mounted Debug File System.
[    9.172078] systemd[1]: Mounted Huge Pages File System.
[[0;32m  OK  [0m] Mounted Huge Pages File System.
[    9.173998] systemd[1]: Mounted POSIX Message Queue File System.
[[0;32m  OK  [0m] Mounted POSIX Message Queue File System.
[    9.193773] systemd[1]: Started Remount Root and Kernel File Systems.
[[0;32m  OK  [0m] Started Remount Root and Kernel File Systems.
[    9.301461] systemd[1]: Starting udev Coldplug all Devices...
         Starting udev Coldplug all Devices...
[    9.308149] systemd[1]: Starting Load/Save Random Seed...
         Starting Load/Save Random Seed...
[    9.313882] systemd[1]: Started Nameserver information manager.
[[0;32m  OK  [0m] Started Nameserver information manager.
[    9.359359] systemd[1]: Started Journal Service.
[[0;32m  OK  [0m] Started Journal Service.
         Starting Flush Journal to Persistent Storage...
[    9.382961] iscsi: registered transport (tcp)
[[0;32m  OK  [0m] Started udev Coldplug all Devices.
[[0;32m  OK  [0m] Started Set console keymap.
[[0;32m  OK  [0m] Started Load/Save Random Seed.
[[0;32m  OK  [0m] Started LVM2 metadata daemon.
[    9.656227] systemd-journald[409]: Received request to flush runtime journal from PID 1
[[0;32m  OK  [0m] Started Flush Journal to Persistent Storage.
[    9.773945] iscsi: registered transport (iser)
[[0;32m  OK  [0m] Started Load Kernel Modules.
         Mounting FUSE Control File System...
         Starting Apply Kernel Variables...
[[0;32m  OK  [0m] Mounted FUSE Control File System.
[[0;32m  OK  [0m] Started Create Static Device Nodes in /dev.
         Starting udev Kernel Device Manager...
[[0;32m  OK  [0m] Started Monitoring of LVM2 mirrors,...ng dmeventd or progress polling.
[[0;32m  OK  [0m] Reached target Local File Systems (Pre).
[[0;32m  OK  [0m] Reached target Local File Systems.
         Starting Create Volatile Files and Directories...
         Starting Set console font and keymap...
         Starting Tell Plymouth To Write Out Runtime Data...
         Starting LSB: AppArmor initialization...
         Starting Initial cloud-init job (pre-networking)...
[[0;32m  OK  [0m] Started Apply Kernel Variables.
[[0;32m  OK  [0m] Started Create Volatile Files and Directories.
         Starting Update UTMP about System Boot/Shutdown...
[[0;32m  OK  [0m] Started Tell Plymouth To Write Out Runtime Data.
[[0;32m  OK  [0m] Started Update UTMP about System Boot/Shutdown.
[[0;32m  OK  [0m] Started udev Kernel Device Manager.
[[0;32m  OK  [0m] Started Dispatch Password Requests to Console Directory Watch.
[[0;32m  OK  [0m] Started Set console font and keymap.
[[0;32m  OK  [0m] Created slice system-getty.slice.
[[0;32m  OK  [0m] Found device /dev/ttyS0.
[[0;32m  OK  [0m] Listening on Load/Save RF Kill Switch Status /dev/rfkill Watch.
[[0;32m  OK  [0m] Found device 82540EM Gigabit Ethern...r (PRO/1000 MT Desktop Adapter).
[[0;32m  OK  [0m] Started LSB: AppArmor initialization.
[   16.126577] cloud-init[494]: Cloud-init v. 18.4-0ubuntu1~16.04.2 running 'init-local' at Thu, 07 Mar 2019 21:09:04 +0000. Up 15.38 seconds.
[[0;32m  OK  [0m] Started Initial cloud-init job (pre-networking).
[[0;32m  OK  [0m] Reached target Network (Pre).
[[0;32m  OK  [0m] Started ifup for enp0s3.
         Starting Raise network interfaces...
[[0;32m  OK  [0m] Started Raise network interfaces.
         Starting Initial cloud-init job (metadata service crawler)...
[[0;32m  OK  [0m] Reached target Network.
[   17.556963] cloud-init[979]: Cloud-init v. 18.4-0ubuntu1~16.04.2 running 'init' at Thu, 07 Mar 2019 21:09:05 +0000. Up 16.94 seconds.
[   17.559914] cloud-init[979]: ci-info: ++++++++++++++++++++++++++++++++++++++Net device info++++++++++++++++++++++++++++++++++++++
[   17.563542] cloud-init[979]: ci-info: +--------+------+----------------------------+---------------+--------+-------------------+
[   17.565244] cloud-init[979]: ci-info: | Device |  Up  |          Address           |      Mask     | Scope  |     Hw-Address    |
[   17.566799] cloud-init[979]: ci-info: +--------+------+----------------------------+---------------+--------+-------------------+
[   17.568357] cloud-init[979]: ci-info: | enp0s3 | True |         10.0.2.15          | 255.255.255.0 | global | 02:93:d9:eb:1f:df |
[   17.569919] cloud-init[979]: ci-info: | enp0s3 | True | fe80::93:d9ff:feeb:1fdf/64 |       .       |  link  | 02:93:d9:eb:1f:df |
[   17.571561] cloud-init[979]: ci-info: |   lo   | True |         127.0.0.1          |   255.0.0.0   |  host  |         .         |
[   17.573113] cloud-init[979]: ci-info: |   lo   | True |          ::1/128           |       .       |  host  |         .         |
[   17.574679] cloud-init[979]: ci-info: +--------+------+----------------------------+---------------+--------+-------------------+
[   17.576287] cloud-init[979]: ci-info: +++++++++++++++++++++++++++Route IPv4 info++++++++++++++++++++++++++++
[   17.577664] cloud-init[979]: ci-info: +-------+-------------+----------+---------------+-----------+-------+
[   17.579029] cloud-init[979]: ci-info: | Route | Destination | Gateway  |    Genmask    | Interface | Flags |
[   17.581780] cloud-init[979]: ci-info: +-------+-------------+----------+---------------+-----------+-------+
[   17.583156] cloud-init[979]: ci-info: |   0   |   0.0.0.0   | 10.0.2.2 |    0.0.0.0    |   enp0s3  |   UG  |
[   17.584557] cloud-init[979]: ci-info: |   1   |   10.0.2.0  | 0.0.0.0  | 255.255.255.0 |   enp0s3  |   U   |
[   17.585965] cloud-init[979]: ci-info: +-------+-------------+----------+---------------+-----------+-------+
[   17.587364] cloud-init[979]: ci-info: +++++++++++++++++++Route IPv6 info+++++++++++++++++++
[   17.588597] cloud-init[979]: ci-info: +-------+-------------+---------+-----------+-------+
[   17.589827] cloud-init[979]: ci-info: | Route | Destination | Gateway | Interface | Flags |
[   17.591050] cloud-init[979]: ci-info: +-------+-------------+---------+-----------+-------+
[   17.592326] cloud-init[979]: ci-info: |   0   |  fe80::/64  |    ::   |   enp0s3  |   U   |
[   17.593549] cloud-init[979]: ci-info: |   3   |   ff00::/8  |    ::   |   enp0s3  |   U   |
[   17.594754] cloud-init[979]: ci-info: +-------+-------------+---------+-----------+-------+
[[0;32m  OK  [0m] Started Initial cloud-init job (metadata service crawler).
[[0;32m  OK  [0m] Reached target Cloud-config availability.
[[0;32m  OK  [0m] Reached target Network is Online.
         Starting iSCSI initiator daemon (iscsid)...
[[0;32m  OK  [0m] Reached target System Initialization.
         Starting Socket activation for snappy daemon.
[[0;32m  OK  [0m] Started ACPI Events Check.
[[0;32m  OK  [0m] Reached target Paths.
[[0;32m  OK  [0m] Listening on UUID daemon activation socket.
[[0;32m  OK  [0m] Listening on D-Bus System Message Bus Socket.
         Starting LXD - unix socket.
[[0;32m  OK  [0m] Listening on ACPID Listen Socket.
[[0;32m  OK  [0m] Started Daily apt download activities.
[[0;32m  OK  [0m] Started Daily apt upgrade and clean activities.
[[0;32m  OK  [0m] Started Daily Cleanup of Temporary Directories.
[[0;32m  OK  [0m] Reached target Timers.
[[0;32m  OK  [0m] Listening on Socket activation for snappy daemon.
[[0;32m  OK  [0m] Listening on LXD - unix socket.
[[0;32m  OK  [0m] Reached target Sockets.
[[0;32m  OK  [0m] Reached target Basic System.
         Starting LXD - container startup/shutdown...
         Starting /etc/rc.local Compatibility...
         Starting Accounts Service...
         Starting OpenBSD Secure Shell server...
[[0;32m  OK  [0m] Started ACPI event daemon.
         Starting Login Service...
         Starting A high performance web server and a reverse proxy server...
         Starting LSB: MD monitoring daemon...
[[0;32m  OK  [0m] Started FUSE filesystem for LXC.
[[0;32m  OK  [0m] Started Regular background program processing daemon.
[[0;32m  OK  [0m] Started Unattended Upgrades Shutdown.
         Starting LSB: Record successful boot for GRUB...
         Starting System Logging Service...
         Starting Virtualbox guest utils...
         Starting PostgreSQL Cluster 10-main...
[[0;32m  OK  [0m] Started Deferred execution scheduler.
         Starting PostgreSQL Cluster 9.5-main...
         Starting MySQL Community Server...
[[0;32m  OK  [0m] Started D-Bus System Message Bus.
         Starting Snappy daemon...
[[0;32m  OK  [0m] Started System Logging Service.
[[0;32m  OK  [0m] Started iSCSI initiator daemon (iscsid).
[[0;32m  OK  [0m] Started /etc/rc.local Compatibility.
         Starting Login to default iSCSI targets...
[[0;32m  OK  [0m] Started Login Service.
         Starting Authenticate and Authorize Users to Run Privileged Tasks...
[[0;32m  OK  [0m] Started Login to default iSCSI targets.
[[0;32m  OK  [0m] Reached target Remote File Systems (Pre).
[[0;32m  OK  [0m] Reached target Remote File Systems.
         Starting LSB: Start/stop sysstat's sadc...
         Starting LSB: daemon to balance interrupts for SMP systems...
         Starting LSB: Set the CPU Frequency Scaling governor to "ondemand"...
         Starting Permit User Sessions...
         Starting LSB: automatic crash report generation...
[[0;32m  OK  [0m] Started LSB: Record successful boot for GRUB.
[[0;32m  OK  [0m] Started LSB: MD monitoring daemon.
[[0;32m  OK  [0m] Started OpenBSD Secure Shell server.
[[0;32m  OK  [0m] Started LSB: Set the CPU Frequency Scaling governor to "ondemand".
[[0;32m  OK  [0m] Started Permit User Sessions.
         Starting Terminate Plymouth Boot Screen...
         Starting Hold until boot process finishes up...
[[0;32m  OK  [0m] Started LSB: daemon to balance interrupts for SMP systems.
[[0;32m  OK  [0m] Started Terminate Plymouth Boot Screen.
[[0;32m  OK  [0m] Started Hold until boot process finishes up.
[[0;32m  OK  [0m] Started Serial Getty on ttyS0.
         Starting Set console scheme...
[[0;32m  OK  [0m] Started Getty on tty1.
[[0;32m  OK  [0m] Reached target Login Prompts.
[[0;32m  OK  [0m] Started Set console scheme.
[[0;32m  OK  [0m] Started LSB: Start/stop sysstat's sadc.
[[0;32m  OK  [0m] Started LSB: automatic crash report generation.
[[0;32m  OK  [0m] Started LXD - container startup/shutdown.
[[0;32m  OK  [0m] Started Authenticate and Authorize Users to Run Privileged Tasks.
[[0;32m  OK  [0m] Started Accounts Service.
[[0;32m  OK  [0m] Started Virtualbox guest utils.
[[0;32m  OK  [0m] Started A high performance web server and a reverse proxy server.
[[0;32m  OK  [0m] Created slice User Slice of vagrant.
         Starting User Manager for UID 1000...
[[0;32m  OK  [0m] Started Session 1 of user vagrant.
[[0;32m  OK  [0m] Started User Manager for UID 1000.

Ubuntu 16.04.6 LTS ubuntu-xenial ttyS0

ubuntu-xenial login: [   28.115811] cloud-init[1359]: Cloud-init v. 18.4-0ubuntu1~16.04.2 running 'modules:config' at Thu, 07 Mar 2019 21:09:15 +0000. Up 26.98 seconds.
[   33.298989] cloud-init[1859]: Cloud-init v. 18.4-0ubuntu1~16.04.2 running 'modules:final' at Thu, 07 Mar 2019 21:09:21 +0000. Up 33.08 seconds.
[   33.299232] cloud-init[1859]: Cloud-init v. 18.4-0ubuntu1~16.04.2 finished at Thu, 07 Mar 2019 21:09:22 +0000. Datasource DataSourceNoCloud [seed=/dev/sdb][dsmode=net].  Up 33.29 seconds
