[    0.000000] Initializing cgroup subsys cpuset
[    0.000000] Initializing cgroup subsys cpu
[    0.000000] Initializing cgroup subsys cpuacct
[    0.000000] Linux version 4.4.0-145-generic (buildd@lcy01-amd64-023) (gcc version 5.4.0 20160609 (Ubuntu 5.4.0-6ubuntu1~16.04.10) ) #171-Ubuntu SMP Tue Mar 26 12:44:29 UTC 2019 (Ubuntu 4.4.0-145.171-generic 4.4.176)
[    0.000000] KERNEL supported cpus:
[    0.000000]   Intel GenuineIntel
[    0.000000]   AMD AuthenticAMD
[    0.000000]   NSC Geode by NSC
[    0.000000]   Cyrix CyrixInstead
[    0.000000]   Centaur CentaurHauls
[    0.000000]   Transmeta GenuineTMx86
[    0.000000]   Transmeta TransmetaCPU
[    0.000000]   UMC UMC UMC UMC
[    0.000000] x86/fpu: xstate_offset[2]:  576, xstate_sizes[2]:  256
[    0.000000] x86/fpu: Supporting XSAVE feature 0x01: 'x87 floating point registers'
[    0.000000] x86/fpu: Supporting XSAVE feature 0x02: 'SSE registers'
[    0.000000] x86/fpu: Supporting XSAVE feature 0x04: 'AVX registers'
[    0.000000] x86/fpu: Enabled xstate features 0x7, context size is 832 bytes, using 'standard' format.
[    0.000000] e820: BIOS-provided physical RAM map:
[    0.000000] BIOS-e820: [mem 0x0000000000000000-0x000000000009fbff] usable
[    0.000000] BIOS-e820: [mem 0x000000000009fc00-0x000000000009ffff] reserved
[    0.000000] BIOS-e820: [mem 0x00000000000f0000-0x00000000000fffff] reserved
[    0.000000] BIOS-e820: [mem 0x0000000000100000-0x000000003ffeffff] usable
[    0.000000] BIOS-e820: [mem 0x000000003fff0000-0x000000003fffffff] ACPI data
[    0.000000] BIOS-e820: [mem 0x00000000fec00000-0x00000000fec00fff] reserved
[    0.000000] BIOS-e820: [mem 0x00000000fee00000-0x00000000fee00fff] reserved
[    0.000000] BIOS-e820: [mem 0x00000000fffc0000-0x00000000ffffffff] reserved
[    0.000000] NX (Execute Disable) protection: active
[    0.000000] SMBIOS 2.5 present.
[    0.000000] Hypervisor detected: KVM
[    0.000000] e820: last_pfn = 0x3fff0 max_arch_pfn = 0x1000000
[    0.000000] MTRR: Disabled
[    0.000000] x86/PAT: MTRRs disabled, skipping PAT initialization too.
[    0.000000] CPU MTRRs all blank - virtualized system.
[    0.000000] x86/PAT: Configuration [0-7]: WB  WT  UC- UC  WB  WT  UC- UC  
[    0.000000] found SMP MP-table at [mem 0x0009fff0-0x0009ffff] mapped at [c009fff0]
[    0.000000] Scanning 1 areas for low memory corruption
[    0.000000] RAMDISK: [mem 0x36314000-0x37181fff]
[    0.000000] ACPI: Early table checksum verification disabled
[    0.000000] ACPI: RSDP 0x00000000000E0000 000024 (v02 VBOX  )
[    0.000000] ACPI: XSDT 0x000000003FFF0030 00003C (v01 VBOX   VBOXXSDT 00000001 ASL  00000061)
[    0.000000] ACPI: FACP 0x000000003FFF00F0 0000F4 (v04 VBOX   VBOXFACP 00000001 ASL  00000061)
[    0.000000] ACPI: DSDT 0x000000003FFF0470 0022EA (v02 VBOX   VBOXBIOS 00000002 INTL 20180105)
[    0.000000] ACPI: FACS 0x000000003FFF0200 000040
[    0.000000] ACPI: FACS 0x000000003FFF0200 000040
[    0.000000] ACPI: APIC 0x000000003FFF0240 00005C (v02 VBOX   VBOXAPIC 00000001 ASL  00000061)
[    0.000000] ACPI: SSDT 0x000000003FFF02A0 0001CC (v01 VBOX   VBOXCPUT 00000002 INTL 20180105)
[    0.000000] 131MB HIGHMEM available.
[    0.000000] 891MB LOWMEM available.
[    0.000000]   mapped low ram: 0 - 37bfe000
[    0.000000]   low ram: 0 - 37bfe000
[    0.000000] kvm-clock: Using msrs 4b564d01 and 4b564d00
[    0.000000] kvm-clock: cpu 0, msr 0:37bfd001, primary cpu clock
[    0.000000] kvm-clock: using sched offset of 3966464513 cycles
[    0.000000] clocksource: kvm-clock: mask: 0xffffffffffffffff max_cycles: 0x1cd42e4dffb, max_idle_ns: 881590591483 ns
[    0.000000] Zone ranges:
[    0.000000]   DMA      [mem 0x0000000000001000-0x0000000000ffffff]
[    0.000000]   Normal   [mem 0x0000000001000000-0x0000000037bfdfff]
[    0.000000]   HighMem  [mem 0x0000000037bfe000-0x000000003ffeffff]
[    0.000000] Movable zone start for each node
[    0.000000] Early memory node ranges
[    0.000000]   node   0: [mem 0x0000000000001000-0x000000000009efff]
[    0.000000]   node   0: [mem 0x0000000000100000-0x000000003ffeffff]
[    0.000000] Initmem setup node 0 [mem 0x0000000000001000-0x000000003ffeffff]
[    0.000000] Using APIC driver default
[    0.000000] ACPI: PM-Timer IO Port: 0x4008
[    0.000000] IOAPIC[0]: apic_id 2, version 32, address 0xfec00000, GSI 0-23
[    0.000000] ACPI: INT_SRC_OVR (bus 0 bus_irq 0 global_irq 2 dfl dfl)
[    0.000000] ACPI: INT_SRC_OVR (bus 0 bus_irq 9 global_irq 9 low level)
[    0.000000] Using ACPI (MADT) for SMP configuration information
[    0.000000] smpboot: Allowing 2 CPUs, 0 hotplug CPUs
[    0.000000] PM: Registered nosave memory: [mem 0x00000000-0x00000fff]
[    0.000000] PM: Registered nosave memory: [mem 0x0009f000-0x0009ffff]
[    0.000000] PM: Registered nosave memory: [mem 0x000a0000-0x000effff]
[    0.000000] PM: Registered nosave memory: [mem 0x000f0000-0x000fffff]
[    0.000000] e820: [mem 0x40000000-0xfebfffff] available for PCI devices
[    0.000000] Booting paravirtualized kernel on KVM
[    0.000000] clocksource: refined-jiffies: mask: 0xffffffff max_cycles: 0xffffffff, max_idle_ns: 7645519600211568 ns
[    0.000000] setup_percpu: NR_CPUS:8 nr_cpumask_bits:8 nr_cpu_ids:2 nr_node_ids:1
[    0.000000] PERCPU: Embedded 19 pages/cpu @f71b0000 s47308 r0 d30516 u77824
[    0.000000] Built 1 zonelists in Zone order, mobility grouping on.  Total pages: 259800
[    0.000000] Kernel command line: BOOT_IMAGE=/boot/vmlinuz-4.4.0-145-generic root=UUID=18e9ec2c-7314-44b9-91eb-fe8d2a415144 ro console=tty1 console=ttyS0
[    0.000000] PID hash table entries: 4096 (order: 2, 16384 bytes)
[    0.000000] Dentry cache hash table entries: 131072 (order: 7, 524288 bytes)
[    0.000000] Inode-cache hash table entries: 65536 (order: 6, 262144 bytes)
[    0.000000] Initializing CPU#0
[    0.000000] Initializing HighMem for node 0 (00037bfe:0003fff0)
[    0.000000] Initializing Movable for node 0 (00000000:00000000)
[    0.000000] Memory: 1007996K/1048120K available (8098K kernel code, 792K rwdata, 3184K rodata, 932K init, 784K bss, 40124K reserved, 0K cma-reserved, 135112K highmem)
[    0.000000] virtual kernel memory layout:
[    0.000000]     fixmap  : 0xfff15000 - 0xfffff000   ( 936 kB)
[    0.000000]     pkmap   : 0xffc00000 - 0xffe00000   (2048 kB)
[    0.000000]     vmalloc : 0xf83fe000 - 0xffbfe000   ( 120 MB)
[    0.000000]     lowmem  : 0xc0000000 - 0xf7bfe000   ( 891 MB)
[    0.000000]       .init : 0xc1bcf000 - 0xc1cb8000   ( 932 kB)
[    0.000000]       .data : 0xc17e8dc8 - 0xc1bcd100   (3984 kB)
[    0.000000]       .text : 0xc1000000 - 0xc17e8dc8   (8099 kB)
[    0.000000] Checking if this processor honours the WP bit even in supervisor mode...Ok.
[    0.000000] SLUB: HWalign=64, Order=0-3, MinObjects=0, CPUs=2, Nodes=1
[    0.000000] Hierarchical RCU implementation.
[    0.000000] 	Build-time adjustment of leaf fanout to 32.
[    0.000000] 	RCU restricting CPUs from NR_CPUS=8 to nr_cpu_ids=2.
[    0.000000] RCU: Adjusting geometry for rcu_fanout_leaf=32, nr_cpu_ids=2
[    0.000000] NR_IRQS:2304 nr_irqs:440 16
[    0.000000] Console: colour VGA+ 80x25
[    0.000000] console [tty1] enabled
[    0.000000] console [ttyS0] enabled
[    0.000000] allocated 1048576 bytes of page_ext
[    0.000000] tsc: Detected 2194.918 MHz processor
[    0.181311] Calibrating delay loop (skipped) preset value.. 4389.83 BogoMIPS (lpj=8779672)
[    0.183348] pid_max: default: 32768 minimum: 301
[    0.184464] ACPI: Core revision 20150930
[    0.186453] ACPI: 2 ACPI AML tables successfully acquired and loaded
[    0.187991] Security Framework initialized
[    0.192217] Yama: becoming mindful.
[    0.193271] AppArmor: AppArmor initialized
[    0.194282] Mount-cache hash table entries: 2048 (order: 1, 8192 bytes)
[    0.195792] Mountpoint-cache hash table entries: 2048 (order: 1, 8192 bytes)
[    0.197528] Initializing cgroup subsys io
[    0.199079] Initializing cgroup subsys memory
[    0.200103] Initializing cgroup subsys devices
[    0.201196] Initializing cgroup subsys freezer
[    0.202294] Initializing cgroup subsys net_cls
[    0.203321] Initializing cgroup subsys perf_event
[    0.205800] Initializing cgroup subsys net_prio
[    0.208938] Initializing cgroup subsys hugetlb
[    0.210211] Initializing cgroup subsys pids
[    0.213138] mce: CPU supports 0 MCE banks
[    0.213996] Last level iTLB entries: 4KB 64, 2MB 8, 4MB 8
[    0.214959] Last level dTLB entries: 4KB 64, 2MB 0, 4MB 0, 1GB 4
[    0.216032] Spectre V2 : Mitigation: Full generic retpoline
[    0.217117] Spectre V2 : Spectre v2 / SpectreRSB mitigation: Filling RSB on context switch
[    0.218643] Speculative Store Bypass: Vulnerable
[    0.224030] Freeing SMP alternatives memory: 36K
[    0.231389] ftrace: allocating 31556 entries in 62 pages
[    0.300813] smpboot: APIC(0) Converting physical 0 to logical package 0
[    0.302035] smpboot: Max logical packages: 1
[    0.302855] Enabling APIC mode:  Flat.  Using 1 I/O APICs
[    0.305709] ..TIMER: vector=0x30 apic1=0 pin1=2 apic2=-1 pin2=-1
[    0.412197] APIC calibration not consistent with PM-Timer: 97ms instead of 100ms
[    0.413700] APIC delta adjusted to PM-Timer: 6268675 (6085057)
[    0.414871] smpboot: CPU0: Intel(R) Core(TM) i5-5200U CPU @ 2.20GHz (family: 0x6, model: 0x3d, stepping: 0x4)
[    0.416838] Performance Events: unsupported p6 CPU model 61 no PMU driver, software events only.
[    0.428481] KVM setup paravirtual spinlock
[    0.430288] x86: Booting SMP configuration:
[    0.431166] .... node  #0, CPUs:      #1
[1266874885.743087] Initializing CPU#1
[    0.432733] kvm-clock: cpu 1, msr 0:37bfd041, secondary cpu clock
[    0.435975] mce: CPU supports 0 MCE banks
[    0.448208] x86: Booted up 1 node, 2 CPUs
[    0.449960] smpboot: Total of 2 processors activated (8779.67 BogoMIPS)
[    0.452301] devtmpfs: initialized
[    0.453464] evm: security.selinux
[    0.454184] evm: security.SMACK64
[    0.454898] evm: security.SMACK64EXEC
[    0.455969] evm: security.SMACK64TRANSMUTE
[    0.458972] evm: security.SMACK64MMAP
[    0.459738] evm: security.ima
[    0.460383] evm: security.capability
[    0.461422] clocksource: jiffies: mask: 0xffffffff max_cycles: 0xffffffff, max_idle_ns: 7645041785100000 ns
[    0.463608] futex hash table entries: 512 (order: 3, 32768 bytes)
[    0.465127] pinctrl core: initialized pinctrl subsystem
[    0.466464] RTC time: 20:33:37, date: 05/13/19
[    0.468016] NET: Registered protocol family 16
[    0.469566] EISA bus registered
[    0.479082] cpuidle: using governor ladder
[    0.491287] cpuidle: using governor menu
[    0.492385] PCCT header not found.
[    0.493483] ACPI: bus type PCI registered
[    0.494846] acpiphp: ACPI Hot Plug PCI Controller Driver version: 0.5
[    0.497181] PCI : PCI BIOS area is rw and x. Use pci=nobios if you want it NX.
[    0.500122] PCI: PCI BIOS revision 2.10 entry at 0xfda26, last bus=0
[    0.502170] PCI: Using configuration type 1 for base access
[    0.515709] ACPI: Added _OSI(Module Device)
[    0.516907] ACPI: Added _OSI(Processor Device)
[    0.520444] ACPI: Added _OSI(3.0 _SCP Extensions)
[    0.521603] ACPI: Added _OSI(Processor Aggregator Device)
[    0.525983] ACPI: Executed 1 blocks of module-level executable AML code
[    0.530321] ACPI: Interpreter enabled
[    0.531485] ACPI: (supports S0 S5)
[    0.532385] ACPI: Using IOAPIC for interrupt routing
[    0.533767] PCI: Using host bridge windows from ACPI; if necessary, use "pci=nocrs" and report a bug
[    0.551807] ACPI: PCI Root Bridge [PCI0] (domain 0000 [bus 00-ff])
[    0.553394] acpi PNP0A03:00: _OSC: OS supports [ASPM ClockPM Segments MSI]
[    0.559720] acpi PNP0A03:00: _OSC: not requesting OS control; OS requires [ExtendedConfig ASPM ClockPM MSI]
[    0.562178] acpi PNP0A03:00: fail to add MMCONFIG information, can't access extended PCI configuration space under this bridge.
[    0.565470] PCI host bridge to bus 0000:00
[    0.566442] pci_bus 0000:00: root bus resource [io  0x0000-0x0cf7 window]
[    0.567929] pci_bus 0000:00: root bus resource [io  0x0d00-0xffff window]
[    0.569450] pci_bus 0000:00: root bus resource [mem 0x000a0000-0x000bffff window]
[    0.571573] pci_bus 0000:00: root bus resource [mem 0x40000000-0xfdffffff window]
[    0.575036] pci_bus 0000:00: root bus resource [bus 00-ff]
[    0.578068] pci 0000:00:01.1: legacy IDE quirk: reg 0x10: [io  0x01f0-0x01f7]
[    0.579679] pci 0000:00:01.1: legacy IDE quirk: reg 0x14: [io  0x03f6]
[    0.581320] pci 0000:00:01.1: legacy IDE quirk: reg 0x18: [io  0x0170-0x0177]
[    0.583149] pci 0000:00:01.1: legacy IDE quirk: reg 0x1c: [io  0x0376]
[    0.616195] pci 0000:00:07.0: quirk: [io  0x4000-0x403f] claimed by PIIX4 ACPI
[    0.618113] pci 0000:00:07.0: quirk: [io  0x4100-0x410f] claimed by PIIX4 SMB
[    0.630053] ACPI: PCI Interrupt Link [LNKA] (IRQs 5 9 10 *11)
[    0.632317] ACPI: PCI Interrupt Link [LNKB] (IRQs 5 9 *10 11)
[    0.634895] ACPI: PCI Interrupt Link [LNKC] (IRQs 5 *9 10 11)
[    0.640141] ACPI: PCI Interrupt Link [LNKD] (IRQs 5 9 10 *11)
[    0.644451] ACPI: Enabled 2 GPEs in block 00 to 07
[    0.646659] vgaarb: setting as boot device: PCI:0000:00:02.0
[    0.648781] vgaarb: device added: PCI:0000:00:02.0,decodes=io+mem,owns=io+mem,locks=none
[    0.652276] vgaarb: loaded
[    0.653305] vgaarb: bridge control possible 0000:00:02.0
[    0.656017] SCSI subsystem initialized
[    0.658520] ACPI: bus type USB registered
[    0.659879] usbcore: registered new interface driver usbfs
[    0.661679] usbcore: registered new interface driver hub
[    0.663270] usbcore: registered new device driver usb
[    0.665342] PCI: Using ACPI for IRQ routing
[    0.668479] NetLabel: Initializing
[    0.669640] NetLabel:  domain hash size = 128
[    0.671043] NetLabel:  protocols = UNLABELED CIPSOv4
[    0.673283] NetLabel:  unlabeled traffic allowed by default
[    0.679800] amd_nb: Cannot enumerate AMD northbridges
[    0.687590] clocksource: Switched to clocksource kvm-clock
[    0.712954] AppArmor: AppArmor Filesystem Enabled
[    0.714027] pnp: PnP ACPI init
[    0.715673] pnp: PnP ACPI: found 3 devices
[    0.716501] PnPBIOS: Disabled by ACPI PNP
[    0.762133] clocksource: acpi_pm: mask: 0xffffff max_cycles: 0xffffff, max_idle_ns: 2085701024 ns
[    0.764827] NET: Registered protocol family 2
[    0.766457] TCP established hash table entries: 8192 (order: 3, 32768 bytes)
[    0.768270] TCP bind hash table entries: 8192 (order: 4, 65536 bytes)
[    0.771414] TCP: Hash tables configured (established 8192 bind 8192)
[    0.774025] UDP hash table entries: 512 (order: 2, 16384 bytes)
[    0.775837] UDP-Lite hash table entries: 512 (order: 2, 16384 bytes)
[    0.777600] NET: Registered protocol family 1
[    0.778874] pci 0000:00:00.0: Limiting direct PCI/PCI transfers
[    0.780514] pci 0000:00:01.0: Activating ISA DMA hang workarounds
[    0.783037] Unpacking initramfs...
[    1.060032] Freeing initrd memory: 14776K
[    1.061671] RAPL PMU detected, API unit is 2^-32 Joules, 4 fixed counters 10737418240 ms ovfl timer
[    1.063483] hw unit of domain pp0-core 2^-0 Joules
[    1.064464] hw unit of domain package 2^-0 Joules
[    1.065332] hw unit of domain dram 2^-0 Joules
[    1.066158] hw unit of domain pp1-gpu 2^-0 Joules
[    1.067106] platform rtc_cmos: registered platform RTC device (no PNP device found)
[    1.068701] Scanning for low memory corruption every 60 seconds
[    1.070206] audit: initializing netlink subsys (disabled)
[    1.072889] audit: type=2000 audit(1557779623.418:1): initialized
[    1.079224] Initialise system trusted keyring
[    1.082560] HugeTLB registered 2 MB page size, pre-allocated 0 pages
[    1.086360] zbud: loaded
[    1.090928] VFS: Disk quotas dquot_6.6.0
[    1.095156] VFS: Dquot-cache hash table entries: 1024 (order 0, 4096 bytes)
[    1.097783] squashfs: version 4.0 (2009/01/31) Phillip Lougher
[    1.099832] fuse init (API version 7.23)
[    1.101565] Key type big_key registered
[    1.102793] Allocating IMA MOK and blacklist keyrings.
[    1.108431] Key type asymmetric registered
[    1.109357] Asymmetric key parser 'x509' registered
[    1.110270] bounce: pool size: 64 pages
[    1.111078] Block layer SCSI generic (bsg) driver version 0.4 loaded (major 249)
[    1.112766] io scheduler noop registered
[    1.113567] io scheduler deadline registered (default)
[    1.114535] io scheduler cfq registered
[    1.115425] pci_hotplug: PCI Hot Plug PCI Core version: 0.5
[    1.116534] pciehp: PCI Express Hot Plug Controller Driver version: 0.4
[    1.117780] ACPI: AC Adapter [AC] (on-line)
[    1.118654] input: Power Button as /devices/LNXSYSTM:00/LNXPWRBN:00/input/input0
[    1.120547] ACPI: Power Button [PWRF]
[    1.121693] input: Sleep Button as /devices/LNXSYSTM:00/LNXSLPBN:00/input/input1
[    1.123795] ACPI: Sleep Button [SLPF]
[    1.126355] ACPI: Battery Slot [BAT0] (battery present)
[    1.127608] GHES: HEST is not enabled!
[    1.128885] isapnp: Scanning for PnP cards...
[    1.135914] Serial: 8250/16550 driver, 32 ports, IRQ sharing enabled
ðñòóôõö÷øùúûüýþÿ[    1.161237] 00:02: ttyS0 at I/O 0x3f8 (irq = 4, base_baud = 115200) is a 16550A
[    1.164943] Linux agpgart interface v0.103
[    1.167924] loop: module loaded
[    1.178683] scsi host0: ata_piix
[    1.182019] scsi host1: ata_piix
[    1.182907] ata1: PATA max UDMA/33 cmd 0x1f0 ctl 0x3f6 bmdma 0xd000 irq 14
[    1.184410] ata2: PATA max UDMA/33 cmd 0x170 ctl 0x376 bmdma 0xd008 irq 15
[    1.186239] libphy: Fixed MDIO Bus: probed
[    1.187225] tun: Universal TUN/TAP device driver, 1.6
[    1.190407] tun: (C) 1999-2004 Max Krasnyansky <maxk@qualcomm.com>
[    1.191889] PPP generic driver version 2.4.2
[    1.193130] ehci_hcd: USB 2.0 'Enhanced' Host Controller (EHCI) Driver
[    1.194519] ehci-pci: EHCI PCI platform driver
[    1.195582] ehci-platform: EHCI generic platform driver
[    1.197352] ohci_hcd: USB 1.1 'Open' Host Controller (OHCI) Driver
[    1.198715] ohci-pci: OHCI PCI platform driver
[    1.199873] ohci-platform: OHCI generic platform driver
[    1.201142] uhci_hcd: USB Universal Host Controller Interface driver
[    1.202761] i8042: PNP: PS/2 Controller [PNP0303:PS2K,PNP0f03:PS2M] at 0x60,0x64 irq 1,12
[    1.210228] serio: i8042 KBD port at 0x60,0x64 irq 1
[    1.211487] serio: i8042 AUX port at 0x60,0x64 irq 12
[    1.212814] mousedev: PS/2 mouse device common for all mice
[    1.214552] rtc_cmos rtc_cmos: rtc core: registered rtc_cmos as rtc0
[    1.216258] input: AT Translated Set 2 keyboard as /devices/platform/i8042/serio0/input/input2
[    1.218852] rtc_cmos rtc_cmos: alarms up to one day, 114 bytes nvram
[    1.220484] i2c /dev entries driver
[    1.225247] device-mapper: uevent: version 1.0.3
[    1.226556] device-mapper: ioctl: 4.34.0-ioctl (2015-10-28) initialised: dm-devel@redhat.com
[    1.228641] platform eisa.0: Probing EISA bus 0
[    1.229704] platform eisa.0: EISA: Cannot allocate resource for mainboard
[    1.231153] platform eisa.0: Cannot allocate resource for EISA slot 1
[    1.232606] platform eisa.0: Cannot allocate resource for EISA slot 2
[    1.234151] platform eisa.0: Cannot allocate resource for EISA slot 3
[    1.235988] platform eisa.0: Cannot allocate resource for EISA slot 4
[    1.237783] platform eisa.0: Cannot allocate resource for EISA slot 5
[    1.243615] platform eisa.0: Cannot allocate resource for EISA slot 6
[    1.245073] platform eisa.0: Cannot allocate resource for EISA slot 7
[    1.246759] platform eisa.0: Cannot allocate resource for EISA slot 8
[    1.248181] platform eisa.0: EISA: Detected 0 cards
[    1.250045] cpufreq-nforce2: No nForce2 chipset.
[    1.251118] ledtrig-cpu: registered to indicate activity on CPUs
[    1.252825] NET: Registered protocol family 10
[    1.254138] NET: Registered protocol family 17
[    1.259115] Key type dns_resolver registered
[    1.260439] Using IPI No-Shortcut mode
[    1.262532] registered taskstats version 1
[    1.263567] Loading compiled-in X.509 certificates
[    1.272131] Loaded X.509 cert 'Build time autogenerated kernel key: 94e0aa8802c72e564137a0b5a234dba96bfe4cb5'
[    1.276346] zswap: loaded using pool lzo/zbud
[    1.283089] Key type trusted registered
[    1.289485] Key type encrypted registered
[    1.293098] AppArmor: AppArmor sha1 policy hashing enabled
[    1.296312] ima: No TPM chip found, activating TPM-bypass!
[    1.297694] ima: Allocated hash algorithm: sha1
[    1.298762] evm: HMAC attrs: 0x1
[    1.299895]   Magic number: 3:123:599
[    1.300808] serial8250 serial8250: hash matches
[    1.301964] rtc_cmos rtc_cmos: setting system clock to 2019-05-13 20:33:38 UTC (1557779618)
[    1.306988] BIOS EDD facility v0.16 2004-Jun-25, 0 devices found
[    1.312125] EDD information not available.
[    1.496137] isapnp: No Plug & Play device found
[    1.498561] Freeing unused kernel memory: 932K
[    2.042027] Write protecting the kernel text: 8100k
[    2.045184] Write protecting the kernel read-only data: 3192k
[    2.047976] NX-protecting the kernel data: 6236k
Loading, please wait...
[    2.063630] tsc: Refined TSC clocksource calibration: 2195.323 MHz
[    2.065193] clocksource: tsc: mask: 0xffffffffffffffff max_cycles: 0x1fa4f0c8387, max_idle_ns: 440795311890 ns
starting version 229
[    2.075643] random: systemd-udevd: uninitialized urandom read (16 bytes read, 0 bits of entropy available)
[    2.076716] random: udevadm: uninitialized urandom read (16 bytes read, 0 bits of entropy available)
[    2.096726] random: systemd-udevd: uninitialized urandom read (16 bytes read, 0 bits of entropy available)
[    2.098799] random: udevadm: uninitialized urandom read (16 bytes read, 0 bits of entropy available)
[    2.098887] random: udevadm: uninitialized urandom read (16 bytes read, 0 bits of entropy available)
[    2.099152] random: udevadm: uninitialized urandom read (16 bytes read, 0 bits of entropy available)
[    2.099251] random: udevadm: uninitialized urandom read (16 bytes read, 0 bits of entropy available)
[    2.099342] random: udevadm: uninitialized urandom read (16 bytes read, 0 bits of entropy available)
[    2.099449] random: udevadm: uninitialized urandom read (16 bytes read, 0 bits of entropy available)
[    2.099570] random: udevadm: uninitialized urandom read (16 bytes read, 0 bits of entropy available)
[    2.173578] e1000: Intel(R) PRO/1000 Network Driver - version 7.3.21-k8-NAPI
[    2.175136] e1000: Copyright (c) 1999-2006 Intel Corporation.
[    2.179445] Fusion MPT base driver 3.04.20
[    2.180575] Copyright (c) 1999-2008 LSI Corporation
[    2.213140] Fusion MPT SPI Host driver 3.04.20
[    2.418500] input: ImExPS/2 Generic Explorer Mouse as /devices/platform/i8042/serio1/input/input4
[    2.559856] e1000 0000:00:03.0 eth0: (PCI:33MHz:32-bit) 02:93:d9:eb:1f:df
[    2.562039] e1000 0000:00:03.0 eth0: Intel(R) PRO/1000 Network Connection
[    2.564743] mptbase: ioc0: Initiating bringup
[    2.565406] e1000 0000:00:03.0 enp0s3: renamed from eth0
[    2.642008] ioc0: LSI53C1030 A0: Capabilities={Initiator}
[    3.145946] scsi host2: ioc0: LSI53C1030 A0, FwRev=00000000h, Ports=1, MaxQ=256, IRQ=20
[    3.392468] scsi 2:0:0:0: Direct-Access     VBOX     HARDDISK         1.0  PQ: 0 ANSI: 5
[    3.396311] scsi target2:0:0: Beginning Domain Validation
[    3.400247] scsi target2:0:0: Domain Validation skipping write tests
[    3.401910] scsi target2:0:0: Ending Domain Validation
[    3.403692] scsi target2:0:0: asynchronous
[    3.405657] scsi 2:0:1:0: Direct-Access     VBOX     HARDDISK         1.0  PQ: 0 ANSI: 5
[    3.408560] scsi target2:0:1: Beginning Domain Validation
[    3.412310] scsi target2:0:1: Domain Validation skipping write tests
[    3.413957] scsi target2:0:1: Ending Domain Validation
[    3.415496] scsi target2:0:1: asynchronous
[    3.427411] sd 2:0:0:0: Attached scsi generic sg0 type 0
[    3.429363] sd 2:0:0:0: [sda] 20971520 512-byte logical blocks: (10.7 GB/10.0 GiB)
[    3.429621] sd 2:0:1:0: [sdb] 20480 512-byte logical blocks: (10.5 MB/10.0 MiB)
[    3.429796] sd 2:0:1:0: [sdb] Write Protect is off
[    3.429910] sd 2:0:1:0: [sdb] Incomplete mode parameter data
[    3.429911] sd 2:0:1:0: [sdb] Assuming drive cache: write through
[    3.437582] sd 2:0:1:0: Attached scsi generic sg1 type 0
[    3.442128] sd 2:0:0:0: [sda] Write Protect is off
[    3.443840] sd 2:0:0:0: [sda] Incomplete mode parameter data
[    3.445244] sd 2:0:0:0: [sda] Assuming drive cache: write through
[    3.487155]  sda: sda1
[    3.492794] sd 2:0:0:0: [sda] Attached SCSI disk
[    3.504360] sd 2:0:1:0: [sdb] Attached SCSI disk
Begin: Loading essential drivers ... [    4.945294] md: linear personality registered for level -1
[    4.953705] md: multipath personality registered for level -4
[    4.960026] md: raid0 personality registered for level 0
[    4.970725] md: raid1 personality registered for level 1
[    5.047637] raid6: mmxx1    gen()  4286 MB/s
[    5.115658] raid6: mmxx2    gen()  3791 MB/s
[    5.183663] raid6: sse1x1   gen()  3210 MB/s
[    5.251707] raid6: sse1x2   gen()  4647 MB/s
[    5.319689] raid6: sse2x1   gen()  5879 MB/s
[    5.387701] raid6: sse2x1   xor()  5761 MB/s
[    5.455702] raid6: sse2x2   gen()  8390 MB/s
[    5.523646] raid6: sse2x2   xor()  5516 MB/s
[    5.591630] raid6: avx2x1   gen() 14168 MB/s
[    5.659636] raid6: avx2x2   gen() 16130 MB/s
[    5.660703] raid6: using algorithm avx2x2 gen() 16130 MB/s
[    5.661912] raid6: using avx2x1 recovery algorithm
[    5.667835] xor: automatically using best checksumming function:
[    5.717847]    avx       : 47261.000 MB/sec
[    5.723067] async_tx: api initialized (async)
[    5.750716] md: raid6 personality registered for level 6
[    5.752543] md: raid5 personality registered for level 5
[    5.753977] md: raid4 personality registered for level 4
[    5.768442] md: raid10 personality registered for level 10
done.
Begin: Running /scripts/init-premount ... done.
Begin: Mounting root file system ... Begin: Running /scripts/local-top ... done.
Begin: Running /scripts/local-premount ... [    5.824069] Btrfs loaded
Scanning for Btrfs filesystems
done.
Warning: fsck not present, so skipping root file system
[    5.946550] EXT4-fs (sda1): INFO: recovery required on readonly filesystem
[    5.948305] EXT4-fs (sda1): write access will be enabled during recovery
[    6.456041] EXT4-fs (sda1): orphan cleanup on readonly fs
[    6.457360] EXT4-fs (sda1): 5 orphan inodes deleted
[    6.458595] EXT4-fs (sda1): recovery complete
[    6.460794] EXT4-fs (sda1): mounted filesystem with ordered data mode. Opts: (null)
done.
Begin: Running /scripts/local-bottom ... done.
Begin: Running /scripts/init-bottom ... done.
[    7.065326] random: nonblocking pool is initialized
[    8.027674] systemd[1]: systemd 229 running in system mode. (+PAM +AUDIT +SELINUX +IMA +APPARMOR +SMACK +SYSVINIT +UTMP +LIBCRYPTSETUP +GCRYPT +GNUTLS +ACL +XZ -LZ4 +SECCOMP +BLKID +ELFUTILS +KMOD -IDN)
[    8.035329] systemd[1]: Detected virtualization oracle.
[    8.037027] systemd[1]: Detected architecture x86.

Welcome to [1mUbuntu 16.04.6 LTS[0m!

[    8.067670] systemd[1]: Set hostname to <ubuntu-xenial>.
[    9.574980] systemd[1]: Listening on Syslog Socket.
[[0;32m  OK  [0m] Listening on Syslog Socket.
[    9.578359] systemd[1]: Listening on Journal Audit Socket.
[[0;32m  OK  [0m] Listening on Journal Audit Socket.
[    9.582825] systemd[1]: Created slice System Slice.
[[0;32m  OK  [0m] Created slice System Slice.
[    9.585796] systemd[1]: Listening on udev Control Socket.
[[0;32m  OK  [0m] Listening on udev Control Socket.
[    9.588530] systemd[1]: Reached target Encrypted Volumes.
[[0;32m  OK  [0m] Reached target Encrypted Volumes.
[    9.591779] systemd[1]: Created slice User and Session Slice.
[[0;32m  OK  [0m] Created slice User and Session Slice.
[    9.594732] systemd[1]: Started Trigger resolvconf update for networkd DNS.
[[0;32m  OK  [0m] Started Trigger resolvconf update for networkd DNS.
[    9.607842] systemd[1]: Reached target Slices.
[[0;32m  OK  [0m] Reached target Slices.
[    9.610787] systemd[1]: Set up automount Arbitrary Executable File Formats File System Automount Point.
[[0;32m  OK  [0m] Set up automount Arbitrary Executab...ats File System Automount Point.
[    9.614927] systemd[1]: Reached target User and Group Name Lookups.
[[0;32m  OK  [0m] Reached target User and Group Name Lookups.
[    9.619257] systemd[1]: Created slice system-postgresql.slice.
[[0;32m  OK  [0m] Created slice system-postgresql.slice.
[    9.622879] systemd[1]: Started Forward Password Requests to Wall Directory Watch.
[[0;32m  OK  [0m] Started Forward Password Requests to Wall Directory Watch.
[    9.625642] systemd[1]: Listening on Journal Socket.
[[0;32m  OK  [0m] Listening on Journal Socket.
[    9.640274] systemd[1]: Starting Create list of required static device nodes for the current kernel...
         Starting Create list of required st... nodes for the current kernel...
[    9.646869] systemd[1]: Mounting Huge Pages File System...
         Mounting Huge Pages File System...
[    9.780370] systemd[1]: Starting Load Kernel Modules...
         Starting Load Kernel Modules...
[    9.790338] systemd[1]: Starting Nameserver information manager...
         Starting Nameserver information manager...
[    9.793199] systemd[1]: Reached target System Time Synchronized.
[[0;32m  OK  [0m] Reached target System Time Synchronized.
[    9.798864] systemd[1]: Listening on Device-mapper event daemon FIFOs.
[[0;32m  OK  [0m] Listening on Device-mapper event daemon FIFOs.
[    9.808640] systemd[1]: Starting Uncomplicated firewall...
         Starting Uncomplicated firewall...
[    9.811048] systemd[1]: Listening on Journal Socket (/dev/log).
[[0;32m  OK  [0m] Listening on Journal Socket (/dev/log).
[    9.819533] systemd[1]: Starting Journal Service...
         Starting Journal Service...
[    9.823222] systemd[1]: Starting Set console keymap...
         Starting Set console keymap...
[    9.825583] systemd[1]: Reached target Swap.
[[0;32m  OK  [0m] Reached target Swap.
[    9.827812] systemd[1]: Listening on /dev/initctl Compatibility Named Pipe.
[[0;32m  OK  [0m] Listening on /dev/initctl Compatibility Named Pipe.
[    9.836687] systemd[1]: Mounting POSIX Message Queue File System...
         Mounting POSIX Message Queue File System...
[    9.840000] systemd[1]: Created slice system-serial\x2dgetty.slice.
[[0;32m  OK  [0m] Created slice system-serial\x2dgetty.slice.
[    9.843304] systemd[1]: Starting Remount Root and Kernel File Systems...
         Starting Remount Root and Kernel File Systems...
[    9.959562] systemd[1]: Listening on LVM2 metadata daemon socket.
[[0;32m  OK  [0m] Listening on LVM2 metadata daemon socket.
[    9.975914] systemd[1]: Starting Monitoring of LVM2 mirrors, snapshots etc. using dmeventd or progress polling...
         Starting Monitoring of LVM2 mirrors... dmeventd or progress polling...
[    9.981921] systemd[1]: Listening on udev Kernel Socket.
[[0;32m  OK  [0m] Listening on udev Kernel Socket.
[    9.986206] systemd[1]: Mounting Debug File System...
         Mounting Debug File System...
[    9.988979] systemd[1]: Listening on LVM2 poll daemon socket.
[[0;32m  OK  [0m] Listening on LVM2 poll daemon socket.
[    9.994467] systemd[1]: Started Create list of required static device nodes for the current kernel.
[[0;32m  OK  [0m] Started Create list of required sta...ce nodes for the current kernel.
[   10.003202] systemd[1]: Started Uncomplicated firewall.
[[0;32m  OK  [0m] Started Uncomplicated firewall.
[   10.013892] systemd[1]: Mounted Debug File System.
[   10.017513] EXT4-fs (sda1): re-mounted. Opts: (null)
[[0;32m  OK  [0m] Mounted Debug File System.
[   10.022360] systemd[1]: Mounted POSIX Message Queue File System.
[[0;32m  OK  [0m] Mounted POSIX Message Queue File System.
[   10.027269] systemd[1]: Mounted Huge Pages File System.
[[0;32m  OK  [0m] Mounted Huge Pages File System.
[   10.052913] systemd[1]: Started Remount Root and Kernel File Systems.
[[0;32m  OK  [0m] Started Remount Root and Kernel File Systems.
[   10.127982] systemd[1]: Starting Load/Save Random Seed...
         Starting Load/Save Random Seed...
[   10.176120] systemd[1]: Starting udev Coldplug all Devices...
         Starting udev Coldplug all Devices...
[   10.187750] systemd[1]: Starting Create Static Device Nodes in /dev...
         Starting Create Static Device Nodes in /dev...
[   10.192601] systemd[1]: Started Nameserver information manager.
[[0;32m  OK  [0m] Started Nameserver information manager.
[   10.270287] systemd[1]: Started Load/Save Random Seed.
[[0;32m  OK  [0m] Started Load/Save Random Seed.
[   10.431265] Loading iSCSI transport class v2.0-870.
[   10.552480] systemd[1]: Started Journal Service.
[[0;32m  OK  [0m] Started Journal Service.
         Starting Flush Journal to Persistent Storage...
[   10.621370] iscsi: registered transport (tcp)
[[0;32m  OK  [0m] Started udev Coldplug all Devices.
[[0;32m  OK  [0m] Started Set console keymap.
[   10.739829] systemd-journald[382]: Received request to flush runtime journal from PID 1
[[0;32m  OK  [0m] Started LVM2 metadata daemon.
[[0;32m  OK  [0m] Started Flush Journal to Persistent Storage.
[   10.940124] iscsi: registered transport (iser)
[[0;32m  OK  [0m] Started Load Kernel Modules.
         Mounting FUSE Control File System...
         Starting Apply Kernel Variables...
[[0;32m  OK  [0m] Mounted FUSE Control File System.
[[0;32m  OK  [0m] Started Apply Kernel Variables.
[[0;32m  OK  [0m] Started Create Static Device Nodes in /dev.
         Starting udev Kernel Device Manager...
[[0;32m  OK  [0m] Started Monitoring of LVM2 mirrors,...ng dmeventd or progress polling.
[[0;32m  OK  [0m] Reached target Local File Systems (Pre).
[[0;32m  OK  [0m] Reached target Local File Systems.
         Starting Create Volatile Files and Directories...
         Starting Initial cloud-init job (pre-networking)...
         Starting Tell Plymouth To Write Out Runtime Data...
         Starting Set console font and keymap...
         Starting LSB: AppArmor initialization...
[[0;32m  OK  [0m] Started Create Volatile Files and Directories.
         Starting Update UTMP about System Boot/Shutdown...
[[0;32m  OK  [0m] Started Tell Plymouth To Write Out Runtime Data.
[[0;32m  OK  [0m] Started Update UTMP about System Boot/Shutdown.
[[0;32m  OK  [0m] Started udev Kernel Device Manager.
[[0;32m  OK  [0m] Started Dispatch Password Requests to Console Directory Watch.
[[0;32m  OK  [0m] Started Set console font and keymap.
[[0;32m  OK  [0m] Created slice system-getty.slice.
[[0;32m  OK  [0m] Found device /dev/ttyS0.
[[0;32m  OK  [0m] Listening on Load/Save RF Kill Switch Status /dev/rfkill Watch.
[[0;32m  OK  [0m] Found device 82540EM Gigabit Ethern...r (PRO/1000 MT Desktop Adapter).
[[0;32m  OK  [0m] Started LSB: AppArmor initialization.
[   18.526175] cloud-init[470]: Cloud-init v. 18.4-0ubuntu1~16.04.2 running 'init-local' at Mon, 13 May 2019 20:33:55 +0000. Up 17.77 seconds.
[[0;32m  OK  [0m] Started Initial cloud-init job (pre-networking).
[[0;32m  OK  [0m] Reached target Network (Pre).
         Starting Raise network interfaces...
[[0;32m  OK  [0m] Started ifup for enp0s3.
[[0;32m  OK  [0m] Started Raise network interfaces.
         Starting Initial cloud-init job (metadata service crawler)...
[[0;32m  OK  [0m] Reached target Network.
[   20.346986] cloud-init[976]: Cloud-init v. 18.4-0ubuntu1~16.04.2 running 'init' at Mon, 13 May 2019 20:33:57 +0000. Up 19.53 seconds.
[   20.350608] cloud-init[976]: ci-info: ++++++++++++++++++++++++++++++++++++++Net device info++++++++++++++++++++++++++++++++++++++
[   20.352774] cloud-init[976]: ci-info: +--------+------+----------------------------+---------------+--------+-------------------+
[   20.354977] cloud-init[976]: ci-info: | Device |  Up  |          Address           |      Mask     | Scope  |     Hw-Address    |
[   20.357166] cloud-init[976]: ci-info: +--------+------+----------------------------+---------------+--------+-------------------+
[   20.359500] cloud-init[976]: ci-info: | enp0s3 | True |         10.0.2.15          | 255.255.255.0 | global | 02:93:d9:eb:1f:df |
[   20.361602] cloud-init[976]: ci-info: | enp0s3 | True | fe80::93:d9ff:feeb:1fdf/64 |       .       |  link  | 02:93:d9:eb:1f:df |
[   20.363750] cloud-init[976]: ci-info: |   lo   | True |         127.0.0.1          |   255.0.0.0   |  host  |         .         |
[   20.372536] cloud-init[976]: ci-info: |   lo   | True |          ::1/128           |       .       |  host  |         .         |
[   20.374616] cloud-init[976]: ci-info: +--------+------+----------------------------+---------------+--------+-------------------+
[   20.376742] cloud-init[976]: ci-info: +++++++++++++++++++++++++++Route IPv4 info++++++++++++++++++++++++++++
[   20.378899] cloud-init[976]: ci-info: +-------+-------------+----------+---------------+-----------+-------+
[   20.388174] cloud-init[976]: ci-info: | Route | Destination | Gateway  |    Genmask    | Interface | Flags |
[   20.400044] cloud-init[976]: ci-info: +-------+-------------+----------+---------------+-----------+-------+
[   20.403559] cloud-init[976]: ci-info: |   0   |   0.0.0.0   | 10.0.2.2 |    0.0.0.0    |   enp0s3  |   UG  |
[   20.405698] cloud-init[976]: ci-info: |   1   |   10.0.2.0  | 0.0.0.0  | 255.255.255.0 |   enp0s3  |   U   |
[   20.407677] cloud-init[976]: ci-info: +-------+-------------+----------+---------------+-----------+-------+
[   20.414194] cloud-init[976]: ci-info: +++++++++++++++++++Route IPv6 info+++++++++++++++++++
[   20.417031] cloud-init[976]: ci-info: +-------+-------------+---------+-----------+-------+
[   20.421526] cloud-init[976]: ci-info: | Route | Destination | Gateway | Interface | Flags |
[   20.423450] cloud-init[976]: ci-info: +-------+-------------+---------+-----------+-------+
[   20.428951] cloud-init[976]: ci-info: |   0   |  fe80::/64  |    ::   |   enp0s3  |   U   |
[   20.432875] cloud-init[976]: ci-info: |   3   |   ff00::/8  |    ::   |   enp0s3  |   U   |
[   20.444526] cloud-init[976]: ci-info: +-------+-------------+---------+-----------+-------+
[[0;32m  OK  [0m] Started Initial cloud-init job (metadata service crawler).
[[0;32m  OK  [0m] Reached target Cloud-config availability.
[[0;32m  OK  [0m] Reached target System Initialization.
         Starting LXD - unix socket.
[[0;32m  OK  [0m] Started Daily Cleanup of Temporary Directories.
[[0;32m  OK  [0m] Started Daily apt download activities.
[[0;32m  OK  [0m] Listening on UUID daemon activation socket.
[[0;32m  OK  [0m] Listening on ACPID Listen Socket.
[[0;32m  OK  [0m] Listening on D-Bus System Message Bus Socket.
         Starting Socket activation for snappy daemon.
[[0;32m  OK  [0m] Started Daily apt upgrade and clean activities.
[[0;32m  OK  [0m] Started ACPI Events Check.
[[0;32m  OK  [0m] Reached target Paths.
[[0;32m  OK  [0m] Reached target Timers.
[[0;32m  OK  [0m] Reached target Network is Online.
         Starting iSCSI initiator daemon (iscsid)...
[[0;32m  OK  [0m] Listening on LXD - unix socket.
[[0;32m  OK  [0m] Listening on Socket activation for snappy daemon.
[[0;32m  OK  [0m] Reached target Sockets.
[[0;32m  OK  [0m] Reached target Basic System.
         Starting Accounts Service...
         Starting PostgreSQL Cluster 9.5-main...
         Starting /etc/rc.local Compatibility...
         Starting LSB: Record successful boot for GRUB...
         Starting A high performance web server and a reverse proxy server...
[[0;32m  OK  [0m] Started D-Bus System Message Bus.
[[0;32m  OK  [0m] Started Regular background program processing daemon.
[[0;32m  OK  [0m] Started FUSE filesystem for LXC.
[[0;32m  OK  [0m] Started ACPI event daemon.
         Starting OpenBSD Secure Shell server...
         Starting System Logging Service...
[[0;32m  OK  [0m] Started Deferred execution scheduler.
         Starting PostgreSQL Cluster 10-main...
         Starting Virtualbox guest utils...
         Starting Snappy daemon...
         Starting LSB: MD monitoring daemon...
[[0;32m  OK  [0m] Started Unattended Upgrades Shutdown.
         Starting MySQL Community Server...
         Starting Login Service...
         Starting LXD - container startup/shutdown...
[[0;32m  OK  [0m] Started /etc/rc.local Compatibility.
[[0;32m  OK  [0m] Started iSCSI initiator daemon (iscsid).
         Starting Login to default iSCSI targets...
         Starting Authenticate and Authorize Users to Run Privileged Tasks...
[[0;32m  OK  [0m] Started Login Service.
[[0;32m  OK  [0m] Started LSB: Record successful boot for GRUB.
[[0;32m  OK  [0m] Started LSB: MD monitoring daemon.
[[0;32m  OK  [0m] Started Login to default iSCSI targets.
[[0;32m  OK  [0m] Reached target Remote File Systems (Pre).
[[0;32m  OK  [0m] Reached target Remote File Systems.
         Starting Permit User Sessions...
         Starting LSB: daemon to balance interrupts for SMP systems...
         Starting LSB: Set the CPU Frequency Scaling governor to "ondemand"...
         Starting LSB: automatic crash report generation...
         Starting LSB: Start/stop sysstat's sadc...
[[0;32m  OK  [0m] Started System Logging Service.
[[0;32m  OK  [0m] Started LSB: Set the CPU Frequency Scaling governor to "ondemand".
[[0;32m  OK  [0m] Started Permit User Sessions.
         Starting Terminate Plymouth Boot Screen...
         Starting Hold until boot process finishes up...
[[0;32m  OK  [0m] Started Hold until boot process finishes up.
[[0;32m  OK  [0m] Started Terminate Plymouth Boot Screen.
[[0;32m  OK  [0m] Started Serial Getty on ttyS0.
         Starting Set console scheme...
[[0;32m  OK  [0m] Started Getty on tty1.
[[0;32m  OK  [0m] Reached target Login Prompts.
[[0;32m  OK  [0m] Started LSB: Start/stop sysstat's sadc.
[[0;32m  OK  [0m] Started LSB: automatic crash report generation.
[[0;32m  OK  [0m] Started Set console scheme.
[[0;32m  OK  [0m] Started LSB: daemon to balance interrupts for SMP systems.
[[0;32m  OK  [0m] Started Authenticate and Authorize Users to Run Privileged Tasks.
[[0;32m  OK  [0m] Started Accounts Service.
[[0;32m  OK  [0m] Started OpenBSD Secure Shell server.
[[0;32m  OK  [0m] Started Virtualbox guest utils.
[[0;32m  OK  [0m] Started A high performance web server and a reverse proxy server.
[[0;32m  OK  [0m] Started LXD - container startup/shutdown.

Ubuntu 16.04.6 LTS ubuntu-xenial ttyS0

ubuntu-xenial login: [   30.669486] cloud-init[1289]: Cloud-init v. 18.4-0ubuntu1~16.04.2 running 'modules:config' at Mon, 13 May 2019 20:34:07 +0000. Up 29.75 seconds.
[   38.728276] cloud-init[1895]: Cloud-init v. 18.4-0ubuntu1~16.04.2 running 'modules:final' at Mon, 13 May 2019 20:34:16 +0000. Up 38.45 seconds.
[   38.728851] cloud-init[1895]: Cloud-init v. 18.4-0ubuntu1~16.04.2 finished at Mon, 13 May 2019 20:34:16 +0000. Datasource DataSourceNoCloud [seed=/dev/sdb][dsmode=net].  Up 38.72 seconds
[[0;32m  OK  [0m] Started ACPI event daemon.
[[0;32m  OK  [0m] Started ACPI event daemon.
         Starting PostgreSQL Cluster 9.5-main...
[[0;32m  OK  [0m] Started PostgreSQL Cluster 9.5-main.
[[0;32m  OK  [0m] Started PostgreSQL RDBMS.
[[0;32m  OK  [0m] Started Daily apt upgrade and clean activities.
