[    0.000000] Initializing cgroup subsys cpuset
[    0.000000] Initializing cgroup subsys cpu
[    0.000000] Initializing cgroup subsys cpuacct
[    0.000000] Linux version 4.4.0-142-generic (buildd@lcy01-amd64-022) (gcc version 5.4.0 20160609 (Ubuntu 5.4.0-6ubuntu1~16.04.10) ) #168-Ubuntu SMP Wed Jan 16 21:01:15 UTC 2019 (Ubuntu 4.4.0-142.168-generic 4.4.167)
[    0.000000] KERNEL supported cpus:
[    0.000000]   Intel GenuineIntel
[    0.000000]   AMD AuthenticAMD
[    0.000000]   NSC Geode by NSC
[    0.000000]   Cyrix CyrixInstead
[    0.000000]   Centaur CentaurHauls
[    0.000000]   Transmeta GenuineTMx86
[    0.000000]   Transmeta TransmetaCPU
[    0.000000]   UMC UMC UMC UMC
[    0.000000] x86/fpu: xstate_offset[2]:  576, xstate_sizes[2]:  256
[    0.000000] x86/fpu: Supporting XSAVE feature 0x01: 'x87 floating point registers'
[    0.000000] x86/fpu: Supporting XSAVE feature 0x02: 'SSE registers'
[    0.000000] x86/fpu: Supporting XSAVE feature 0x04: 'AVX registers'
[    0.000000] x86/fpu: Enabled xstate features 0x7, context size is 832 bytes, using 'standard' format.
[    0.000000] e820: BIOS-provided physical RAM map:
[    0.000000] BIOS-e820: [mem 0x0000000000000000-0x000000000009fbff] usable
[    0.000000] BIOS-e820: [mem 0x000000000009fc00-0x000000000009ffff] reserved
[    0.000000] BIOS-e820: [mem 0x00000000000f0000-0x00000000000fffff] reserved
[    0.000000] BIOS-e820: [mem 0x0000000000100000-0x000000003ffeffff] usable
[    0.000000] BIOS-e820: [mem 0x000000003fff0000-0x000000003fffffff] ACPI data
[    0.000000] BIOS-e820: [mem 0x00000000fec00000-0x00000000fec00fff] reserved
[    0.000000] BIOS-e820: [mem 0x00000000fee00000-0x00000000fee00fff] reserved
[    0.000000] BIOS-e820: [mem 0x00000000fffc0000-0x00000000ffffffff] reserved
[    0.000000] NX (Execute Disable) protection: active
[    0.000000] SMBIOS 2.5 present.
[    0.000000] Hypervisor detected: KVM
[    0.000000] e820: last_pfn = 0x3fff0 max_arch_pfn = 0x1000000
[    0.000000] MTRR: Disabled
[    0.000000] x86/PAT: MTRRs disabled, skipping PAT initialization too.
[    0.000000] CPU MTRRs all blank - virtualized system.
[    0.000000] x86/PAT: Configuration [0-7]: WB  WT  UC- UC  WB  WT  UC- UC  
[    0.000000] found SMP MP-table at [mem 0x0009fff0-0x0009ffff] mapped at [c009fff0]
[    0.000000] Scanning 1 areas for low memory corruption
[    0.000000] RAMDISK: [mem 0x36318000-0x37183fff]
[    0.000000] ACPI: Early table checksum verification disabled
[    0.000000] ACPI: RSDP 0x00000000000E0000 000024 (v02 VBOX  )
[    0.000000] ACPI: XSDT 0x000000003FFF0030 00003C (v01 VBOX   VBOXXSDT 00000001 ASL  00000061)
[    0.000000] ACPI: FACP 0x000000003FFF00F0 0000F4 (v04 VBOX   VBOXFACP 00000001 ASL  00000061)
[    0.000000] ACPI: DSDT 0x000000003FFF0470 0022EA (v02 VBOX   VBOXBIOS 00000002 INTL 20180105)
[    0.000000] ACPI: FACS 0x000000003FFF0200 000040
[    0.000000] ACPI: FACS 0x000000003FFF0200 000040
[    0.000000] ACPI: APIC 0x000000003FFF0240 00005C (v02 VBOX   VBOXAPIC 00000001 ASL  00000061)
[    0.000000] ACPI: SSDT 0x000000003FFF02A0 0001CC (v01 VBOX   VBOXCPUT 00000002 INTL 20180105)
[    0.000000] 131MB HIGHMEM available.
[    0.000000] 891MB LOWMEM available.
[    0.000000]   mapped low ram: 0 - 37bfe000
[    0.000000]   low ram: 0 - 37bfe000
[    0.000000] kvm-clock: Using msrs 4b564d01 and 4b564d00
[    0.000000] kvm-clock: cpu 0, msr 0:37bfd001, primary cpu clock
[    0.000000] kvm-clock: using sched offset of 3595896981 cycles
[    0.000000] clocksource: kvm-clock: mask: 0xffffffffffffffff max_cycles: 0x1cd42e4dffb, max_idle_ns: 881590591483 ns
[    0.000000] Zone ranges:
[    0.000000]   DMA      [mem 0x0000000000001000-0x0000000000ffffff]
[    0.000000]   Normal   [mem 0x0000000001000000-0x0000000037bfdfff]
[    0.000000]   HighMem  [mem 0x0000000037bfe000-0x000000003ffeffff]
[    0.000000] Movable zone start for each node
[    0.000000] Early memory node ranges
[    0.000000]   node   0: [mem 0x0000000000001000-0x000000000009efff]
[    0.000000]   node   0: [mem 0x0000000000100000-0x000000003ffeffff]
[    0.000000] Initmem setup node 0 [mem 0x0000000000001000-0x000000003ffeffff]
[    0.000000] Using APIC driver default
[    0.000000] ACPI: PM-Timer IO Port: 0x4008
[    0.000000] IOAPIC[0]: apic_id 2, version 32, address 0xfec00000, GSI 0-23
[    0.000000] ACPI: INT_SRC_OVR (bus 0 bus_irq 0 global_irq 2 dfl dfl)
[    0.000000] ACPI: INT_SRC_OVR (bus 0 bus_irq 9 global_irq 9 low level)
[    0.000000] Using ACPI (MADT) for SMP configuration information
[    0.000000] smpboot: Allowing 2 CPUs, 0 hotplug CPUs
[    0.000000] PM: Registered nosave memory: [mem 0x00000000-0x00000fff]
[    0.000000] PM: Registered nosave memory: [mem 0x0009f000-0x0009ffff]
[    0.000000] PM: Registered nosave memory: [mem 0x000a0000-0x000effff]
[    0.000000] PM: Registered nosave memory: [mem 0x000f0000-0x000fffff]
[    0.000000] e820: [mem 0x40000000-0xfebfffff] available for PCI devices
[    0.000000] Booting paravirtualized kernel on KVM
[    0.000000] clocksource: refined-jiffies: mask: 0xffffffff max_cycles: 0xffffffff, max_idle_ns: 7645519600211568 ns
[    0.000000] setup_percpu: NR_CPUS:8 nr_cpumask_bits:8 nr_cpu_ids:2 nr_node_ids:1
[    0.000000] PERCPU: Embedded 19 pages/cpu @f71b0000 s47308 r0 d30516 u77824
[    0.000000] Built 1 zonelists in Zone order, mobility grouping on.  Total pages: 259800
[    0.000000] Kernel command line: BOOT_IMAGE=/boot/vmlinuz-4.4.0-142-generic root=LABEL=cloudimg-rootfs ro console=tty1 console=ttyS0
[    0.000000] PID hash table entries: 4096 (order: 2, 16384 bytes)
[    0.000000] Dentry cache hash table entries: 131072 (order: 7, 524288 bytes)
[    0.000000] Inode-cache hash table entries: 65536 (order: 6, 262144 bytes)
[    0.000000] Initializing CPU#0
[    0.000000] Initializing HighMem for node 0 (00037bfe:0003fff0)
[    0.000000] Initializing Movable for node 0 (00000000:00000000)
[    0.000000] Memory: 1008000K/1048120K available (8094K kernel code, 791K rwdata, 3180K rodata, 932K init, 800K bss, 40120K reserved, 0K cma-reserved, 135112K highmem)
[    0.000000] virtual kernel memory layout:
[    0.000000]     fixmap  : 0xfff15000 - 0xfffff000   ( 936 kB)
[    0.000000]     pkmap   : 0xffc00000 - 0xffe00000   (2048 kB)
[    0.000000]     vmalloc : 0xf83fe000 - 0xffbfe000   ( 120 MB)
[    0.000000]     lowmem  : 0xc0000000 - 0xf7bfe000   ( 891 MB)
[    0.000000]       .init : 0xc1bcc000 - 0xc1cb5000   ( 932 kB)
[    0.000000]       .data : 0xc17e7e54 - 0xc1bcad40   (3979 kB)
[    0.000000]       .text : 0xc1000000 - 0xc17e7e54   (8095 kB)
[    0.000000] Checking if this processor honours the WP bit even in supervisor mode...Ok.
[    0.000000] SLUB: HWalign=64, Order=0-3, MinObjects=0, CPUs=2, Nodes=1
[    0.000000] Hierarchical RCU implementation.
[    0.000000] 	Build-time adjustment of leaf fanout to 32.
[    0.000000] 	RCU restricting CPUs from NR_CPUS=8 to nr_cpu_ids=2.
[    0.000000] RCU: Adjusting geometry for rcu_fanout_leaf=32, nr_cpu_ids=2
[    0.000000] NR_IRQS:2304 nr_irqs:440 16
[    0.000000] Console: colour VGA+ 80x25
[    0.000000] console [tty1] enabled
[    0.000000] console [ttyS0] enabled
[    0.000000] allocated 1048576 bytes of page_ext
[    0.000000] tsc: Detected 2194.920 MHz processor
[    0.171576] Calibrating delay loop (skipped) preset value.. 4389.84 BogoMIPS (lpj=8779680)
[    0.173194] pid_max: default: 32768 minimum: 301
[    0.174077] ACPI: Core revision 20150930
[    0.175887] ACPI: 2 ACPI AML tables successfully acquired and loaded
[    0.177136] Security Framework initialized
[    0.177935] Yama: becoming mindful.
[    0.178779] AppArmor: AppArmor initialized
[    0.179858] Mount-cache hash table entries: 2048 (order: 1, 8192 bytes)
[    0.181275] Mountpoint-cache hash table entries: 2048 (order: 1, 8192 bytes)
[    0.182834] Initializing cgroup subsys io
[    0.183791] Initializing cgroup subsys memory
[    0.184752] Initializing cgroup subsys devices
[    0.185722] Initializing cgroup subsys freezer
[    0.186599] Initializing cgroup subsys net_cls
[    0.187477] Initializing cgroup subsys perf_event
[    0.188365] Initializing cgroup subsys net_prio
[    0.189236] Initializing cgroup subsys hugetlb
[    0.190103] Initializing cgroup subsys pids
[    0.193029] mce: CPU supports 0 MCE banks
[    0.193848] Last level iTLB entries: 4KB 64, 2MB 8, 4MB 8
[    0.195699] Last level dTLB entries: 4KB 64, 2MB 0, 4MB 0, 1GB 4
[    0.197736] Spectre V2 : Mitigation: Full generic retpoline
[    0.198833] Spectre V2 : Spectre v2 / SpectreRSB mitigation: Filling RSB on context switch
[    0.200438] Speculative Store Bypass: Vulnerable
[    0.204987] Freeing SMP alternatives memory: 36K
[    0.211369] ftrace: allocating 31552 entries in 62 pages
[    0.276266] smpboot: APIC(0) Converting physical 0 to logical package 0
[    0.277470] smpboot: Max logical packages: 1
[    0.278331] Enabling APIC mode:  Flat.  Using 1 I/O APICs
[    0.280670] ..TIMER: vector=0x30 apic1=0 pin1=2 apic2=-1 pin2=-1
[    0.386780] smpboot: CPU0: Intel(R) Core(TM) i5-5200U CPU @ 2.20GHz (family: 0x6, model: 0x3d, stepping: 0x4)
[    0.389205] Performance Events: unsupported p6 CPU model 61 no PMU driver, software events only.
[    0.400651] KVM setup paravirtual spinlock
[    0.402546] x86: Booting SMP configuration:
[    0.403549] .... node  #0, CPUs:      #1
[1266874886.113654] Initializing CPU#1
[    0.405122] kvm-clock: cpu 1, msr 0:37bfd041, secondary cpu clock
[    0.408132] mce: CPU supports 0 MCE banks
[    0.410918] x86: Booted up 1 node, 2 CPUs
[    0.412387] smpboot: Total of 2 processors activated (8779.68 BogoMIPS)
[    0.414389] devtmpfs: initialized
[    0.415558] evm: security.selinux
[    0.416410] evm: security.SMACK64
[    0.417229] evm: security.SMACK64EXEC
[    0.418131] evm: security.SMACK64TRANSMUTE
[    0.419103] evm: security.SMACK64MMAP
[    0.419975] evm: security.ima
[    0.420736] evm: security.capability
[    0.421871] clocksource: jiffies: mask: 0xffffffff max_cycles: 0xffffffff, max_idle_ns: 7645041785100000 ns
[    0.425782] futex hash table entries: 512 (order: 3, 32768 bytes)
[    0.427375] pinctrl core: initialized pinctrl subsystem
[    0.428635] RTC time: 13:42:45, date: 03/08/19
[    0.429803] NET: Registered protocol family 16
[    0.431028] EISA bus registered
[    0.442613] cpuidle: using governor ladder
[    0.454703] cpuidle: using governor menu
[    0.456501] PCCT header not found.
[    0.458306] ACPI: bus type PCI registered
[    0.460213] acpiphp: ACPI Hot Plug PCI Controller Driver version: 0.5
[    0.464318] PCI : PCI BIOS area is rw and x. Use pci=nobios if you want it NX.
[    0.469014] PCI: PCI BIOS revision 2.10 entry at 0xfda26, last bus=0
[    0.470674] PCI: Using configuration type 1 for base access
[    0.484087] ACPI: Added _OSI(Module Device)
[    0.485152] ACPI: Added _OSI(Processor Device)
[    0.486301] ACPI: Added _OSI(3.0 _SCP Extensions)
[    0.487813] ACPI: Added _OSI(Processor Aggregator Device)
[    0.490379] ACPI: Executed 1 blocks of module-level executable AML code
[    0.495045] ACPI: Interpreter enabled
[    0.495996] ACPI: (supports S0 S5)
[    0.496831] ACPI: Using IOAPIC for interrupt routing
[    0.498127] PCI: Using host bridge windows from ACPI; if necessary, use "pci=nocrs" and report a bug
[    0.503809] ACPI: PCI Root Bridge [PCI0] (domain 0000 [bus 00-ff])
[    0.505107] acpi PNP0A03:00: _OSC: OS supports [ASPM ClockPM Segments MSI]
[    0.516909] acpi PNP0A03:00: _OSC: not requesting OS control; OS requires [ExtendedConfig ASPM ClockPM MSI]
[    0.519048] acpi PNP0A03:00: fail to add MMCONFIG information, can't access extended PCI configuration space under this bridge.
[    0.521688] PCI host bridge to bus 0000:00
[    0.522660] pci_bus 0000:00: root bus resource [io  0x0000-0x0cf7 window]
[    0.524053] pci_bus 0000:00: root bus resource [io  0x0d00-0xffff window]
[    0.525439] pci_bus 0000:00: root bus resource [mem 0x000a0000-0x000bffff window]
[    0.527178] pci_bus 0000:00: root bus resource [mem 0x40000000-0xfdffffff window]
[    0.528890] pci_bus 0000:00: root bus resource [bus 00-ff]
[    0.531672] pci 0000:00:01.1: legacy IDE quirk: reg 0x10: [io  0x01f0-0x01f7]
[    0.533120] pci 0000:00:01.1: legacy IDE quirk: reg 0x14: [io  0x03f6]
[    0.534476] pci 0000:00:01.1: legacy IDE quirk: reg 0x18: [io  0x0170-0x0177]
[    0.536098] pci 0000:00:01.1: legacy IDE quirk: reg 0x1c: [io  0x0376]
[    0.561114] pci 0000:00:07.0: quirk: [io  0x4000-0x403f] claimed by PIIX4 ACPI
[    0.563423] pci 0000:00:07.0: quirk: [io  0x4100-0x410f] claimed by PIIX4 SMB
[    0.573115] ACPI: PCI Interrupt Link [LNKA] (IRQs 5 9 10 *11)
[    0.574896] ACPI: PCI Interrupt Link [LNKB] (IRQs 5 9 *10 11)
[    0.576414] ACPI: PCI Interrupt Link [LNKC] (IRQs 5 *9 10 11)
[    0.577957] ACPI: PCI Interrupt Link [LNKD] (IRQs 5 9 10 *11)
[    0.579809] ACPI: Enabled 2 GPEs in block 00 to 07
[    0.581318] vgaarb: setting as boot device: PCI:0000:00:02.0
[    0.582516] vgaarb: device added: PCI:0000:00:02.0,decodes=io+mem,owns=io+mem,locks=none
[    0.584350] vgaarb: loaded
[    0.585075] vgaarb: bridge control possible 0000:00:02.0
[    0.586538] SCSI subsystem initialized
[    0.587600] ACPI: bus type USB registered
[    0.588542] usbcore: registered new interface driver usbfs
[    0.589735] usbcore: registered new interface driver hub
[    0.591007] usbcore: registered new device driver usb
[    0.592440] PCI: Using ACPI for IRQ routing
[    0.593678] NetLabel: Initializing
[    0.594515] NetLabel:  domain hash size = 128
[    0.595521] NetLabel:  protocols = UNLABELED CIPSOv4
[    0.596618] NetLabel:  unlabeled traffic allowed by default
[    0.597999] amd_nb: Cannot enumerate AMD northbridges
[    0.599163] clocksource: Switched to clocksource kvm-clock
[    0.608442] AppArmor: AppArmor Filesystem Enabled
[    0.609579] pnp: PnP ACPI init
[    0.611115] pnp: PnP ACPI: found 3 devices
[    0.612099] PnPBIOS: Disabled by ACPI PNP
[    0.654307] clocksource: acpi_pm: mask: 0xffffff max_cycles: 0xffffff, max_idle_ns: 2085701024 ns
[    0.656368] NET: Registered protocol family 2
[    0.657573] TCP established hash table entries: 8192 (order: 3, 32768 bytes)
[    0.659042] TCP bind hash table entries: 8192 (order: 4, 65536 bytes)
[    0.660416] TCP: Hash tables configured (established 8192 bind 8192)
[    0.661890] UDP hash table entries: 512 (order: 2, 16384 bytes)
[    0.663706] UDP-Lite hash table entries: 512 (order: 2, 16384 bytes)
[    0.665399] NET: Registered protocol family 1
[    0.666641] pci 0000:00:00.0: Limiting direct PCI/PCI transfers
[    0.668224] pci 0000:00:01.0: Activating ISA DMA hang workarounds
[    0.671042] Unpacking initramfs...
[    0.940127] Freeing initrd memory: 14768K
[    0.941280] RAPL PMU detected, API unit is 2^-32 Joules, 4 fixed counters 10737418240 ms ovfl timer
[    0.944986] hw unit of domain pp0-core 2^-0 Joules
[    0.946079] hw unit of domain package 2^-0 Joules
[    0.947183] hw unit of domain dram 2^-0 Joules
[    0.948303] hw unit of domain pp1-gpu 2^-0 Joules
[    0.949435] platform rtc_cmos: registered platform RTC device (no PNP device found)
[    0.951427] Scanning for low memory corruption every 60 seconds
[    0.953209] audit: initializing netlink subsys (disabled)
[    0.954302] audit: type=2000 audit(1552052570.676:1): initialized
[    0.956544] Initialise system trusted keyring
[    0.958544] HugeTLB registered 2 MB page size, pre-allocated 0 pages
[    0.964187] zbud: loaded
[    0.965358] VFS: Disk quotas dquot_6.6.0
[    0.966263] VFS: Dquot-cache hash table entries: 1024 (order 0, 4096 bytes)
[    0.968267] squashfs: version 4.0 (2009/01/31) Phillip Lougher
[    0.970637] fuse init (API version 7.23)
[    0.972425] Key type big_key registered
[    0.973542] Allocating IMA MOK and blacklist keyrings.
[    0.977600] Key type asymmetric registered
[    0.979203] Asymmetric key parser 'x509' registered
[    0.981351] bounce: pool size: 64 pages
[    0.982569] Block layer SCSI generic (bsg) driver version 0.4 loaded (major 249)
[    0.985177] io scheduler noop registered
[    0.986117] io scheduler deadline registered (default)
[    0.987271] io scheduler cfq registered
[    0.988393] pci_hotplug: PCI Hot Plug PCI Core version: 0.5
[    0.989580] pciehp: PCI Express Hot Plug Controller Driver version: 0.4
[    0.991078] ACPI: AC Adapter [AC] (off-line)
[    0.992150] input: Power Button as /devices/LNXSYSTM:00/LNXPWRBN:00/input/input0
[    0.993868] ACPI: Power Button [PWRF]
[    0.994808] input: Sleep Button as /devices/LNXSYSTM:00/LNXSLPBN:00/input/input1
[    0.996829] ACPI: Sleep Button [SLPF]
[    0.998907] ACPI: Battery Slot [BAT0] (battery present)
[    1.000146] GHES: HEST is not enabled!
[    1.001045] isapnp: Scanning for PnP cards...
[    1.003230] Serial: 8250/16550 driver, 32 ports, IRQ sharing enabled
 	
 !"#$%&'()*+,-./0123456789:;<=>?@ABCDEFGHIJKLMNOPQRSTUVWXYZ[\]^_`abcdefghijklmnopqrstuvwxyz{|}~ÄÅÇÉÑÖÜáàâäãåçéèêëíìîïñóòôöõúùûü†°¢£§•¶ß®©™´¨≠ÆØ∞±≤≥¥µ∂∑∏π∫ªºΩæø¿¡¬√ƒ≈∆«»… ÀÃÕŒœ–—“”‘’÷◊ÿŸ⁄€‹›ﬁﬂ‡·‚„‰ÂÊÁËÈÍÎÏÌÓÔÒÚÛÙıˆ˜¯˘˙˚¸˝˛ˇ[    1.027412] 00:02: ttyS0 at I/O 0x3f8 (irq = 4, base_baud = 115200) is a 16550A
[    1.031070] Linux agpgart interface v0.103
[    1.034055] loop: module loaded
[    1.035744] scsi host0: ata_piix
[    1.036781] scsi host1: ata_piix
[    1.037776] ata1: PATA max UDMA/33 cmd 0x1f0 ctl 0x3f6 bmdma 0xd000 irq 14
[    1.039434] ata2: PATA max UDMA/33 cmd 0x170 ctl 0x376 bmdma 0xd008 irq 15
[    1.041570] libphy: Fixed MDIO Bus: probed
[    1.042676] tun: Universal TUN/TAP device driver, 1.6
[    1.043988] tun: (C) 1999-2004 Max Krasnyansky <maxk@qualcomm.com>
[    1.045501] PPP generic driver version 2.4.2
[    1.046712] ehci_hcd: USB 2.0 'Enhanced' Host Controller (EHCI) Driver
[    1.048289] ehci-pci: EHCI PCI platform driver
[    1.049463] ehci-platform: EHCI generic platform driver
[    1.050789] ohci_hcd: USB 1.1 'Open' Host Controller (OHCI) Driver
[    1.052582] ohci-pci: OHCI PCI platform driver
[    1.053763] ohci-platform: OHCI generic platform driver
[    1.055073] uhci_hcd: USB Universal Host Controller Interface driver
[    1.056691] i8042: PNP: PS/2 Controller [PNP0303:PS2K,PNP0f03:PS2M] at 0x60,0x64 irq 1,12
[    1.059459] serio: i8042 KBD port at 0x60,0x64 irq 1
[    1.061871] serio: i8042 AUX port at 0x60,0x64 irq 12
[    1.063407] mousedev: PS/2 mouse device common for all mice
[    1.065125] input: AT Translated Set 2 keyboard as /devices/platform/i8042/serio0/input/input2
[    1.067871] rtc_cmos rtc_cmos: rtc core: registered rtc_cmos as rtc0
[    1.069453] rtc_cmos rtc_cmos: alarms up to one day, 114 bytes nvram
[    1.070955] i2c /dev entries driver
[    1.072055] device-mapper: uevent: version 1.0.3
[    1.073324] device-mapper: ioctl: 4.34.0-ioctl (2015-10-28) initialised: dm-devel@redhat.com
[    1.075575] platform eisa.0: Probing EISA bus 0
[    1.076751] platform eisa.0: EISA: Cannot allocate resource for mainboard
[    1.078323] platform eisa.0: Cannot allocate resource for EISA slot 1
[    1.079853] platform eisa.0: Cannot allocate resource for EISA slot 2
[    1.081356] platform eisa.0: Cannot allocate resource for EISA slot 3
[    1.082872] platform eisa.0: Cannot allocate resource for EISA slot 4
[    1.084443] platform eisa.0: Cannot allocate resource for EISA slot 5
[    1.085949] platform eisa.0: Cannot allocate resource for EISA slot 6
[    1.087464] platform eisa.0: Cannot allocate resource for EISA slot 7
[    1.089003] platform eisa.0: Cannot allocate resource for EISA slot 8
[    1.090513] platform eisa.0: EISA: Detected 0 cards
[    1.091754] cpufreq-nforce2: No nForce2 chipset.
[    1.092976] ledtrig-cpu: registered to indicate activity on CPUs
[    1.094770] NET: Registered protocol family 10
[    1.096266] NET: Registered protocol family 17
[    1.097438] Key type dns_resolver registered
[    1.098778] Using IPI No-Shortcut mode
[    1.100016] registered taskstats version 1
[    1.101129] Loading compiled-in X.509 certificates
[    1.106031] Loaded X.509 cert 'Build time autogenerated kernel key: 24992bd15110f060e21faeb1eb50ca0e07d956c4'
[    1.108505] zswap: loaded using pool lzo/zbud
[    1.111630] Key type trusted registered
[    1.116288] Key type encrypted registered
[    1.117403] AppArmor: AppArmor sha1 policy hashing enabled
[    1.118762] ima: No TPM chip found, activating TPM-bypass!
[    1.120161] ima: Allocated hash algorithm: sha1
[    1.121349] evm: HMAC attrs: 0x1
[    1.122569]   Magic number: 11:643:735
[    1.123777] rtc_cmos rtc_cmos: setting system clock to 2019-03-08 13:42:45 UTC (1552052565)
[    1.126034] BIOS EDD facility v0.16 2004-Jun-25, 0 devices found
[    1.127470] EDD information not available.
[    1.359142] isapnp: No Plug & Play device found
[    1.360602] Freeing unused kernel memory: 932K
[    1.371541] Write protecting the kernel text: 8096k
[    1.373227] Write protecting the kernel read-only data: 3188k
[    1.374704] NX-protecting the kernel data: 6240k
Loading, please wait...
starting version 229
[    1.393948] random: systemd-udevd: uninitialized urandom read (16 bytes read, 0 bits of entropy available)
[    1.395392] random: udevadm: uninitialized urandom read (16 bytes read, 0 bits of entropy available)
[    1.399210] random: systemd-udevd: uninitialized urandom read (16 bytes read, 0 bits of entropy available)
[    1.401846] random: systemd-udevd: uninitialized urandom read (16 bytes read, 0 bits of entropy available)
[    1.412335] random: systemd-udevd: uninitialized urandom read (16 bytes read, 0 bits of entropy available)
[    1.412349] random: udevadm: uninitialized urandom read (16 bytes read, 0 bits of entropy available)
[    1.412588] random: udevadm: uninitialized urandom read (16 bytes read, 0 bits of entropy available)
[    1.412859] random: udevadm: uninitialized urandom read (16 bytes read, 0 bits of entropy available)
[    1.412955] random: udevadm: uninitialized urandom read (16 bytes read, 0 bits of entropy available)
[    1.413046] random: udevadm: uninitialized urandom read (16 bytes read, 0 bits of entropy available)
[    1.478550] e1000: Intel(R) PRO/1000 Network Driver - version 7.3.21-k8-NAPI
[    1.480123] e1000: Copyright (c) 1999-2006 Intel Corporation.
[    1.482133] Fusion MPT base driver 3.04.20
[    1.483109] Copyright (c) 1999-2008 LSI Corporation
[    1.496467] Fusion MPT SPI Host driver 3.04.20
[    1.689515] input: ImExPS/2 Generic Explorer Mouse as /devices/platform/i8042/serio1/input/input4
[    1.851301] e1000 0000:00:03.0 eth0: (PCI:33MHz:32-bit) 02:93:d9:eb:1f:df
[    1.853562] e1000 0000:00:03.0 eth0: Intel(R) PRO/1000 Network Connection
[    1.855994] mptbase: ioc0: Initiating bringup
[    1.856302] e1000 0000:00:03.0 enp0s3: renamed from eth0
[    1.930902] ioc0: LSI53C1030 A0: Capabilities={Initiator}
[    1.950116] tsc: Refined TSC clocksource calibration: 2199.243 MHz
[    1.953239] clocksource: tsc: mask: 0xffffffffffffffff max_cycles: 0x1fb367d0ac4, max_idle_ns: 440795262955 ns
[    2.132571] scsi host2: ioc0: LSI53C1030 A0, FwRev=00000000h, Ports=1, MaxQ=256, IRQ=20
[    2.282152] scsi 2:0:0:0: Direct-Access     VBOX     HARDDISK         1.0  PQ: 0 ANSI: 5
[    2.287808] scsi target2:0:0: Beginning Domain Validation
[    2.292693] scsi target2:0:0: Domain Validation skipping write tests
[    2.294949] scsi target2:0:0: Ending Domain Validation
[    2.296271] scsi target2:0:0: asynchronous
[    2.297631] scsi 2:0:1:0: Direct-Access     VBOX     HARDDISK         1.0  PQ: 0 ANSI: 5
[    2.299488] scsi target2:0:1: Beginning Domain Validation
[    2.301452] scsi target2:0:1: Domain Validation skipping write tests
[    2.302801] scsi target2:0:1: Ending Domain Validation
[    2.304058] scsi target2:0:1: asynchronous
[    2.310849] sd 2:0:0:0: Attached scsi generic sg0 type 0
[    2.312114] sd 2:0:0:0: [sda] 20971520 512-byte logical blocks: (10.7 GB/10.0 GiB)
[    2.314332] sd 2:0:1:0: [sdb] 20480 512-byte logical blocks: (10.5 MB/10.0 MiB)
[    2.314547] sd 2:0:1:0: Attached scsi generic sg1 type 0
[    2.314921] sd 2:0:0:0: [sda] Write Protect is off
[    2.315035] sd 2:0:0:0: [sda] Incomplete mode parameter data
[    2.315037] sd 2:0:0:0: [sda] Assuming drive cache: write through
[    2.321268] sd 2:0:1:0: [sdb] Write Protect is off
[    2.322494] sd 2:0:1:0: [sdb] Incomplete mode parameter data
[    2.323719] sd 2:0:1:0: [sdb] Assuming drive cache: write through
[    2.343280]  sda: sda1
[    2.345126] sd 2:0:0:0: [sda] Attached SCSI disk
[    2.371370] sd 2:0:1:0: [sdb] Attached SCSI disk
Begin: Loading essential drivers ... [    3.810743] md: linear personality registered for level -1
[    3.816680] md: multipath personality registered for level -4
[    3.822628] md: raid0 personality registered for level 0
[    3.830828] md: raid1 personality registered for level 1
[    3.907222] raid6: mmxx1    gen()  4430 MB/s
[    3.975235] raid6: mmxx2    gen()  4850 MB/s
[    4.043294] raid6: sse1x1   gen()  3781 MB/s
[    4.111227] raid6: sse1x2   gen()  3499 MB/s
[    4.182633] raid6: sse2x1   gen()  4624 MB/s
[    4.251277] raid6: sse2x1   xor()  4184 MB/s
[    4.319192] raid6: sse2x2   gen()  5840 MB/s
[    4.387226] raid6: sse2x2   xor()  4651 MB/s
[    4.458560] raid6: avx2x1   gen() 13870 MB/s
[    4.527209] raid6: avx2x2   gen() 15634 MB/s
[    4.528261] raid6: using algorithm avx2x2 gen() 15634 MB/s
[    4.529437] raid6: using avx2x1 recovery algorithm
[    4.534279] xor: automatically using best checksumming function:
[    4.587926]    avx       : 57589.000 MB/sec
[    4.591913] async_tx: api initialized (async)
[    4.615027] md: raid6 personality registered for level 6
[    4.616475] md: raid5 personality registered for level 5
[    4.617614] md: raid4 personality registered for level 4
[    4.629912] md: raid10 personality registered for level 10
done.
Begin: Running /scripts/init-premount ... done.
Begin: Mounting root file system ... Begin: Running /scripts/local-top ... done.
Begin: Running /scripts/local-premount ... [    4.677027] Btrfs loaded
Scanning for Btrfs filesystems
done.
Warning: fsck not present, so skipping root file system
[    4.765934] EXT4-fs (sda1): INFO: recovery required on readonly filesystem
[    4.767786] EXT4-fs (sda1): write access will be enabled during recovery
[    5.048551] EXT4-fs (sda1): orphan cleanup on readonly fs
[    5.049618] EXT4-fs (sda1): 5 orphan inodes deleted
[    5.050593] EXT4-fs (sda1): recovery complete
[    5.139529] EXT4-fs (sda1): mounted filesystem with ordered data mode. Opts: (null)
done.
Begin: Running /scripts/local-bottom ... done.
Begin: Running /scripts/init-bottom ... done.
[    5.921780] random: nonblocking pool is initialized
[    6.440145] systemd[1]: systemd 229 running in system mode. (+PAM +AUDIT +SELINUX +IMA +APPARMOR +SMACK +SYSVINIT +UTMP +LIBCRYPTSETUP +GCRYPT +GNUTLS +ACL +XZ -LZ4 +SECCOMP +BLKID +ELFUTILS +KMOD -IDN)
[    6.445413] systemd[1]: Detected virtualization oracle.
[    6.447024] systemd[1]: Detected architecture x86.

Welcome to [1mUbuntu 16.04.6 LTS[0m!

[    6.479476] systemd[1]: Set hostname to <ubuntu-xenial>.
[    7.979064] systemd[1]: Listening on LVM2 metadata daemon socket.
[[0;32m  OK  [0m] Listening on LVM2 metadata daemon socket.
[    7.982756] systemd[1]: Listening on /dev/initctl Compatibility Named Pipe.
[[0;32m  OK  [0m] Listening on /dev/initctl Compatibility Named Pipe.
[    7.986823] systemd[1]: Created slice User and Session Slice.
[[0;32m  OK  [0m] Created slice User and Session Slice.
[    7.995469] systemd[1]: Listening on udev Kernel Socket.
[[0;32m  OK  [0m] Listening on udev Kernel Socket.
[    7.997634] systemd[1]: Listening on LVM2 poll daemon socket.
[[0;32m  OK  [0m] Listening on LVM2 poll daemon socket.
[    8.000334] systemd[1]: Listening on Journal Socket.
[[0;32m  OK  [0m] Listening on Journal Socket.
[    8.002845] systemd[1]: Listening on Journal Socket (/dev/log).
[[0;32m  OK  [0m] Listening on Journal Socket (/dev/log).
[    8.006611] systemd[1]: Listening on Device-mapper event daemon FIFOs.
[[0;32m  OK  [0m] Listening on Device-mapper event daemon FIFOs.
[    8.010270] systemd[1]: Listening on Syslog Socket.
[[0;32m  OK  [0m] Listening on Syslog Socket.
[    8.012499] systemd[1]: Listening on Journal Audit Socket.
[[0;32m  OK  [0m] Listening on Journal Audit Socket.
[    8.015174] systemd[1]: Created slice System Slice.
[[0;32m  OK  [0m] Created slice System Slice.
[    8.017607] systemd[1]: Created slice system-postgresql.slice.
[[0;32m  OK  [0m] Created slice system-postgresql.slice.
[    8.031409] systemd[1]: Mounting Huge Pages File System...
         Mounting Huge Pages File System...
[    8.036456] systemd[1]: Starting Create list of required static device nodes for the current kernel...
         Starting Create list of required st... nodes for the current kernel...
[    8.043251] systemd[1]: Starting Set console keymap...
         Starting Set console keymap...
[    8.046281] systemd[1]: Starting Journal Service...
         Starting Journal Service...
[    8.049034] systemd[1]: Starting Monitoring of LVM2 mirrors, snapshots etc. using dmeventd or progress polling...
         Starting Monitoring of LVM2 mirrors... dmeventd or progress polling...
[    8.053068] systemd[1]: Created slice system-serial\x2dgetty.slice.
[[0;32m  OK  [0m] Created slice system-serial\x2dgetty.slice.
[    8.056652] systemd[1]: Starting Uncomplicated firewall...
         Starting Uncomplicated firewall...
[    8.058801] systemd[1]: Reached target Slices.
[[0;32m  OK  [0m] Reached target Slices.
[    8.062372] systemd[1]: Mounting Debug File System...
         Mounting Debug File System...
[    8.064517] systemd[1]: Listening on udev Control Socket.
[[0;32m  OK  [0m] Listening on udev Control Socket.
[    8.066844] systemd[1]: Reached target System Time Synchronized.
[[0;32m  OK  [0m] Reached target System Time Synchronized.
[    8.070052] systemd[1]: Starting Nameserver information manager...
         Starting Nameserver information manager...
[    8.072743] systemd[1]: Reached target Encrypted Volumes.
[[0;32m  OK  [0m] Reached target Encrypted Volumes.
[    8.075887] systemd[1]: Starting Remount Root and Kernel File Systems...
         Starting Remount Root and Kernel File Systems...
[    8.080186] systemd[1]: Mounting POSIX Message Queue File System...
         Mounting POSIX Message Queue File System...
[    8.083066] systemd[1]: Started Forward Password Requests to Wall Directory Watch.
[[0;32m  OK  [0m] Started Forward Password Requests to Wall Directory Watch.
[    8.085852] systemd[1]: Reached target Swap.
[[0;32m  OK  [0m] Reached target Swap.
[    8.156077] systemd[1]: Starting Load Kernel Modules...
         Starting Load Kernel Modules...
[    8.162688] systemd[1]: Reached target User and Group Name Lookups.
[[0;32m  OK  [0m] Reached target User and Group Name Lookups.
[    8.166063] systemd[1]: Set up automount Arbitrary Executable File Formats File System Automount Point.
[[0;32m  OK  [0m] Set up automount Arbitrary Executab...ats File System Automount Point.
[    8.260509] systemd[1]: Started Trigger resolvconf update for networkd DNS.
[[0;32m  OK  [0m] Started Trigger resolvconf update for networkd DNS.
[    8.281255] systemd[1]: Started Create list of required static device nodes for the current kernel.
[[0;32m  OK  [0m] Started Create list of required sta...ce nodes for the current kernel.
[    8.286798] systemd[1]: Started Uncomplicated firewall.
[[0;32m  OK  [0m] Started Uncomplicated firewall.
[    8.347531] systemd[1]: Starting Create Static Device Nodes in /dev...
         Starting Create Static Device Nodes in /dev...
[    8.520321] Loading iSCSI transport class v2.0-870.
[    8.536822] systemd[1]: Mounted Debug File System.
[    8.539319] EXT4-fs (sda1): re-mounted. Opts: (null)
[[0;32m  OK  [0m] Mounted Debug File System.
[    8.547974] systemd[1]: Mounted Huge Pages File System.
[[0;32m  OK  [0m] Mounted Huge Pages File System.
[    8.549926] systemd[1]: Mounted POSIX Message Queue File System.
[[0;32m  OK  [0m] Mounted POSIX Message Queue File System.
[    8.564946] systemd[1]: Started Remount Root and Kernel File Systems.
[[0;32m  OK  [0m] Started Remount Root and Kernel File Systems.
[    8.607663] systemd[1]: Started LVM2 metadata daemon.
[[0;32m  OK  [0m] Started LVM2 metadata daemon.
[    8.616568] systemd[1]: Starting Load/Save Random Seed...
         Starting Load/Save Random Seed...
[    8.666852] iscsi: registered transport (tcp)
[    8.731625] systemd[1]: Starting udev Coldplug all Devices...
         Starting udev Coldplug all Devices...
[    8.734959] systemd[1]: Started Journal Service.
[[0;32m  OK  [0m] Started Journal Service.
[[0;32m  OK  [0m] Started Nameserver information manager.
         Starting Flush Journal to Persistent Storage...
[[0;32m  OK  [0m] Started Load/Save Random Seed.
[[0;32m  OK  [0m] Started Set console keymap.
[[0;32m  OK  [0m] Started udev Coldplug all Devices.
[    9.007301] systemd-journald[374]: Received request to flush runtime journal from PID 1
[[0;32m  OK  [0m] Started Flush Journal to Persistent Storage.
[    9.137951] iscsi: registered transport (iser)
[[0;32m  OK  [0m] Started Load Kernel Modules.
         Starting Apply Kernel Variables...
         Mounting FUSE Control File System...
[[0;32m  OK  [0m] Mounted FUSE Control File System.
[[0;32m  OK  [0m] Started Monitoring of LVM2 mirrors,...ng dmeventd or progress polling.
[[0;32m  OK  [0m] Started Create Static Device Nodes in /dev.
[[0;32m  OK  [0m] Started Apply Kernel Variables.
         Starting udev Kernel Device Manager...
[[0;32m  OK  [0m] Reached target Local File Systems (Pre).
[[0;32m  OK  [0m] Reached target Local File Systems.
         Starting Tell Plymouth To Write Out Runtime Data...
         Starting Create Volatile Files and Directories...
         Starting Initial cloud-init job (pre-networking)...
         Starting Set console font and keymap...
         Starting LSB: AppArmor initialization...
[[0;32m  OK  [0m] Started Create Volatile Files and Directories.
         Starting Update UTMP about System Boot/Shutdown...
[[0;32m  OK  [0m] Started Tell Plymouth To Write Out Runtime Data.
[[0;32m  OK  [0m] Started Update UTMP about System Boot/Shutdown.
[[0;32m  OK  [0m] Started udev Kernel Device Manager.
[[0;32m  OK  [0m] Started Dispatch Password Requests to Console Directory Watch.
[[0;32m  OK  [0m] Started Set console font and keymap.
[[0;32m  OK  [0m] Created slice system-getty.slice.
[[0;32m  OK  [0m] Found device /dev/ttyS0.
[[0;32m  OK  [0m] Listening on Load/Save RF Kill Switch Status /dev/rfkill Watch.
[[0;32m  OK  [0m] Found device 82540EM Gigabit Ethern...r (PRO/1000 MT Desktop Adapter).
[[0;32m  OK  [0m] Started LSB: AppArmor initialization.
[   16.085090] cloud-init[472]: Cloud-init v. 18.4-0ubuntu1~16.04.2 running 'init-local' at Fri, 08 Mar 2019 13:43:00 +0000. Up 15.39 seconds.
[[0;32m  OK  [0m] Started Initial cloud-init job (pre-networking).
[[0;32m  OK  [0m] Reached target Network (Pre).
         Starting Raise network interfaces...
[[0;32m  OK  [0m] Started ifup for enp0s3.
[[0;32m  OK  [0m] Started Raise network interfaces.
         Starting Initial cloud-init job (metadata service crawler)...
[[0;32m  OK  [0m] Reached target Network.
[   17.566701] cloud-init[966]: Cloud-init v. 18.4-0ubuntu1~16.04.2 running 'init' at Fri, 08 Mar 2019 13:43:01 +0000. Up 16.84 seconds.
[   17.570870] cloud-init[966]: ci-info: ++++++++++++++++++++++++++++++++++++++Net device info++++++++++++++++++++++++++++++++++++++
[   17.574631] cloud-init[966]: ci-info: +--------+------+----------------------------+---------------+--------+-------------------+
[   17.577358] cloud-init[966]: ci-info: | Device |  Up  |          Address           |      Mask     | Scope  |     Hw-Address    |
[   17.579733] cloud-init[966]: ci-info: +--------+------+----------------------------+---------------+--------+-------------------+
[   17.581748] cloud-init[966]: ci-info: | enp0s3 | True |         10.0.2.15          | 255.255.255.0 | global | 02:93:d9:eb:1f:df |
[   17.588475] cloud-init[966]: ci-info: | enp0s3 | True | fe80::93:d9ff:feeb:1fdf/64 |       .       |  link  | 02:93:d9:eb:1f:df |
[   17.596530] cloud-init[966]: ci-info: |   lo   | True |         127.0.0.1          |   255.0.0.0   |  host  |         .         |
[   17.598569] cloud-init[966]: ci-info: |   lo   | True |          ::1/128           |       .       |  host  |         .         |
[   17.600740] cloud-init[966]: ci-info: +--------+------+----------------------------+---------------+--------+-------------------+
[   17.602784] cloud-init[966]: ci-info: +++++++++++++++++++++++++++Route IPv4 info++++++++++++++++++++++++++++
[   17.604664] cloud-init[966]: ci-info: +-------+-------------+----------+---------------+-----------+-------+
[   17.606479] cloud-init[966]: ci-info: | Route | Destination | Gateway  |    Genmask    | Interface | Flags |
[   17.608331] cloud-init[966]: ci-info: +-------+-------------+----------+---------------+-----------+-------+
[   17.610197] cloud-init[966]: ci-info: |   0   |   0.0.0.0   | 10.0.2.2 |    0.0.0.0    |   enp0s3  |   UG  |
[   17.612335] cloud-init[966]: ci-info: |   1   |   10.0.2.0  | 0.0.0.0  | 255.255.255.0 |   enp0s3  |   U   |
[   17.614883] cloud-init[966]: ci-info: +-------+-------------+----------+---------------+-----------+-------+
[   17.616916] cloud-init[966]: ci-info: +++++++++++++++++++Route IPv6 info+++++++++++++++++++
[   17.618534] cloud-init[966]: ci-info: +-------+-------------+---------+-----------+-------+
[   17.620124] cloud-init[966]: ci-info: | Route | Destination | Gateway | Interface | Flags |
[   17.621836] cloud-init[966]: ci-info: +-------+-------------+---------+-----------+-------+
[   17.623493] cloud-init[966]: ci-info: |   0   |  fe80::/64  |    ::   |   enp0s3  |   U   |
[   17.625132] cloud-init[[0;32m  OK  [0m] Started Initial cloud-init job (metadata service crawler).
[[0;32m  OK  [0m] Reached target System Initialization.
[966]: ci-info: |   3   |   ff00::/8  |    ::   |   enp0s3  |   U   |
[   17.629329] cloud-init[966]: ci-info: +-------+-------------+---------+-----------+-------+
[[0;32m  OK  [0m] Started Daily apt download activities.
[[0;32m  OK  [0m] Listening on UUID daemon activation socket.
[[0;32m  OK  [0m] Listening on D-Bus System Message Bus Socket.
[[0;32m  OK  [0m] Listening on ACPID Listen Socket.
         Starting Socket activation for snappy daemon.
[[0;32m  OK  [0m] Started Daily Cleanup of Temporary Directories.
         Starting LXD - unix socket.
[[0;32m  OK  [0m] Started Daily apt upgrade and clean activities.
[[0;32m  OK  [0m] Started ACPI Events Check.
[[0;32m  OK  [0m] Reached target Paths.
[[0;32m  OK  [0m] Reached target Timers.
[[0;32m  OK  [0m] Reached target Cloud-config availability.
[[0;32m  OK  [0m] Reached target Network is Online.
         Starting iSCSI initiator daemon (iscsid)...
[[0;32m  OK  [0m] Listening on Socket activation for snappy daemon.
[[0;32m  OK  [0m] Listening on LXD - unix socket.
[[0;32m  OK  [0m] Reached target Sockets.
[[0;32m  OK  [0m] Reached target Basic System.
         Starting Login Service...
         Starting LXD - container startup/shutdown...
[[0;32m  OK  [0m] Started Regular background program processing daemon.
         Starting A high performance web server and a reverse proxy server...
         Starting Virtualbox guest utils...
         Starting LSB: Record successful boot for GRUB...
         Starting MySQL Community Server...
         Starting LSB: MD monitoring daemon...
[[0;32m  OK  [0m] Started FUSE filesystem for LXC.
         Starting Accounts Service...
[[0;32m  OK  [0m] Started D-Bus System Message Bus.
         Starting PostgreSQL Cluster 9.5-main...
         Starting System Logging Service...
         Starting PostgreSQL Cluster 10-main...
[[0;32m  OK  [0m] Started Unattended Upgrades Shutdown.
[[0;32m  OK  [0m] Started Deferred execution scheduler.
         Starting Snappy daemon...
         Starting OpenBSD Secure Shell server...
[[0;32m  OK  [0m] Started ACPI event daemon.
         Starting /etc/rc.local Compatibility...
[[0;32m  OK  [0m] Started /etc/rc.local Compatibility.
[[0;32m  OK  [0m] Started iSCSI initiator daemon (iscsid).
         Starting Login to default iSCSI targets...
[[0;32m  OK  [0m] Started Login Service.
[[0;32m  OK  [0m] Started LSB: Record successful boot for GRUB.
         Starting Authenticate and Authorize Users to Run Privileged Tasks...
[[0;32m  OK  [0m] Started LSB: MD monitoring daemon.
[[0;32m  OK  [0m] Started System Logging Service.
[[0;32m  OK  [0m] Started Login to default iSCSI targets.
[[0;32m  OK  [0m] Reached target Remote File Systems (Pre).
[[0;32m  OK  [0m] Reached target Remote File Systems.
         Starting Permit User Sessions...
         Starting LSB: automatic crash report generation...
         Starting LSB: daemon to balance interrupts for SMP systems...
         Starting LSB: Start/stop sysstat's sadc...
         Starting LSB: Set the CPU Frequency Scaling governor to "ondemand"...
[[0;32m  OK  [0m] Started Permit User Sessions.
[[0;32m  OK  [0m] Started LSB: Set the CPU Frequency Scaling governor to "ondemand".
         Starting Hold until boot process finishes up...
         Starting Terminate Plymouth Boot Screen...
[[0;32m  OK  [0m] Started Hold until boot process finishes up.
[[0;32m  OK  [0m] Started Terminate Plymouth Boot Screen.
[[0;32m  OK  [0m] Started Getty on tty1.
         Starting Set console scheme...
[[0;32m  OK  [0m] Started Serial Getty on ttyS0.
[[0;32m  OK  [0m] Reached target Login Prompts.
[[0;32m  OK  [0m] Started LSB: daemon to balance interrupts for SMP systems.
[[0;32m  OK  [0m] Started LSB: Start/stop sysstat's sadc.
[[0;32m  OK  [0m] Started Set console scheme.
[[0;32m  OK  [0m] Started OpenBSD Secure Shell server.
[[0;32m  OK  [0m] Started LSB: automatic crash report generation.
[[0;32m  OK  [0m] Started Authenticate and Authorize Users to Run Privileged Tasks.
[[0;32m  OK  [0m] Started Accounts Service.
[[0;32m  OK  [0m] Started Virtualbox guest utils.
[[0;32m  OK  [0m] Started A high performance web server and a reverse proxy server.
[[0;32m  OK  [0m] Started LXD - container startup/shutdown.
[[0;32m  OK  [0m] Created slice User Slice of vagrant.
         Starting User Manager for UID 1000...
[[0;32m  OK  [0m] Started Session 1 of user vagrant.
[[0;32m  OK  [0m] Started User Manager for UID 1000.
[[0;32m  OK  [0m] Started Snappy daemon.
         Starting Wait until snapd is fully seeded...
[[0;32m  OK  [0m] Started Wait until snapd is fully seeded.
         Starting Apply the settings specified in cloud-config...
[   26.551109] cloud-init[1319]: Cloud-init v. 18.4-0ubuntu1~16.04.2 running 'modules:config' at Fri, 08 Mar 2019 13:43:10 +0000. Up 25.42 seconds.

Ubuntu 16.04.6 LTS ubuntu-xenial ttyS0

ubuntu-xenial login: [   34.019664] cloud-init[2383]: Cloud-init v. 18.4-0ubuntu1~16.04.2 running 'modules:final' at Fri, 08 Mar 2019 13:43:18 +0000. Up 33.84 seconds.
[   34.022187] cloud-init[2383]: Cloud-init v. 18.4-0ubuntu1~16.04.2 finished at Fri, 08 Mar 2019 13:43:18 +0000. Datasource DataSourceNoCloud [seed=/dev/sdb][dsmode=net].  Up 34.01 seconds
